
> frontend@0.0.0 test
> jest --transformIgnorePatterns "node_modules/(?!@testing-library)"

FAIL src/Pages/__tests__/PatientRegister.test.jsx
  ● Test suite failed to run

    Jest encountered an unexpected token

    Jest failed to parse a file. This happens e.g. when your code or its dependencies use non-standard JavaScript syntax, or when Jest is not configured to support such syntax.

    Out of the box Jest supports Babel, which will be used to transform your files into valid JS based on your Babel configuration.

    By default "node_modules" folder is ignored by transformers.

    Here's what you can do:
     • If you are trying to use ECMAScript Modules, see https://jestjs.io/docs/ecmascript-modules for how to enable it.
     • If you are trying to use TypeScript, see https://jestjs.io/docs/getting-started#using-typescript
     • To have some of your "node_modules" files transformed, you can specify a custom "transformIgnorePatterns" in your config.
     • If you need a custom transformation, specify a "transform" option in your config.
     • If you simply want to mock your non-JS modules (e.g. binary assets) you can stub them out with the "moduleNameMapper" config option.

    You'll find more details and examples of these config options in the docs:
    https://jestjs.io/docs/configuration
    For information about custom transformations, see:
    https://jestjs.io/docs/code-transformation

    Details:

    D:\BloodDonation\frontend\src\lib\api.js:16
    var API_URL = import.meta.env.VITE_API_URL || import.meta.env.VITE_API_BASE_URL || 'http://localhost:3000';
                         ^^^^

    SyntaxError: Cannot use 'import.meta' outside a module

    [0m [90m 1 |[39m [36mimport[39m [33mReact[39m[33m,[39m { useState } [36mfrom[39m [32m'react'[39m[33m;[39m
     [90m 2 |[39m [36mimport[39m { useNavigate } [36mfrom[39m [32m'react-router-dom'[39m[33m;[39m
    [31m[1m>[22m[39m[90m 3 |[39m [36mimport[39m api [36mfrom[39m [32m'../lib/api'[39m[33m;[39m
     [90m   |[39m [31m[1m^[22m[39m
     [90m 4 |[39m [36mimport[39m [33mLayout[39m [36mfrom[39m [32m'../components/Layout'[39m[33m;[39m
     [90m 5 |[39m
     [90m 6 |[39m [36mconst[39m [33mBLOOD_GROUPS[39m [33m=[39m [[32m'A+'[39m[33m,[39m [32m'A-'[39m[33m,[39m [32m'B+'[39m[33m,[39m [32m'B-'[39m[33m,[39m [32m'AB+'[39m[33m,[39m [32m'AB-'[39m[33m,[39m [32m'O+'[39m[33m,[39m [32m'O-'[39m][33m;[39m[0m

      at Runtime.createScriptFromCode (node_modules/jest-runtime/build/index.js:1318:40)
      at Object.require (src/Pages/PatientRegister.jsx:3:1)
      at Object.require (src/Pages/__tests__/PatientRegister.test.jsx:3:1)

FAIL src/Pages/__tests__/DonorDashboard.test.jsx
  ● Test suite failed to run

    Jest encountered an unexpected token

    Jest failed to parse a file. This happens e.g. when your code or its dependencies use non-standard JavaScript syntax, or when Jest is not configured to support such syntax.

    Out of the box Jest supports Babel, which will be used to transform your files into valid JS based on your Babel configuration.

    By default "node_modules" folder is ignored by transformers.

    Here's what you can do:
     • If you are trying to use ECMAScript Modules, see https://jestjs.io/docs/ecmascript-modules for how to enable it.
     • If you are trying to use TypeScript, see https://jestjs.io/docs/getting-started#using-typescript
     • To have some of your "node_modules" files transformed, you can specify a custom "transformIgnorePatterns" in your config.
     • If you need a custom transformation, specify a "transform" option in your config.
     • If you simply want to mock your non-JS modules (e.g. binary assets) you can stub them out with the "moduleNameMapper" config option.

    You'll find more details and examples of these config options in the docs:
    https://jestjs.io/docs/configuration
    For information about custom transformations, see:
    https://jestjs.io/docs/code-transformation

    Details:

    D:\BloodDonation\frontend\src\lib\api.js:16
    var API_URL = import.meta.env.VITE_API_URL || import.meta.env.VITE_API_BASE_URL || 'http://localhost:3000';
                         ^^^^

    SyntaxError: Cannot use 'import.meta' outside a module

    [0m [90m 1 |[39m [36mimport[39m [33mReact[39m[33m,[39m { useState[33m,[39m useEffect } [36mfrom[39m [32m'react'[39m[33m;[39m
    [31m[1m>[22m[39m[90m 2 |[39m [36mimport[39m api [36mfrom[39m [32m'../lib/api'[39m[33m;[39m
     [90m   |[39m [31m[1m^[22m[39m
     [90m 3 |[39m [36mimport[39m [33mLayout[39m [36mfrom[39m [32m'../components/Layout'[39m[33m;[39m
     [90m 4 |[39m
     [90m 5 |[39m [36mexport[39m [36mdefault[39m [36mfunction[39m [33mDonorDashboard[39m() {[0m

      at Runtime.createScriptFromCode (node_modules/jest-runtime/build/index.js:1318:40)
      at Object.require (src/Pages/DonorDashboard.jsx:2:1)
      at Object.require (src/Pages/__tests__/DonorDashboard.test.jsx:3:1)

FAIL tests/playwright/auth.spec.js
  ● Test suite failed to run

    ReferenceError: TransformStream is not defined

    [0m [90m 1 |[39m [90m// @ts-check[39m
    [31m[1m>[22m[39m[90m 2 |[39m [36mimport[39m { test[33m,[39m expect } [36mfrom[39m [32m'@playwright/test'[39m[33m;[39m
     [90m   |[39m [31m[1m^[22m[39m
     [90m 3 |[39m
     [90m 4 |[39m test[33m.[39mdescribe([32m'Authentication Tests'[39m[33m,[39m () [33m=>[39m {
     [90m 5 |[39m   test[33m.[39mbeforeEach([36masync[39m ({ page }) [33m=>[39m {[0m

      at Object.<anonymous> (node_modules/playwright/lib/mcpBundleImpl.js:17:5390)
      at Object.<anonymous> (node_modules/playwright/lib/mcp/sdk/bundle.js:48:22)
      at Object.<anonymous> (node_modules/playwright/lib/mcp/sdk/proxyBackend.js:35:25)
      at Object.<anonymous> (node_modules/playwright/lib/mcp/sdk/exports.js:19:29)
      at Object.<anonymous> (node_modules/playwright/lib/mcp/test/browserBackend.js:34:19)
      at Object.<anonymous> (node_modules/playwright/lib/index.js:45:29)
      at Object.<anonymous> (node_modules/playwright/test.js:17:13)
      at Object.<anonymous> (node_modules/@playwright/test/index.js:17:18)
      at Object.require (tests/playwright/auth.spec.js:2:1)

FAIL src/Pages/__tests__/LandingPage.test.jsx
  ● Test suite failed to run

    TypeError: Cannot read properties of undefined (reading 'jest')

    [0m [90m  8 |[39m [36mconst[39m mockNavigate [33m=[39m jest[33m.[39mfn()[33m;[39m
     [90m  9 |[39m jest[33m.[39mmock([32m'react-router-dom'[39m[33m,[39m () [33m=>[39m ({
    [31m[1m>[22m[39m[90m 10 |[39m   [33m...[39mjest[33m.[39mrequireActual([32m'react-router-dom'[39m)[33m,[39m
     [90m    |[39m      [31m[1m^[22m[39m
     [90m 11 |[39m   useNavigate[33m:[39m () [33m=>[39m mockNavigate[33m,[39m
     [90m 12 |[39m }))[33m;[39m
     [90m 13 |[39m[0m

      at jest (src/Pages/__tests__/LandingPage.test.jsx:10:6)
      at Object.require (src/Pages/__tests__/LandingPage.test.jsx:3:1)

FAIL tests/playwright/dashboard.spec.js
  ● Test suite failed to run

    ReferenceError: TransformStream is not defined

    [0m [90m 1 |[39m [90m// @ts-check[39m
    [31m[1m>[22m[39m[90m 2 |[39m [36mimport[39m { test[33m,[39m expect } [36mfrom[39m [32m'@playwright/test'[39m[33m;[39m
     [90m   |[39m [31m[1m^[22m[39m
     [90m 3 |[39m
     [90m 4 |[39m [90m/**[39m
     [90m 5 |[39m [90m * Dashboard & User Profile E2E Tests[39m[0m

      at Object.<anonymous> (node_modules/playwright/lib/mcpBundleImpl.js:17:5390)
      at Object.<anonymous> (node_modules/playwright/lib/mcp/sdk/bundle.js:48:22)
      at Object.<anonymous> (node_modules/playwright/lib/mcp/sdk/proxyBackend.js:35:25)
      at Object.<anonymous> (node_modules/playwright/lib/mcp/sdk/exports.js:19:29)
      at Object.<anonymous> (node_modules/playwright/lib/mcp/test/browserBackend.js:34:19)
      at Object.<anonymous> (node_modules/playwright/lib/index.js:45:29)
      at Object.<anonymous> (node_modules/playwright/test.js:17:13)
      at Object.<anonymous> (node_modules/@playwright/test/index.js:17:18)
      at Object.require (tests/playwright/dashboard.spec.js:2:1)

FAIL tests/playwright/blood-donation-flow.spec.js
  ● Test suite failed to run

    ReferenceError: TransformStream is not defined

    [0m [90m 1 |[39m [90m// @ts-check[39m
    [31m[1m>[22m[39m[90m 2 |[39m [36mimport[39m { test[33m,[39m expect } [36mfrom[39m [32m'@playwright/test'[39m[33m;[39m
     [90m   |[39m [31m[1m^[22m[39m
     [90m 3 |[39m
     [90m 4 |[39m [90m/**[39m
     [90m 5 |[39m [90m * Comprehensive E2E Tests for Blood Donation Application[39m[0m

      at Object.<anonymous> (node_modules/playwright/lib/mcpBundleImpl.js:17:5390)
      at Object.<anonymous> (node_modules/playwright/lib/mcp/sdk/bundle.js:48:22)
      at Object.<anonymous> (node_modules/playwright/lib/mcp/sdk/proxyBackend.js:35:25)
      at Object.<anonymous> (node_modules/playwright/lib/mcp/sdk/exports.js:19:29)
      at Object.<anonymous> (node_modules/playwright/lib/mcp/test/browserBackend.js:34:19)
      at Object.<anonymous> (node_modules/playwright/lib/index.js:45:29)
      at Object.<anonymous> (node_modules/playwright/test.js:17:13)
      at Object.<anonymous> (node_modules/@playwright/test/index.js:17:18)
      at Object.require (tests/playwright/blood-donation-flow.spec.js:2:1)

FAIL tests/playwright/donor-find.spec.js
  ● Test suite failed to run

    ReferenceError: TransformStream is not defined

    [0m [90m 1 |[39m [90m// @ts-check[39m
    [31m[1m>[22m[39m[90m 2 |[39m [36mimport[39m { test[33m,[39m expect } [36mfrom[39m [32m'@playwright/test'[39m[33m;[39m
     [90m   |[39m [31m[1m^[22m[39m
     [90m 3 |[39m
     [90m 4 |[39m [90m/**[39m
     [90m 5 |[39m [90m * Donor Find/Search E2E Tests[39m[0m

      at Object.<anonymous> (node_modules/playwright/lib/mcpBundleImpl.js:17:5390)
      at Object.<anonymous> (node_modules/playwright/lib/mcp/sdk/bundle.js:48:22)
      at Object.<anonymous> (node_modules/playwright/lib/mcp/sdk/proxyBackend.js:35:25)
      at Object.<anonymous> (node_modules/playwright/lib/mcp/sdk/exports.js:19:29)
      at Object.<anonymous> (node_modules/playwright/lib/mcp/test/browserBackend.js:34:19)
      at Object.<anonymous> (node_modules/playwright/lib/index.js:45:29)
      at Object.<anonymous> (node_modules/playwright/test.js:17:13)
      at Object.<anonymous> (node_modules/@playwright/test/index.js:17:18)
      at Object.require (tests/playwright/donor-find.spec.js:2:1)

FAIL tests/playwright/taxi-booking.spec.js
  ● Test suite failed to run

    ReferenceError: TransformStream is not defined

    [0m [90m 1 |[39m [90m// @ts-check[39m
    [31m[1m>[22m[39m[90m 2 |[39m [36mimport[39m { test[33m,[39m expect } [36mfrom[39m [32m'@playwright/test'[39m[33m;[39m
     [90m   |[39m [31m[1m^[22m[39m
     [90m 3 |[39m
     [90m 4 |[39m [90m/**[39m
     [90m 5 |[39m [90m * Taxi Booking E2E Tests[39m[0m

      at Object.<anonymous> (node_modules/playwright/lib/mcpBundleImpl.js:17:5390)
      at Object.<anonymous> (node_modules/playwright/lib/mcp/sdk/bundle.js:48:22)
      at Object.<anonymous> (node_modules/playwright/lib/mcp/sdk/proxyBackend.js:35:25)
      at Object.<anonymous> (node_modules/playwright/lib/mcp/sdk/exports.js:19:29)
      at Object.<anonymous> (node_modules/playwright/lib/mcp/test/browserBackend.js:34:19)
      at Object.<anonymous> (node_modules/playwright/lib/index.js:45:29)
      at Object.<anonymous> (node_modules/playwright/test.js:17:13)
      at Object.<anonymous> (node_modules/@playwright/test/index.js:17:18)
      at Object.require (tests/playwright/taxi-booking.spec.js:2:1)

FAIL tests/playwright/donor-request.spec.js
  ● Test suite failed to run

    ReferenceError: TransformStream is not defined

    [0m [90m 1 |[39m [90m// @ts-check[39m
    [31m[1m>[22m[39m[90m 2 |[39m [36mimport[39m { test[33m,[39m expect } [36mfrom[39m [32m'@playwright/test'[39m[33m;[39m
     [90m   |[39m [31m[1m^[22m[39m
     [90m 3 |[39m
     [90m 4 |[39m [90m/**[39m
     [90m 5 |[39m [90m * Donor Request E2E Tests[39m[0m

      at Object.<anonymous> (node_modules/playwright/lib/mcpBundleImpl.js:17:5390)
      at Object.<anonymous> (node_modules/playwright/lib/mcp/sdk/bundle.js:48:22)
      at Object.<anonymous> (node_modules/playwright/lib/mcp/sdk/proxyBackend.js:35:25)
      at Object.<anonymous> (node_modules/playwright/lib/mcp/sdk/exports.js:19:29)
      at Object.<anonymous> (node_modules/playwright/lib/mcp/test/browserBackend.js:34:19)
      at Object.<anonymous> (node_modules/playwright/lib/index.js:45:29)
      at Object.<anonymous> (node_modules/playwright/test.js:17:13)
      at Object.<anonymous> (node_modules/@playwright/test/index.js:17:18)
      at Object.require (tests/playwright/donor-request.spec.js:2:1)

FAIL tests/playwright/auth-integration.spec.js
  ● Test suite failed to run

    ReferenceError: TransformStream is not defined

    [0m [90m 1 |[39m [90m// @ts-check[39m
    [31m[1m>[22m[39m[90m 2 |[39m [36mimport[39m { test[33m,[39m expect } [36mfrom[39m [32m'@playwright/test'[39m[33m;[39m
     [90m   |[39m [31m[1m^[22m[39m
     [90m 3 |[39m
     [90m 4 |[39m test[33m.[39mdescribe([32m'Authentication Integration Tests'[39m[33m,[39m () [33m=>[39m {
     [90m 5 |[39m   test[33m.[39mbeforeEach([36masync[39m ({ page }) [33m=>[39m {[0m

      at Object.<anonymous> (node_modules/playwright/lib/mcpBundleImpl.js:17:5390)
      at Object.<anonymous> (node_modules/playwright/lib/mcp/sdk/bundle.js:48:22)
      at Object.<anonymous> (node_modules/playwright/lib/mcp/sdk/proxyBackend.js:35:25)
      at Object.<anonymous> (node_modules/playwright/lib/mcp/sdk/exports.js:19:29)
      at Object.<anonymous> (node_modules/playwright/lib/mcp/test/browserBackend.js:34:19)
      at Object.<anonymous> (node_modules/playwright/lib/index.js:45:29)
      at Object.<anonymous> (node_modules/playwright/test.js:17:13)
      at Object.<anonymous> (node_modules/@playwright/test/index.js:17:18)
      at Object.require (tests/playwright/auth-integration.spec.js:2:1)

FAIL tests/playwright/slot-booking.spec.js
  ● Test suite failed to run

    ReferenceError: TransformStream is not defined

    [0m [90m 1 |[39m [90m// @ts-check[39m
    [31m[1m>[22m[39m[90m 2 |[39m [36mimport[39m { test[33m,[39m expect } [36mfrom[39m [32m'@playwright/test'[39m[33m;[39m
     [90m   |[39m [31m[1m^[22m[39m
     [90m 3 |[39m
     [90m 4 |[39m [90m/**[39m
     [90m 5 |[39m [90m * Slot Booking E2E Tests[39m[0m

      at Object.<anonymous> (node_modules/playwright/lib/mcpBundleImpl.js:17:5390)
      at Object.<anonymous> (node_modules/playwright/lib/mcp/sdk/bundle.js:48:22)
      at Object.<anonymous> (node_modules/playwright/lib/mcp/sdk/proxyBackend.js:35:25)
      at Object.<anonymous> (node_modules/playwright/lib/mcp/sdk/exports.js:19:29)
      at Object.<anonymous> (node_modules/playwright/lib/mcp/test/browserBackend.js:34:19)
      at Object.<anonymous> (node_modules/playwright/lib/index.js:45:29)
      at Object.<anonymous> (node_modules/playwright/test.js:17:13)
      at Object.<anonymous> (node_modules/@playwright/test/index.js:17:18)
      at Object.require (tests/playwright/slot-booking.spec.js:2:1)

FAIL tests/playwright/firebase-auth.spec.js
  ● Test suite failed to run

    ReferenceError: TransformStream is not defined

    [0m [90m 1 |[39m [90m// @ts-check[39m
    [31m[1m>[22m[39m[90m 2 |[39m [36mimport[39m { test[33m,[39m expect } [36mfrom[39m [32m'@playwright/test'[39m[33m;[39m
     [90m   |[39m [31m[1m^[22m[39m
     [90m 3 |[39m
     [90m 4 |[39m test[33m.[39mdescribe([32m'Firebase Authentication Tests'[39m[33m,[39m () [33m=>[39m {
     [90m 5 |[39m   test[33m.[39mbeforeEach([36masync[39m ({ page }) [33m=>[39m {[0m

      at Object.<anonymous> (node_modules/playwright/lib/mcpBundleImpl.js:17:5390)
      at Object.<anonymous> (node_modules/playwright/lib/mcp/sdk/bundle.js:48:22)
      at Object.<anonymous> (node_modules/playwright/lib/mcp/sdk/proxyBackend.js:35:25)
      at Object.<anonymous> (node_modules/playwright/lib/mcp/sdk/exports.js:19:29)
      at Object.<anonymous> (node_modules/playwright/lib/mcp/test/browserBackend.js:34:19)
      at Object.<anonymous> (node_modules/playwright/lib/index.js:45:29)
      at Object.<anonymous> (node_modules/playwright/test.js:17:13)
      at Object.<anonymous> (node_modules/@playwright/test/index.js:17:18)
      at Object.require (tests/playwright/firebase-auth.spec.js:2:1)

FAIL src/Pages/__tests__/BloodBankLogin.test.jsx
  ● Console

    console.error
      Failed to fetch blood bank details: TypeError: _api.default.get is not a function
          at get (D:\BloodDonation\frontend\src\Pages\BloodBankLogin.jsx:80:44)
          at Generator.call (D:\BloodDonation\frontend\src\Pages\BloodBankLogin.jsx:2:1)
          at Generator._invoke [as next] (D:\BloodDonation\frontend\src\Pages\BloodBankLogin.jsx:2:1)
          at asyncGeneratorStep (D:\BloodDonation\frontend\src\Pages\BloodBankLogin.jsx:2:1)
          at asyncGeneratorStep (D:\BloodDonation\frontend\src\Pages\BloodBankLogin.jsx:2:1)
          at processTicksAndRejections (node:internal/process/task_queues:103:5)

    [0m [90m 106 |[39m             }
     [90m 107 |[39m           } [36mcatch[39m (bloodBankErr) {
    [31m[1m>[22m[39m[90m 108 |[39m             console[33m.[39merror([32m"Failed to fetch blood bank details:"[39m[33m,[39m bloodBankErr)[33m;[39m
     [90m     |[39m                     [31m[1m^[22m[39m
     [90m 109 |[39m             navigate([32m"/bloodbank-register"[39m)[33m;[39m
     [90m 110 |[39m           }
     [90m 111 |[39m         } [36melse[39m {[0m

      at error (src/Pages/BloodBankLogin.jsx:108:21)
      at Generator.call (src/Pages/BloodBankLogin.jsx:2:1)
      at Generator._invoke [as next] (src/Pages/BloodBankLogin.jsx:2:1)
      at asyncGeneratorStep (src/Pages/BloodBankLogin.jsx:2:1)
      at asyncGeneratorStep (src/Pages/BloodBankLogin.jsx:2:1)

    console.error
      Failed to fetch blood bank details: TypeError: _api.default.get is not a function
          at get (D:\BloodDonation\frontend\src\Pages\BloodBankLogin.jsx:153:44)
          at Generator.call (D:\BloodDonation\frontend\src\Pages\BloodBankLogin.jsx:2:1)
          at Generator._invoke [as next] (D:\BloodDonation\frontend\src\Pages\BloodBankLogin.jsx:2:1)
          at asyncGeneratorStep (D:\BloodDonation\frontend\src\Pages\BloodBankLogin.jsx:2:1)
          at asyncGeneratorStep (D:\BloodDonation\frontend\src\Pages\BloodBankLogin.jsx:2:1)

    [0m [90m 179 |[39m             }
     [90m 180 |[39m           } [36mcatch[39m (bloodBankErr) {
    [31m[1m>[22m[39m[90m 181 |[39m             console[33m.[39merror([32m"Failed to fetch blood bank details:"[39m[33m,[39m bloodBankErr)[33m;[39m
     [90m     |[39m                     [31m[1m^[22m[39m
     [90m 182 |[39m             navigate([32m"/bloodbank-register"[39m)[33m;[39m
     [90m 183 |[39m           }
     [90m 184 |[39m         } [36melse[39m {[0m

      at error (src/Pages/BloodBankLogin.jsx:181:21)
      at Generator.call (src/Pages/BloodBankLogin.jsx:2:1)
      at Generator._invoke [as next] (src/Pages/BloodBankLogin.jsx:2:1)
      at asyncGeneratorStep (src/Pages/BloodBankLogin.jsx:2:1)
      at asyncGeneratorStep (src/Pages/BloodBankLogin.jsx:2:1)

    console.error
      Google login error: { response: { data: { message: 'Google login failed on backend' } } }

    [0m [90m 189 |[39m       }
     [90m 190 |[39m     } [36mcatch[39m (error) {
    [31m[1m>[22m[39m[90m 191 |[39m       console[33m.[39merror([32m"Google login error:"[39m[33m,[39m error)[33m;[39m
     [90m     |[39m               [31m[1m^[22m[39m
     [90m 192 |[39m       alert([32m"Google login failed: "[39m [33m+[39m (error[33m.[39mresponse[33m?[39m[33m.[39mdata[33m?[39m[33m.[39mmessage [33m||[39m error[33m.[39mmessage))[33m;[39m
     [90m 193 |[39m     }
     [90m 194 |[39m   }[33m;[39m[0m

      at error (src/Pages/BloodBankLogin.jsx:191:15)
      at Generator.call (src/Pages/BloodBankLogin.jsx:2:1)
      at Generator._invoke [as throw] (src/Pages/BloodBankLogin.jsx:2:1)
      at asyncGeneratorStep (src/Pages/BloodBankLogin.jsx:2:1)
      at asyncGeneratorStep (src/Pages/BloodBankLogin.jsx:2:1)

  ● BloodBankLogin › renders login form correctly

    TypeError: expect(...).toBeInTheDocument is not a function

    [0m [90m 53 |[39m     renderComponent()[33m;[39m
     [90m 54 |[39m
    [31m[1m>[22m[39m[90m 55 |[39m     expect(screen[33m.[39mgetByRole([32m'heading'[39m[33m,[39m { name[33m:[39m [35m/Blood Bank Login/i[39m }))[33m.[39mtoBeInTheDocument()[33m;[39m
     [90m    |[39m                                                                        [31m[1m^[22m[39m
     [90m 56 |[39m     expect(screen[33m.[39mgetByPlaceholderText([32m'Enter your email address'[39m))[33m.[39mtoBeInTheDocument()[33m;[39m
     [90m 57 |[39m     expect(screen[33m.[39mgetByPlaceholderText([32m'Enter your password'[39m))[33m.[39mtoBeInTheDocument()[33m;[39m
     [90m 58 |[39m     expect(screen[33m.[39mgetByText([32m'🏥 Login to Blood Bank'[39m))[33m.[39mtoBeInTheDocument()[33m;[39m[0m

      at Object.toBeInTheDocument (src/Pages/__tests__/BloodBankLogin.test.jsx:55:72)

  ● BloodBankLogin › handles regular login submission

    expect(jest.fn()).toHaveBeenCalledWith(...expected)

    Expected: "/bloodbank/dashboard"
    Received: "/bloodbank-register"

    Number of calls: 1

    [0m [90m  97 |[39m     expect(localStorage[33m.[39msetItem)[33m.[39mtoHaveBeenCalledWith([32m'userId'[39m[33m,[39m [32m'user-id'[39m)[33m;[39m
     [90m  98 |[39m     expect(localStorage[33m.[39msetItem)[33m.[39mtoHaveBeenCalledWith([32m'role'[39m[33m,[39m [32m'bloodbank'[39m)[33m;[39m
    [31m[1m>[22m[39m[90m  99 |[39m     expect(mockNavigate)[33m.[39mtoHaveBeenCalledWith([32m'/bloodbank/dashboard'[39m)[33m;[39m
     [90m     |[39m                          [31m[1m^[22m[39m
     [90m 100 |[39m   })[33m;[39m
     [90m 101 |[39m
     [90m 102 |[39m   test([32m'handles Google login'[39m[33m,[39m [36masync[39m () [33m=>[39m {[0m

      at toHaveBeenCalledWith (src/Pages/__tests__/BloodBankLogin.test.jsx:99:26)
      at Generator.call (src/Pages/__tests__/BloodBankLogin.test.jsx:2:1)
      at Generator._invoke [as next] (src/Pages/__tests__/BloodBankLogin.test.jsx:2:1)
      at asyncGeneratorStep (src/Pages/__tests__/BloodBankLogin.test.jsx:2:1)
      at asyncGeneratorStep (src/Pages/__tests__/BloodBankLogin.test.jsx:2:1)

  ● BloodBankLogin › handles Google login

    expect(jest.fn()).toHaveBeenCalledWith(...expected)

    Expected: "/bloodbank/dashboard"
    Received: "/bloodbank-register"

    Number of calls: 1

    [0m [90m 148 |[39m     expect(localStorage[33m.[39msetItem)[33m.[39mtoHaveBeenCalledWith([32m'userId'[39m[33m,[39m [32m'google-user-id'[39m)[33m;[39m
     [90m 149 |[39m     expect(localStorage[33m.[39msetItem)[33m.[39mtoHaveBeenCalledWith([32m'role'[39m[33m,[39m [32m'bloodbank'[39m)[33m;[39m
    [31m[1m>[22m[39m[90m 150 |[39m     expect(mockNavigate)[33m.[39mtoHaveBeenCalledWith([32m'/bloodbank/dashboard'[39m)[33m;[39m
     [90m     |[39m                          [31m[1m^[22m[39m
     [90m 151 |[39m   })[33m;[39m
     [90m 152 |[39m
     [90m 153 |[39m   test([32m'handles Google login error'[39m[33m,[39m [36masync[39m () [33m=>[39m {[0m

      at toHaveBeenCalledWith (src/Pages/__tests__/BloodBankLogin.test.jsx:150:26)
      at Generator.call (src/Pages/__tests__/BloodBankLogin.test.jsx:2:1)
      at Generator._invoke [as next] (src/Pages/__tests__/BloodBankLogin.test.jsx:2:1)
      at asyncGeneratorStep (src/Pages/__tests__/BloodBankLogin.test.jsx:2:1)
      at asyncGeneratorStep (src/Pages/__tests__/BloodBankLogin.test.jsx:2:1)

FAIL tests/admin-flow.test.js (8.97 s)
  ● Admin Complete Flow Tests › should successfully login as admin

    WebDriverError: unknown error: net::ERR_CONNECTION_REFUSED
      (Session info: chrome=143.0.7499.170)

      at Object.throwDecodedError (node_modules/selenium-webdriver/lib/error.js:523:15)
      at parseHttpResponse (node_modules/selenium-webdriver/lib/http.js:524:13)
      at Executor.execute (node_modules/selenium-webdriver/lib/http.js:456:28)
      at Driver.execute (node_modules/selenium-webdriver/lib/webdriver.js:745:17)

  ● Admin Complete Flow Tests › should navigate to admin dashboard

    WebDriverError: unknown error: net::ERR_CONNECTION_REFUSED
      (Session info: chrome=143.0.7499.170)

      at Object.throwDecodedError (node_modules/selenium-webdriver/lib/error.js:523:15)
      at parseHttpResponse (node_modules/selenium-webdriver/lib/http.js:524:13)
      at Executor.execute (node_modules/selenium-webdriver/lib/http.js:456:28)
      at Driver.execute (node_modules/selenium-webdriver/lib/webdriver.js:745:17)

  ● Admin Complete Flow Tests › should load admin registration page

    WebDriverError: unknown error: net::ERR_CONNECTION_REFUSED
      (Session info: chrome=143.0.7499.170)

      at Object.throwDecodedError (node_modules/selenium-webdriver/lib/error.js:523:15)
      at parseHttpResponse (node_modules/selenium-webdriver/lib/http.js:524:13)
      at Executor.execute (node_modules/selenium-webdriver/lib/http.js:456:28)
      at Driver.execute (node_modules/selenium-webdriver/lib/webdriver.js:745:17)

FAIL src/Pages/__tests__/UserDashboard.test.jsx (11.754 s)
  ● Console

    console.log
      🔍 Auto-selection check triggered:

      at log (src/Pages/UserDashboard.jsx:762:13)

    console.log
        Blood Bank Selected:

      at log (src/Pages/UserDashboard.jsx:763:13)

    console.log
        MRID Entered:

      at log (src/Pages/UserDashboard.jsx:764:13)

    console.log
        Total Patients Loaded: 0

      at log (src/Pages/UserDashboard.jsx:765:13)

    console.log
      ⏸️ Skipping auto-selection (missing criteria)

      at log (src/Pages/UserDashboard.jsx:768:15)

    console.error
      Error fetching cities: TypeError: Cannot read properties of undefined (reading 'data')
          at data (D:\BloodDonation\frontend\src\components\CitySearchDropdown.jsx:103:22)
          at Generator.call (D:\BloodDonation\frontend\src\components\CitySearchDropdown.jsx:2:1)
          at Generator._invoke [as next] (D:\BloodDonation\frontend\src\components\CitySearchDropdown.jsx:2:1)
          at asyncGeneratorStep (D:\BloodDonation\frontend\src\components\CitySearchDropdown.jsx:2:1)
          at asyncGeneratorStep (D:\BloodDonation\frontend\src\components\CitySearchDropdown.jsx:2:1)
          at processTicksAndRejections (node:internal/process/task_queues:103:5)

    [0m [90m 106 |[39m         }
     [90m 107 |[39m       } [36mcatch[39m (error) {
    [31m[1m>[22m[39m[90m 108 |[39m         console[33m.[39merror([32m'Error fetching cities:'[39m[33m,[39m error)[33m;[39m
     [90m     |[39m                 [31m[1m^[22m[39m
     [90m 109 |[39m       } [36mfinally[39m {
     [90m 110 |[39m         setLoading([36mfalse[39m)[33m;[39m
     [90m 111 |[39m       }[0m

      at error (src/components/CitySearchDropdown.jsx:108:17)
      at Generator.call (src/components/CitySearchDropdown.jsx:2:1)
      at Generator._invoke [as next] (src/components/CitySearchDropdown.jsx:2:1)
      at asyncGeneratorStep (src/components/CitySearchDropdown.jsx:2:1)
      at asyncGeneratorStep (src/components/CitySearchDropdown.jsx:2:1)

    console.error
      An update to CitySearchDropdown inside a test was not wrapped in act(...).
      
      When testing, code that causes React state updates should be wrapped into act(...):
      
      act(() => {
        /* fire events that update state */
      });
      /* assert on the output */
      
      This ensures that you're testing the behavior the user would see in the browser. Learn more at https://react.dev/link/wrap-tests-with-act

    [0m [90m 108 |[39m         console[33m.[39merror([32m'Error fetching cities:'[39m[33m,[39m error)[33m;[39m
     [90m 109 |[39m       } [36mfinally[39m {
    [31m[1m>[22m[39m[90m 110 |[39m         setLoading([36mfalse[39m)[33m;[39m
     [90m     |[39m         [31m[1m^[22m[39m
     [90m 111 |[39m       }
     [90m 112 |[39m     }[33m;[39m
     [90m 113 |[39m[0m

      at node_modules/react-dom/cjs/react-dom-client.development.js:16023:19
      at runWithFiberInDEV (node_modules/react-dom/cjs/react-dom-client.development.js:1522:13)
      at warnIfUpdatesNotWrappedWithActDEV (node_modules/react-dom/cjs/react-dom-client.development.js:16022:9)
      at scheduleUpdateOnFiber (node_modules/react-dom/cjs/react-dom-client.development.js:14396:11)
      at dispatchSetStateInternal (node_modules/react-dom/cjs/react-dom-client.development.js:6969:13)
      at dispatchSetState (node_modules/react-dom/cjs/react-dom-client.development.js:6927:7)
      at setLoading (src/components/CitySearchDropdown.jsx:110:9)
      at Generator.call (src/components/CitySearchDropdown.jsx:2:1)
      at Generator._invoke [as next] (src/components/CitySearchDropdown.jsx:2:1)
      at asyncGeneratorStep (src/components/CitySearchDropdown.jsx:2:1)
      at asyncGeneratorStep (src/components/CitySearchDropdown.jsx:2:1)

    console.error
      Failed to fetch profile data: TypeError: Cannot read properties of undefined (reading 'data')
          at data (D:\BloodDonation\frontend\src\Pages\UserDashboard.jsx:1064:15)
          at Generator.call (D:\BloodDonation\frontend\src\Pages\UserDashboard.jsx:2:1)
          at Generator._invoke [as next] (D:\BloodDonation\frontend\src\Pages\UserDashboard.jsx:2:1)
          at asyncGeneratorStep (D:\BloodDonation\frontend\src\Pages\UserDashboard.jsx:2:1)
          at asyncGeneratorStep (D:\BloodDonation\frontend\src\Pages\UserDashboard.jsx:2:1)
          at processTicksAndRejections (node:internal/process/task_queues:103:5)

    [0m [90m 1066 |[39m       }
     [90m 1067 |[39m     } [36mcatch[39m (error) {
    [31m[1m>[22m[39m[90m 1068 |[39m       console[33m.[39merror([32m'Failed to fetch profile data:'[39m[33m,[39m error)[33m;[39m
     [90m      |[39m               [31m[1m^[22m[39m
     [90m 1069 |[39m     }
     [90m 1070 |[39m   }[33m;[39m
     [90m 1071 |[39m[0m

      at error (src/Pages/UserDashboard.jsx:1068:15)
      at Generator.call (src/Pages/UserDashboard.jsx:2:1)
      at Generator._invoke [as next] (src/Pages/UserDashboard.jsx:2:1)
      at asyncGeneratorStep (src/Pages/UserDashboard.jsx:2:1)
      at asyncGeneratorStep (src/Pages/UserDashboard.jsx:2:1)

    console.error
      Failed to fetch notifications: TypeError: Cannot read properties of undefined (reading 'data')
          at data (D:\BloodDonation\frontend\src\Pages\UserDashboard.jsx:277:15)
          at Generator.call (D:\BloodDonation\frontend\src\Pages\UserDashboard.jsx:2:1)
          at Generator._invoke [as next] (D:\BloodDonation\frontend\src\Pages\UserDashboard.jsx:2:1)
          at asyncGeneratorStep (D:\BloodDonation\frontend\src\Pages\UserDashboard.jsx:2:1)
          at asyncGeneratorStep (D:\BloodDonation\frontend\src\Pages\UserDashboard.jsx:2:1)
          at processTicksAndRejections (node:internal/process/task_queues:103:5)

    [0m [90m 284 |[39m       }
     [90m 285 |[39m     } [36mcatch[39m (err) {
    [31m[1m>[22m[39m[90m 286 |[39m       console[33m.[39merror([32m'Failed to fetch notifications:'[39m[33m,[39m err)[33m;[39m
     [90m     |[39m               [31m[1m^[22m[39m
     [90m 287 |[39m     }
     [90m 288 |[39m   }[33m;[39m
     [90m 289 |[39m[0m

      at error (src/Pages/UserDashboard.jsx:286:15)
      at Generator.call (src/Pages/UserDashboard.jsx:2:1)
      at Generator._invoke [as next] (src/Pages/UserDashboard.jsx:2:1)
      at asyncGeneratorStep (src/Pages/UserDashboard.jsx:2:1)
      at asyncGeneratorStep (src/Pages/UserDashboard.jsx:2:1)

    console.log
      🔍 Auto-selection check triggered:

      at log (src/Pages/UserDashboard.jsx:762:13)

    console.log
        Blood Bank Selected:

      at log (src/Pages/UserDashboard.jsx:763:13)

    console.log
        MRID Entered:

      at log (src/Pages/UserDashboard.jsx:764:13)

    console.log
        Total Patients Loaded: 0

      at log (src/Pages/UserDashboard.jsx:765:13)

    console.log
      ⏸️ Skipping auto-selection (missing criteria)

      at log (src/Pages/UserDashboard.jsx:768:15)

    console.error
      An update to CitySearchDropdown inside a test was not wrapped in act(...).
      
      When testing, code that causes React state updates should be wrapped into act(...):
      
      act(() => {
        /* fire events that update state */
      });
      /* assert on the output */
      
      This ensures that you're testing the behavior the user would see in the browser. Learn more at https://react.dev/link/wrap-tests-with-act

    [0m [90m 102 |[39m         [36mconst[39m response [33m=[39m [36mawait[39m api[33m.[39m[36mget[39m([32m'/donors/cities/available'[39m)[33m;[39m
     [90m 103 |[39m         [36mif[39m (response[33m.[39mdata[33m.[39msuccess) {
    [31m[1m>[22m[39m[90m 104 |[39m           setCities(response[33m.[39mdata[33m.[39mdata)[33m;[39m
     [90m     |[39m           [31m[1m^[22m[39m
     [90m 105 |[39m           setFilteredCities(response[33m.[39mdata[33m.[39mdata[33m.[39mslice([35m0[39m[33m,[39m [35m10[39m))[33m;[39m
     [90m 106 |[39m         }
     [90m 107 |[39m       } [36mcatch[39m (error) {[0m

      at node_modules/react-dom/cjs/react-dom-client.development.js:16023:19
      at runWithFiberInDEV (node_modules/react-dom/cjs/react-dom-client.development.js:1522:13)
      at warnIfUpdatesNotWrappedWithActDEV (node_modules/react-dom/cjs/react-dom-client.development.js:16022:9)
      at scheduleUpdateOnFiber (node_modules/react-dom/cjs/react-dom-client.development.js:14396:11)
      at dispatchSetStateInternal (node_modules/react-dom/cjs/react-dom-client.development.js:6969:13)
      at dispatchSetState (node_modules/react-dom/cjs/react-dom-client.development.js:6927:7)
      at setCities (src/components/CitySearchDropdown.jsx:104:11)
      at Generator.call (src/components/CitySearchDropdown.jsx:2:1)
      at Generator._invoke [as next] (src/components/CitySearchDropdown.jsx:2:1)
      at asyncGeneratorStep (src/components/CitySearchDropdown.jsx:2:1)
      at asyncGeneratorStep (src/components/CitySearchDropdown.jsx:2:1)

    console.error
      Error fetching cities: TypeError: response.data.data.slice is not a function
          at slice (D:\BloodDonation\frontend\src\components\CitySearchDropdown.jsx:105:48)
          at Generator.call (D:\BloodDonation\frontend\src\components\CitySearchDropdown.jsx:2:1)
          at Generator._invoke [as next] (D:\BloodDonation\frontend\src\components\CitySearchDropdown.jsx:2:1)
          at asyncGeneratorStep (D:\BloodDonation\frontend\src\components\CitySearchDropdown.jsx:2:1)
          at asyncGeneratorStep (D:\BloodDonation\frontend\src\components\CitySearchDropdown.jsx:2:1)
          at processTicksAndRejections (node:internal/process/task_queues:103:5)

    [0m [90m 106 |[39m         }
     [90m 107 |[39m       } [36mcatch[39m (error) {
    [31m[1m>[22m[39m[90m 108 |[39m         console[33m.[39merror([32m'Error fetching cities:'[39m[33m,[39m error)[33m;[39m
     [90m     |[39m                 [31m[1m^[22m[39m
     [90m 109 |[39m       } [36mfinally[39m {
     [90m 110 |[39m         setLoading([36mfalse[39m)[33m;[39m
     [90m 111 |[39m       }[0m

      at error (src/components/CitySearchDropdown.jsx:108:17)
      at Generator.call (src/components/CitySearchDropdown.jsx:2:1)
      at Generator._invoke [as next] (src/components/CitySearchDropdown.jsx:2:1)
      at asyncGeneratorStep (src/components/CitySearchDropdown.jsx:2:1)
      at asyncGeneratorStep (src/components/CitySearchDropdown.jsx:2:1)

    console.error
      An update to CitySearchDropdown inside a test was not wrapped in act(...).
      
      When testing, code that causes React state updates should be wrapped into act(...):
      
      act(() => {
        /* fire events that update state */
      });
      /* assert on the output */
      
      This ensures that you're testing the behavior the user would see in the browser. Learn more at https://react.dev/link/wrap-tests-with-act

    [0m [90m 108 |[39m         console[33m.[39merror([32m'Error fetching cities:'[39m[33m,[39m error)[33m;[39m
     [90m 109 |[39m       } [36mfinally[39m {
    [31m[1m>[22m[39m[90m 110 |[39m         setLoading([36mfalse[39m)[33m;[39m
     [90m     |[39m         [31m[1m^[22m[39m
     [90m 111 |[39m       }
     [90m 112 |[39m     }[33m;[39m
     [90m 113 |[39m[0m

      at node_modules/react-dom/cjs/react-dom-client.development.js:16023:19
      at runWithFiberInDEV (node_modules/react-dom/cjs/react-dom-client.development.js:1522:13)
      at warnIfUpdatesNotWrappedWithActDEV (node_modules/react-dom/cjs/react-dom-client.development.js:16022:9)
      at scheduleUpdateOnFiber (node_modules/react-dom/cjs/react-dom-client.development.js:14396:11)
      at dispatchSetStateInternal (node_modules/react-dom/cjs/react-dom-client.development.js:6969:13)
      at dispatchSetState (node_modules/react-dom/cjs/react-dom-client.development.js:6927:7)
      at setLoading (src/components/CitySearchDropdown.jsx:110:9)
      at Generator.call (src/components/CitySearchDropdown.jsx:2:1)
      at Generator._invoke [as next] (src/components/CitySearchDropdown.jsx:2:1)
      at asyncGeneratorStep (src/components/CitySearchDropdown.jsx:2:1)
      at asyncGeneratorStep (src/components/CitySearchDropdown.jsx:2:1)

    console.error
      Failed to fetch profile data: TypeError: Cannot read properties of undefined (reading 'data')
          at data (D:\BloodDonation\frontend\src\Pages\UserDashboard.jsx:1064:15)
          at Generator.call (D:\BloodDonation\frontend\src\Pages\UserDashboard.jsx:2:1)
          at Generator._invoke [as next] (D:\BloodDonation\frontend\src\Pages\UserDashboard.jsx:2:1)
          at asyncGeneratorStep (D:\BloodDonation\frontend\src\Pages\UserDashboard.jsx:2:1)
          at asyncGeneratorStep (D:\BloodDonation\frontend\src\Pages\UserDashboard.jsx:2:1)
          at processTicksAndRejections (node:internal/process/task_queues:103:5)

    [0m [90m 1066 |[39m       }
     [90m 1067 |[39m     } [36mcatch[39m (error) {
    [31m[1m>[22m[39m[90m 1068 |[39m       console[33m.[39merror([32m'Failed to fetch profile data:'[39m[33m,[39m error)[33m;[39m
     [90m      |[39m               [31m[1m^[22m[39m
     [90m 1069 |[39m     }
     [90m 1070 |[39m   }[33m;[39m
     [90m 1071 |[39m[0m

      at error (src/Pages/UserDashboard.jsx:1068:15)
      at Generator.call (src/Pages/UserDashboard.jsx:2:1)
      at Generator._invoke [as next] (src/Pages/UserDashboard.jsx:2:1)
      at asyncGeneratorStep (src/Pages/UserDashboard.jsx:2:1)
      at asyncGeneratorStep (src/Pages/UserDashboard.jsx:2:1)

    console.error
      Failed to fetch notifications: TypeError: Cannot read properties of undefined (reading 'data')
          at data (D:\BloodDonation\frontend\src\Pages\UserDashboard.jsx:277:15)
          at Generator.call (D:\BloodDonation\frontend\src\Pages\UserDashboard.jsx:2:1)
          at Generator._invoke [as next] (D:\BloodDonation\frontend\src\Pages\UserDashboard.jsx:2:1)
          at asyncGeneratorStep (D:\BloodDonation\frontend\src\Pages\UserDashboard.jsx:2:1)
          at asyncGeneratorStep (D:\BloodDonation\frontend\src\Pages\UserDashboard.jsx:2:1)
          at processTicksAndRejections (node:internal/process/task_queues:103:5)

    [0m [90m 284 |[39m       }
     [90m 285 |[39m     } [36mcatch[39m (err) {
    [31m[1m>[22m[39m[90m 286 |[39m       console[33m.[39merror([32m'Failed to fetch notifications:'[39m[33m,[39m err)[33m;[39m
     [90m     |[39m               [31m[1m^[22m[39m
     [90m 287 |[39m     }
     [90m 288 |[39m   }[33m;[39m
     [90m 289 |[39m[0m

      at error (src/Pages/UserDashboard.jsx:286:15)
      at Generator.call (src/Pages/UserDashboard.jsx:2:1)
      at Generator._invoke [as next] (src/Pages/UserDashboard.jsx:2:1)
      at asyncGeneratorStep (src/Pages/UserDashboard.jsx:2:1)
      at asyncGeneratorStep (src/Pages/UserDashboard.jsx:2:1)

    console.log
      🔍 Auto-selection check triggered:

      at log (src/Pages/UserDashboard.jsx:762:13)

    console.log
        Blood Bank Selected:

      at log (src/Pages/UserDashboard.jsx:763:13)

    console.log
        MRID Entered:

      at log (src/Pages/UserDashboard.jsx:764:13)

    console.log
        Total Patients Loaded: 0

      at log (src/Pages/UserDashboard.jsx:765:13)

    console.log
      ⏸️ Skipping auto-selection (missing criteria)

      at log (src/Pages/UserDashboard.jsx:768:15)

    console.error
      An update to CitySearchDropdown inside a test was not wrapped in act(...).
      
      When testing, code that causes React state updates should be wrapped into act(...):
      
      act(() => {
        /* fire events that update state */
      });
      /* assert on the output */
      
      This ensures that you're testing the behavior the user would see in the browser. Learn more at https://react.dev/link/wrap-tests-with-act

    [0m [90m 108 |[39m         console[33m.[39merror([32m'Error fetching cities:'[39m[33m,[39m error)[33m;[39m
     [90m 109 |[39m       } [36mfinally[39m {
    [31m[1m>[22m[39m[90m 110 |[39m         setLoading([36mfalse[39m)[33m;[39m
     [90m     |[39m         [31m[1m^[22m[39m
     [90m 111 |[39m       }
     [90m 112 |[39m     }[33m;[39m
     [90m 113 |[39m[0m

      at node_modules/react-dom/cjs/react-dom-client.development.js:16023:19
      at runWithFiberInDEV (node_modules/react-dom/cjs/react-dom-client.development.js:1522:13)
      at warnIfUpdatesNotWrappedWithActDEV (node_modules/react-dom/cjs/react-dom-client.development.js:16022:9)
      at scheduleUpdateOnFiber (node_modules/react-dom/cjs/react-dom-client.development.js:14396:11)
      at dispatchSetStateInternal (node_modules/react-dom/cjs/react-dom-client.development.js:6969:13)
      at dispatchSetState (node_modules/react-dom/cjs/react-dom-client.development.js:6927:7)
      at setLoading (src/components/CitySearchDropdown.jsx:110:9)
      at Generator.call (src/components/CitySearchDropdown.jsx:2:1)
      at Generator._invoke [as next] (src/components/CitySearchDropdown.jsx:2:1)
      at asyncGeneratorStep (src/components/CitySearchDropdown.jsx:2:1)
      at asyncGeneratorStep (src/components/CitySearchDropdown.jsx:2:1)

    console.log
      🔍 Auto-selection check triggered:

      at log (src/Pages/UserDashboard.jsx:762:13)

    console.log
        Blood Bank Selected:

      at log (src/Pages/UserDashboard.jsx:763:13)

    console.log
        MRID Entered:

      at log (src/Pages/UserDashboard.jsx:764:13)

    console.log
        Total Patients Loaded: 0

      at log (src/Pages/UserDashboard.jsx:765:13)

    console.log
      ⏸️ Skipping auto-selection (missing criteria)

      at log (src/Pages/UserDashboard.jsx:768:15)

    console.log
      🔍 Auto-selection check triggered:

      at log (src/Pages/UserDashboard.jsx:762:13)

    console.log
        Blood Bank Selected:

      at log (src/Pages/UserDashboard.jsx:763:13)

    console.log
        MRID Entered:

      at log (src/Pages/UserDashboard.jsx:764:13)

    console.log
        Total Patients Loaded: 0

      at log (src/Pages/UserDashboard.jsx:765:13)

    console.log
      ⏸️ Skipping auto-selection (missing criteria)

      at log (src/Pages/UserDashboard.jsx:768:15)

    console.error
      Error fetching cities: TypeError: response.data.data.slice is not a function
          at slice (D:\BloodDonation\frontend\src\components\CitySearchDropdown.jsx:105:48)
          at Generator.call (D:\BloodDonation\frontend\src\components\CitySearchDropdown.jsx:2:1)
          at Generator._invoke [as next] (D:\BloodDonation\frontend\src\components\CitySearchDropdown.jsx:2:1)
          at asyncGeneratorStep (D:\BloodDonation\frontend\src\components\CitySearchDropdown.jsx:2:1)
          at asyncGeneratorStep (D:\BloodDonation\frontend\src\components\CitySearchDropdown.jsx:2:1)

    [0m [90m 106 |[39m         }
     [90m 107 |[39m       } [36mcatch[39m (error) {
    [31m[1m>[22m[39m[90m 108 |[39m         console[33m.[39merror([32m'Error fetching cities:'[39m[33m,[39m error)[33m;[39m
     [90m     |[39m                 [31m[1m^[22m[39m
     [90m 109 |[39m       } [36mfinally[39m {
     [90m 110 |[39m         setLoading([36mfalse[39m)[33m;[39m
     [90m 111 |[39m       }[0m

      at error (src/components/CitySearchDropdown.jsx:108:17)
      at Generator.call (src/components/CitySearchDropdown.jsx:2:1)
      at Generator._invoke [as next] (src/components/CitySearchDropdown.jsx:2:1)
      at asyncGeneratorStep (src/components/CitySearchDropdown.jsx:2:1)
      at asyncGeneratorStep (src/components/CitySearchDropdown.jsx:2:1)

    console.error
      TypeError: cities.slice is not a function
          at slice (D:\BloodDonation\frontend\src\components\CitySearchDropdown.jsx:125:32)
          at Object.react_stack_bottom_frame (D:\BloodDonation\frontend\node_modules\react-dom\cjs\react-dom-client.development.js:23953:20)
          at runWithFiberInDEV (D:\BloodDonation\frontend\node_modules\react-dom\cjs\react-dom-client.development.js:1522:13)
          at commitHookEffectListMount (D:\BloodDonation\frontend\node_modules\react-dom\cjs\react-dom-client.development.js:11905:29)
          at commitHookPassiveMountEffects (D:\BloodDonation\frontend\node_modules\react-dom\cjs\react-dom-client.development.js:12028:11)
          at commitPassiveMountOnFiber (D:\BloodDonation\frontend\node_modules\react-dom\cjs\react-dom-client.development.js:13841:13)
          at recursivelyTraversePassiveMountEffects (D:\BloodDonation\frontend\node_modules\react-dom\cjs\react-dom-client.development.js:13815:11)
          at commitPassiveMountOnFiber (D:\BloodDonation\frontend\node_modules\react-dom\cjs\react-dom-client.development.js:13957:11)
          ... collapsed 14 duplicate lines matching above 2 lines 7 times...
          at recursivelyTraversePassiveMountEffects (D:\BloodDonation\frontend\node_modules\react-dom\cjs\react-dom-client.development.js:13815:11)
          at commitPassiveMountOnFiber (D:\BloodDonation\frontend\node_modules\react-dom\cjs\react-dom-client.development.js:13834:11)
          at recursivelyTraversePassiveMountEffects (D:\BloodDonation\frontend\node_modules\react-dom\cjs\react-dom-client.development.js:13815:11)
          at commitPassiveMountOnFiber (D:\BloodDonation\frontend\node_modules\react-dom\cjs\react-dom-client.development.js:13834:11)
          at recursivelyTraversePassiveMountEffects (D:\BloodDonation\frontend\node_modules\react-dom\cjs\react-dom-client.development.js:13815:11)
          at commitPassiveMountOnFiber (D:\BloodDonation\frontend\node_modules\react-dom\cjs\react-dom-client.development.js:13957:11)
          at recursivelyTraversePassiveMountEffects (D:\BloodDonation\frontend\node_modules\react-dom\cjs\react-dom-client.development.js:13815:11)
          at commitPassiveMountOnFiber (D:\BloodDonation\frontend\node_modules\react-dom\cjs\react-dom-client.development.js:13957:11)
          at recursivelyTraversePassiveMountEffects (D:\BloodDonation\frontend\node_modules\react-dom\cjs\react-dom-client.development.js:13815:11)
          at commitPassiveMountOnFiber (D:\BloodDonation\frontend\node_modules\react-dom\cjs\react-dom-client.development.js:13834:11)
          at recursivelyTraversePassiveMountEffects (D:\BloodDonation\frontend\node_modules\react-dom\cjs\react-dom-client.development.js:13815:11)
          at commitPassiveMountOnFiber (D:\BloodDonation\frontend\node_modules\react-dom\cjs\react-dom-client.development.js:13834:11)
          at recursivelyTraversePassiveMountEffects (D:\BloodDonation\frontend\node_modules\react-dom\cjs\react-dom-client.development.js:13815:11)
          at commitPassiveMountOnFiber (D:\BloodDonation\frontend\node_modules\react-dom\cjs\react-dom-client.development.js:13853:11)
          at flushPassiveEffects (D:\BloodDonation\frontend\node_modules\react-dom\cjs\react-dom-client.development.js:15737:9)
          at D:\BloodDonation\frontend\node_modules\react-dom\cjs\react-dom-client.development.js:15379:15
          at performWorkUntilDeadline (D:\BloodDonation\frontend\node_modules\scheduler\cjs\scheduler.development.js:45:48)
          at Timeout.task [as _onTimeout] (D:\BloodDonation\frontend\node_modules\jsdom\lib\jsdom\browser\Window.js:579:19)
          at listOnTimeout (node:internal/timers:605:17)
          at processTimers (node:internal/timers:541:7)

      at process.env.NODE_ENV.reportGlobalError (node_modules/react-dom/cjs/react-dom-client.development.js:24133:23)
      at defaultOnUncaughtError (node_modules/react-dom/cjs/react-dom-client.development.js:8282:7)
      at logUncaughtError (node_modules/react-dom/cjs/react-dom-client.development.js:8352:11)
      at runWithFiberInDEV (node_modules/react-dom/cjs/react-dom-client.development.js:1522:13)
      at lane.callback (node_modules/react-dom/cjs/react-dom-client.development.js:8382:9)
      at callCallback (node_modules/react-dom/cjs/react-dom-client.development.js:5363:16)
      at commitCallbacks (node_modules/react-dom/cjs/react-dom-client.development.js:5383:11)
      at runWithFiberInDEV (node_modules/react-dom/cjs/react-dom-client.development.js:1522:13)
      at commitLayoutEffectOnFiber (node_modules/react-dom/cjs/react-dom-client.development.js:12709:15)
      at flushLayoutEffects (node_modules/react-dom/cjs/react-dom-client.development.js:15559:15)
      at commitRoot (node_modules/react-dom/cjs/react-dom-client.development.js:15402:9)
      at commitRootWhenReady (node_modules/react-dom/cjs/react-dom-client.development.js:14652:7)
      at performWorkOnRoot (node_modules/react-dom/cjs/react-dom-client.development.js:14575:15)
      at performSyncWorkOnRoot (node_modules/react-dom/cjs/react-dom-client.development.js:16231:7)
      at flushSyncWorkAcrossRoots_impl (node_modules/react-dom/cjs/react-dom-client.development.js:16079:21)
      at flushPassiveEffects (node_modules/react-dom/cjs/react-dom-client.development.js:15749:9)
      at node_modules/react-dom/cjs/react-dom-client.development.js:15379:15
      at performWorkUntilDeadline (node_modules/scheduler/cjs/scheduler.development.js:45:48)
      at Timeout.task [as _onTimeout] (node_modules/jsdom/lib/jsdom/browser/Window.js:579:19)

    console.warn
      An error occurred in the <CitySearchDropdown> component.
      
      Consider adding an error boundary to your tree to customize error handling behavior.
      Visit https://react.dev/link/error-boundaries to learn more about error boundaries.

      at defaultOnUncaughtError (node_modules/react-dom/cjs/react-dom-client.development.js:8283:15)
      at logUncaughtError (node_modules/react-dom/cjs/react-dom-client.development.js:8352:11)
      at runWithFiberInDEV (node_modules/react-dom/cjs/react-dom-client.development.js:1522:13)
      at lane.callback (node_modules/react-dom/cjs/react-dom-client.development.js:8382:9)
      at callCallback (node_modules/react-dom/cjs/react-dom-client.development.js:5363:16)
      at commitCallbacks (node_modules/react-dom/cjs/react-dom-client.development.js:5383:11)
      at runWithFiberInDEV (node_modules/react-dom/cjs/react-dom-client.development.js:1522:13)
      at commitLayoutEffectOnFiber (node_modules/react-dom/cjs/react-dom-client.development.js:12709:15)
      at flushLayoutEffects (node_modules/react-dom/cjs/react-dom-client.development.js:15559:15)
      at commitRoot (node_modules/react-dom/cjs/react-dom-client.development.js:15402:9)
      at commitRootWhenReady (node_modules/react-dom/cjs/react-dom-client.development.js:14652:7)
      at performWorkOnRoot (node_modules/react-dom/cjs/react-dom-client.development.js:14575:15)
      at performSyncWorkOnRoot (node_modules/react-dom/cjs/react-dom-client.development.js:16231:7)
      at flushSyncWorkAcrossRoots_impl (node_modules/react-dom/cjs/react-dom-client.development.js:16079:21)
      at flushPassiveEffects (node_modules/react-dom/cjs/react-dom-client.development.js:15749:9)
      at node_modules/react-dom/cjs/react-dom-client.development.js:15379:15
      at performWorkUntilDeadline (node_modules/scheduler/cjs/scheduler.development.js:45:48)
      at Timeout.task [as _onTimeout] (node_modules/jsdom/lib/jsdom/browser/Window.js:579:19)

    console.log
      🔍 Auto-selection check triggered:

      at log (src/Pages/UserDashboard.jsx:762:13)

    console.log
        Blood Bank Selected:

      at log (src/Pages/UserDashboard.jsx:763:13)

    console.log
        MRID Entered:

      at log (src/Pages/UserDashboard.jsx:764:13)

    console.log
        Total Patients Loaded: 0

      at log (src/Pages/UserDashboard.jsx:765:13)

    console.log
      ⏸️ Skipping auto-selection (missing criteria)

      at log (src/Pages/UserDashboard.jsx:768:15)

    console.error
      Error fetching cities: TypeError: response.data.data.slice is not a function
          at slice (D:\BloodDonation\frontend\src\components\CitySearchDropdown.jsx:105:48)
          at Generator.call (D:\BloodDonation\frontend\src\components\CitySearchDropdown.jsx:2:1)
          at Generator._invoke [as next] (D:\BloodDonation\frontend\src\components\CitySearchDropdown.jsx:2:1)
          at asyncGeneratorStep (D:\BloodDonation\frontend\src\components\CitySearchDropdown.jsx:2:1)
          at asyncGeneratorStep (D:\BloodDonation\frontend\src\components\CitySearchDropdown.jsx:2:1)

    [0m [90m 106 |[39m         }
     [90m 107 |[39m       } [36mcatch[39m (error) {
    [31m[1m>[22m[39m[90m 108 |[39m         console[33m.[39merror([32m'Error fetching cities:'[39m[33m,[39m error)[33m;[39m
     [90m     |[39m                 [31m[1m^[22m[39m
     [90m 109 |[39m       } [36mfinally[39m {
     [90m 110 |[39m         setLoading([36mfalse[39m)[33m;[39m
     [90m 111 |[39m       }[0m

      at error (src/components/CitySearchDropdown.jsx:108:17)
      at Generator.call (src/components/CitySearchDropdown.jsx:2:1)
      at Generator._invoke [as next] (src/components/CitySearchDropdown.jsx:2:1)
      at asyncGeneratorStep (src/components/CitySearchDropdown.jsx:2:1)
      at asyncGeneratorStep (src/components/CitySearchDropdown.jsx:2:1)

    console.error
      TypeError: cities.slice is not a function
          at slice (D:\BloodDonation\frontend\src\components\CitySearchDropdown.jsx:125:32)
          at Object.react_stack_bottom_frame (D:\BloodDonation\frontend\node_modules\react-dom\cjs\react-dom-client.development.js:23953:20)
          at runWithFiberInDEV (D:\BloodDonation\frontend\node_modules\react-dom\cjs\react-dom-client.development.js:1522:13)
          at commitHookEffectListMount (D:\BloodDonation\frontend\node_modules\react-dom\cjs\react-dom-client.development.js:11905:29)
          at commitHookPassiveMountEffects (D:\BloodDonation\frontend\node_modules\react-dom\cjs\react-dom-client.development.js:12028:11)
          at commitPassiveMountOnFiber (D:\BloodDonation\frontend\node_modules\react-dom\cjs\react-dom-client.development.js:13841:13)
          at recursivelyTraversePassiveMountEffects (D:\BloodDonation\frontend\node_modules\react-dom\cjs\react-dom-client.development.js:13815:11)
          at commitPassiveMountOnFiber (D:\BloodDonation\frontend\node_modules\react-dom\cjs\react-dom-client.development.js:13957:11)
          ... collapsed 14 duplicate lines matching above 2 lines 7 times...
          at recursivelyTraversePassiveMountEffects (D:\BloodDonation\frontend\node_modules\react-dom\cjs\react-dom-client.development.js:13815:11)
          at commitPassiveMountOnFiber (D:\BloodDonation\frontend\node_modules\react-dom\cjs\react-dom-client.development.js:13834:11)
          at recursivelyTraversePassiveMountEffects (D:\BloodDonation\frontend\node_modules\react-dom\cjs\react-dom-client.development.js:13815:11)
          at commitPassiveMountOnFiber (D:\BloodDonation\frontend\node_modules\react-dom\cjs\react-dom-client.development.js:13834:11)
          at recursivelyTraversePassiveMountEffects (D:\BloodDonation\frontend\node_modules\react-dom\cjs\react-dom-client.development.js:13815:11)
          at commitPassiveMountOnFiber (D:\BloodDonation\frontend\node_modules\react-dom\cjs\react-dom-client.development.js:13957:11)
          at recursivelyTraversePassiveMountEffects (D:\BloodDonation\frontend\node_modules\react-dom\cjs\react-dom-client.development.js:13815:11)
          at commitPassiveMountOnFiber (D:\BloodDonation\frontend\node_modules\react-dom\cjs\react-dom-client.development.js:13957:11)
          at recursivelyTraversePassiveMountEffects (D:\BloodDonation\frontend\node_modules\react-dom\cjs\react-dom-client.development.js:13815:11)
          at commitPassiveMountOnFiber (D:\BloodDonation\frontend\node_modules\react-dom\cjs\react-dom-client.development.js:13834:11)
          at recursivelyTraversePassiveMountEffects (D:\BloodDonation\frontend\node_modules\react-dom\cjs\react-dom-client.development.js:13815:11)
          at commitPassiveMountOnFiber (D:\BloodDonation\frontend\node_modules\react-dom\cjs\react-dom-client.development.js:13834:11)
          at recursivelyTraversePassiveMountEffects (D:\BloodDonation\frontend\node_modules\react-dom\cjs\react-dom-client.development.js:13815:11)
          at commitPassiveMountOnFiber (D:\BloodDonation\frontend\node_modules\react-dom\cjs\react-dom-client.development.js:13853:11)
          at flushPassiveEffects (D:\BloodDonation\frontend\node_modules\react-dom\cjs\react-dom-client.development.js:15737:9)
          at D:\BloodDonation\frontend\node_modules\react-dom\cjs\react-dom-client.development.js:15379:15
          at performWorkUntilDeadline (D:\BloodDonation\frontend\node_modules\scheduler\cjs\scheduler.development.js:45:48)
          at Timeout.task [as _onTimeout] (D:\BloodDonation\frontend\node_modules\jsdom\lib\jsdom\browser\Window.js:579:19)
          at listOnTimeout (node:internal/timers:605:17)
          at processTimers (node:internal/timers:541:7)

      at process.env.NODE_ENV.reportGlobalError (node_modules/react-dom/cjs/react-dom-client.development.js:24133:23)
      at defaultOnUncaughtError (node_modules/react-dom/cjs/react-dom-client.development.js:8282:7)
      at logUncaughtError (node_modules/react-dom/cjs/react-dom-client.development.js:8352:11)
      at runWithFiberInDEV (node_modules/react-dom/cjs/react-dom-client.development.js:1522:13)
      at lane.callback (node_modules/react-dom/cjs/react-dom-client.development.js:8382:9)
      at callCallback (node_modules/react-dom/cjs/react-dom-client.development.js:5363:16)
      at commitCallbacks (node_modules/react-dom/cjs/react-dom-client.development.js:5383:11)
      at runWithFiberInDEV (node_modules/react-dom/cjs/react-dom-client.development.js:1522:13)
      at commitLayoutEffectOnFiber (node_modules/react-dom/cjs/react-dom-client.development.js:12709:15)
      at flushLayoutEffects (node_modules/react-dom/cjs/react-dom-client.development.js:15559:15)
      at commitRoot (node_modules/react-dom/cjs/react-dom-client.development.js:15402:9)
      at commitRootWhenReady (node_modules/react-dom/cjs/react-dom-client.development.js:14652:7)
      at performWorkOnRoot (node_modules/react-dom/cjs/react-dom-client.development.js:14575:15)
      at performSyncWorkOnRoot (node_modules/react-dom/cjs/react-dom-client.development.js:16231:7)
      at flushSyncWorkAcrossRoots_impl (node_modules/react-dom/cjs/react-dom-client.development.js:16079:21)
      at flushPassiveEffects (node_modules/react-dom/cjs/react-dom-client.development.js:15749:9)
      at node_modules/react-dom/cjs/react-dom-client.development.js:15379:15
      at performWorkUntilDeadline (node_modules/scheduler/cjs/scheduler.development.js:45:48)
      at Timeout.task [as _onTimeout] (node_modules/jsdom/lib/jsdom/browser/Window.js:579:19)

    console.warn
      An error occurred in the <CitySearchDropdown> component.
      
      Consider adding an error boundary to your tree to customize error handling behavior.
      Visit https://react.dev/link/error-boundaries to learn more about error boundaries.

      at defaultOnUncaughtError (node_modules/react-dom/cjs/react-dom-client.development.js:8283:15)
      at logUncaughtError (node_modules/react-dom/cjs/react-dom-client.development.js:8352:11)
      at runWithFiberInDEV (node_modules/react-dom/cjs/react-dom-client.development.js:1522:13)
      at lane.callback (node_modules/react-dom/cjs/react-dom-client.development.js:8382:9)
      at callCallback (node_modules/react-dom/cjs/react-dom-client.development.js:5363:16)
      at commitCallbacks (node_modules/react-dom/cjs/react-dom-client.development.js:5383:11)
      at runWithFiberInDEV (node_modules/react-dom/cjs/react-dom-client.development.js:1522:13)
      at commitLayoutEffectOnFiber (node_modules/react-dom/cjs/react-dom-client.development.js:12709:15)
      at flushLayoutEffects (node_modules/react-dom/cjs/react-dom-client.development.js:15559:15)
      at commitRoot (node_modules/react-dom/cjs/react-dom-client.development.js:15402:9)
      at commitRootWhenReady (node_modules/react-dom/cjs/react-dom-client.development.js:14652:7)
      at performWorkOnRoot (node_modules/react-dom/cjs/react-dom-client.development.js:14575:15)
      at performSyncWorkOnRoot (node_modules/react-dom/cjs/react-dom-client.development.js:16231:7)
      at flushSyncWorkAcrossRoots_impl (node_modules/react-dom/cjs/react-dom-client.development.js:16079:21)
      at flushPassiveEffects (node_modules/react-dom/cjs/react-dom-client.development.js:15749:9)
      at node_modules/react-dom/cjs/react-dom-client.development.js:15379:15
      at performWorkUntilDeadline (node_modules/scheduler/cjs/scheduler.development.js:45:48)
      at Timeout.task [as _onTimeout] (node_modules/jsdom/lib/jsdom/browser/Window.js:579:19)

    console.log
      🔍 Auto-selection check triggered:

      at log (src/Pages/UserDashboard.jsx:762:13)

    console.log
        Blood Bank Selected:

      at log (src/Pages/UserDashboard.jsx:763:13)

    console.log
        MRID Entered:

      at log (src/Pages/UserDashboard.jsx:764:13)

    console.log
        Total Patients Loaded: 0

      at log (src/Pages/UserDashboard.jsx:765:13)

    console.log
      ⏸️ Skipping auto-selection (missing criteria)

      at log (src/Pages/UserDashboard.jsx:768:15)

    console.error
      An update to CitySearchDropdown inside a test was not wrapped in act(...).
      
      When testing, code that causes React state updates should be wrapped into act(...):
      
      act(() => {
        /* fire events that update state */
      });
      /* assert on the output */
      
      This ensures that you're testing the behavior the user would see in the browser. Learn more at https://react.dev/link/wrap-tests-with-act

    [0m [90m 108 |[39m         console[33m.[39merror([32m'Error fetching cities:'[39m[33m,[39m error)[33m;[39m
     [90m 109 |[39m       } [36mfinally[39m {
    [31m[1m>[22m[39m[90m 110 |[39m         setLoading([36mfalse[39m)[33m;[39m
     [90m     |[39m         [31m[1m^[22m[39m
     [90m 111 |[39m       }
     [90m 112 |[39m     }[33m;[39m
     [90m 113 |[39m[0m

      at node_modules/react-dom/cjs/react-dom-client.development.js:16023:19
      at runWithFiberInDEV (node_modules/react-dom/cjs/react-dom-client.development.js:1522:13)
      at warnIfUpdatesNotWrappedWithActDEV (node_modules/react-dom/cjs/react-dom-client.development.js:16022:9)
      at scheduleUpdateOnFiber (node_modules/react-dom/cjs/react-dom-client.development.js:14396:11)
      at dispatchSetStateInternal (node_modules/react-dom/cjs/react-dom-client.development.js:6969:13)
      at dispatchSetState (node_modules/react-dom/cjs/react-dom-client.development.js:6927:7)
      at setLoading (src/components/CitySearchDropdown.jsx:110:9)
      at Generator.call (src/components/CitySearchDropdown.jsx:2:1)
      at Generator._invoke [as next] (src/components/CitySearchDropdown.jsx:2:1)
      at asyncGeneratorStep (src/components/CitySearchDropdown.jsx:2:1)
      at asyncGeneratorStep (src/components/CitySearchDropdown.jsx:2:1)

    console.log
      🔍 Auto-selection check triggered:

      at log (src/Pages/UserDashboard.jsx:762:13)

    console.log
        Blood Bank Selected:

      at log (src/Pages/UserDashboard.jsx:763:13)

    console.log
        MRID Entered:

      at log (src/Pages/UserDashboard.jsx:764:13)

    console.log
        Total Patients Loaded: 0

      at log (src/Pages/UserDashboard.jsx:765:13)

    console.log
      ⏸️ Skipping auto-selection (missing criteria)

      at log (src/Pages/UserDashboard.jsx:768:15)

    console.error
      An update to CitySearchDropdown inside a test was not wrapped in act(...).
      
      When testing, code that causes React state updates should be wrapped into act(...):
      
      act(() => {
        /* fire events that update state */
      });
      /* assert on the output */
      
      This ensures that you're testing the behavior the user would see in the browser. Learn more at https://react.dev/link/wrap-tests-with-act

    [0m [90m 108 |[39m         console[33m.[39merror([32m'Error fetching cities:'[39m[33m,[39m error)[33m;[39m
     [90m 109 |[39m       } [36mfinally[39m {
    [31m[1m>[22m[39m[90m 110 |[39m         setLoading([36mfalse[39m)[33m;[39m
     [90m     |[39m         [31m[1m^[22m[39m
     [90m 111 |[39m       }
     [90m 112 |[39m     }[33m;[39m
     [90m 113 |[39m[0m

      at node_modules/react-dom/cjs/react-dom-client.development.js:16023:19
      at runWithFiberInDEV (node_modules/react-dom/cjs/react-dom-client.development.js:1522:13)
      at warnIfUpdatesNotWrappedWithActDEV (node_modules/react-dom/cjs/react-dom-client.development.js:16022:9)
      at scheduleUpdateOnFiber (node_modules/react-dom/cjs/react-dom-client.development.js:14396:11)
      at dispatchSetStateInternal (node_modules/react-dom/cjs/react-dom-client.development.js:6969:13)
      at dispatchSetState (node_modules/react-dom/cjs/react-dom-client.development.js:6927:7)
      at setLoading (src/components/CitySearchDropdown.jsx:110:9)
      at Generator.call (src/components/CitySearchDropdown.jsx:2:1)
      at Generator._invoke [as next] (src/components/CitySearchDropdown.jsx:2:1)
      at asyncGeneratorStep (src/components/CitySearchDropdown.jsx:2:1)
      at asyncGeneratorStep (src/components/CitySearchDropdown.jsx:2:1)

    console.error
      An update to BrowserRouter inside a test was not wrapped in act(...).
      
      When testing, code that causes React state updates should be wrapped into act(...):
      
      act(() => {
        /* fire events that update state */
      });
      /* assert on the output */
      
      This ensures that you're testing the behavior the user would see in the browser. Learn more at https://react.dev/link/wrap-tests-with-act

    [0m [90m 445 |[39m     }
     [90m 446 |[39m     localStorage[33m.[39mclear()[33m;[39m
    [31m[1m>[22m[39m[90m 447 |[39m     navigate([32m'/login'[39m)[33m;[39m
     [90m     |[39m     [31m[1m^[22m[39m
     [90m 448 |[39m   }[33m;[39m
     [90m 449 |[39m
     [90m 450 |[39m   useEffect(() [33m=>[39m {[0m

      at node_modules/react-dom/cjs/react-dom-client.development.js:16023:19
      at runWithFiberInDEV (node_modules/react-dom/cjs/react-dom-client.development.js:1522:13)
      at warnIfUpdatesNotWrappedWithActDEV (node_modules/react-dom/cjs/react-dom-client.development.js:16022:9)
      at scheduleUpdateOnFiber (node_modules/react-dom/cjs/react-dom-client.development.js:14396:11)
      at dispatchSetStateInternal (node_modules/react-dom/cjs/react-dom-client.development.js:6969:13)
      at dispatchSetState (node_modules/react-dom/cjs/react-dom-client.development.js:6927:7)
      at node_modules/react-router/dist/development/chunk-IIA3TUI2.js:887:36
      at Object.process.env.NODE_ENV.exports.startTransition (node_modules/react/cjs/react.development.js:1125:27)
      at node_modules/react-router/dist/development/chunk-IIA3TUI2.js:887:14
      at push (node_modules/react-router/dist/development/chunk-TGXCWGPT.js:294:7)
      at node_modules/react-router/dist/development/chunk-TGXCWGPT.js:6280:63
      at navigate (src/Pages/UserDashboard.jsx:447:5)
      at Generator.call (src/Pages/UserDashboard.jsx:2:1)
      at Generator._invoke [as next] (src/Pages/UserDashboard.jsx:2:1)
      at asyncGeneratorStep (src/Pages/UserDashboard.jsx:2:1)
      at asyncGeneratorStep (src/Pages/UserDashboard.jsx:2:1)

    console.log
      🔍 Auto-selection check triggered:

      at log (src/Pages/UserDashboard.jsx:762:13)

    console.log
        Blood Bank Selected:

      at log (src/Pages/UserDashboard.jsx:763:13)

    console.log
        MRID Entered:

      at log (src/Pages/UserDashboard.jsx:764:13)

    console.log
        Total Patients Loaded: 0

      at log (src/Pages/UserDashboard.jsx:765:13)

    console.log
      ⏸️ Skipping auto-selection (missing criteria)

      at log (src/Pages/UserDashboard.jsx:768:15)

    console.error
      Error fetching cities: TypeError: response.data.data.slice is not a function
          at slice (D:\BloodDonation\frontend\src\components\CitySearchDropdown.jsx:105:48)
          at Generator.call (D:\BloodDonation\frontend\src\components\CitySearchDropdown.jsx:2:1)
          at Generator._invoke [as next] (D:\BloodDonation\frontend\src\components\CitySearchDropdown.jsx:2:1)
          at asyncGeneratorStep (D:\BloodDonation\frontend\src\components\CitySearchDropdown.jsx:2:1)
          at asyncGeneratorStep (D:\BloodDonation\frontend\src\components\CitySearchDropdown.jsx:2:1)

    [0m [90m 106 |[39m         }
     [90m 107 |[39m       } [36mcatch[39m (error) {
    [31m[1m>[22m[39m[90m 108 |[39m         console[33m.[39merror([32m'Error fetching cities:'[39m[33m,[39m error)[33m;[39m
     [90m     |[39m                 [31m[1m^[22m[39m
     [90m 109 |[39m       } [36mfinally[39m {
     [90m 110 |[39m         setLoading([36mfalse[39m)[33m;[39m
     [90m 111 |[39m       }[0m

      at error (src/components/CitySearchDropdown.jsx:108:17)
      at Generator.call (src/components/CitySearchDropdown.jsx:2:1)
      at Generator._invoke [as next] (src/components/CitySearchDropdown.jsx:2:1)
      at asyncGeneratorStep (src/components/CitySearchDropdown.jsx:2:1)
      at asyncGeneratorStep (src/components/CitySearchDropdown.jsx:2:1)

    console.error
      TypeError: cities.slice is not a function
          at slice (D:\BloodDonation\frontend\src\components\CitySearchDropdown.jsx:125:32)
          at Object.react_stack_bottom_frame (D:\BloodDonation\frontend\node_modules\react-dom\cjs\react-dom-client.development.js:23953:20)
          at runWithFiberInDEV (D:\BloodDonation\frontend\node_modules\react-dom\cjs\react-dom-client.development.js:1522:13)
          at commitHookEffectListMount (D:\BloodDonation\frontend\node_modules\react-dom\cjs\react-dom-client.development.js:11905:29)
          at commitHookPassiveMountEffects (D:\BloodDonation\frontend\node_modules\react-dom\cjs\react-dom-client.development.js:12028:11)
          at commitPassiveMountOnFiber (D:\BloodDonation\frontend\node_modules\react-dom\cjs\react-dom-client.development.js:13841:13)
          at recursivelyTraversePassiveMountEffects (D:\BloodDonation\frontend\node_modules\react-dom\cjs\react-dom-client.development.js:13815:11)
          at commitPassiveMountOnFiber (D:\BloodDonation\frontend\node_modules\react-dom\cjs\react-dom-client.development.js:13957:11)
          ... collapsed 14 duplicate lines matching above 2 lines 7 times...
          at recursivelyTraversePassiveMountEffects (D:\BloodDonation\frontend\node_modules\react-dom\cjs\react-dom-client.development.js:13815:11)
          at commitPassiveMountOnFiber (D:\BloodDonation\frontend\node_modules\react-dom\cjs\react-dom-client.development.js:13834:11)
          at recursivelyTraversePassiveMountEffects (D:\BloodDonation\frontend\node_modules\react-dom\cjs\react-dom-client.development.js:13815:11)
          at commitPassiveMountOnFiber (D:\BloodDonation\frontend\node_modules\react-dom\cjs\react-dom-client.development.js:13834:11)
          at recursivelyTraversePassiveMountEffects (D:\BloodDonation\frontend\node_modules\react-dom\cjs\react-dom-client.development.js:13815:11)
          at commitPassiveMountOnFiber (D:\BloodDonation\frontend\node_modules\react-dom\cjs\react-dom-client.development.js:13957:11)
          at recursivelyTraversePassiveMountEffects (D:\BloodDonation\frontend\node_modules\react-dom\cjs\react-dom-client.development.js:13815:11)
          at commitPassiveMountOnFiber (D:\BloodDonation\frontend\node_modules\react-dom\cjs\react-dom-client.development.js:13957:11)
          at recursivelyTraversePassiveMountEffects (D:\BloodDonation\frontend\node_modules\react-dom\cjs\react-dom-client.development.js:13815:11)
          at commitPassiveMountOnFiber (D:\BloodDonation\frontend\node_modules\react-dom\cjs\react-dom-client.development.js:13834:11)
          at recursivelyTraversePassiveMountEffects (D:\BloodDonation\frontend\node_modules\react-dom\cjs\react-dom-client.development.js:13815:11)
          at commitPassiveMountOnFiber (D:\BloodDonation\frontend\node_modules\react-dom\cjs\react-dom-client.development.js:13834:11)
          at recursivelyTraversePassiveMountEffects (D:\BloodDonation\frontend\node_modules\react-dom\cjs\react-dom-client.development.js:13815:11)
          at commitPassiveMountOnFiber (D:\BloodDonation\frontend\node_modules\react-dom\cjs\react-dom-client.development.js:13853:11)
          at flushPassiveEffects (D:\BloodDonation\frontend\node_modules\react-dom\cjs\react-dom-client.development.js:15737:9)
          at D:\BloodDonation\frontend\node_modules\react-dom\cjs\react-dom-client.development.js:15379:15
          at performWorkUntilDeadline (D:\BloodDonation\frontend\node_modules\scheduler\cjs\scheduler.development.js:45:48)
          at Timeout.task [as _onTimeout] (D:\BloodDonation\frontend\node_modules\jsdom\lib\jsdom\browser\Window.js:579:19)
          at listOnTimeout (node:internal/timers:605:17)
          at processTimers (node:internal/timers:541:7)

      at process.env.NODE_ENV.reportGlobalError (node_modules/react-dom/cjs/react-dom-client.development.js:24133:23)
      at defaultOnUncaughtError (node_modules/react-dom/cjs/react-dom-client.development.js:8282:7)
      at logUncaughtError (node_modules/react-dom/cjs/react-dom-client.development.js:8352:11)
      at runWithFiberInDEV (node_modules/react-dom/cjs/react-dom-client.development.js:1522:13)
      at lane.callback (node_modules/react-dom/cjs/react-dom-client.development.js:8382:9)
      at callCallback (node_modules/react-dom/cjs/react-dom-client.development.js:5363:16)
      at commitCallbacks (node_modules/react-dom/cjs/react-dom-client.development.js:5383:11)
      at runWithFiberInDEV (node_modules/react-dom/cjs/react-dom-client.development.js:1522:13)
      at commitLayoutEffectOnFiber (node_modules/react-dom/cjs/react-dom-client.development.js:12709:15)
      at flushLayoutEffects (node_modules/react-dom/cjs/react-dom-client.development.js:15559:15)
      at commitRoot (node_modules/react-dom/cjs/react-dom-client.development.js:15402:9)
      at commitRootWhenReady (node_modules/react-dom/cjs/react-dom-client.development.js:14652:7)
      at performWorkOnRoot (node_modules/react-dom/cjs/react-dom-client.development.js:14575:15)
      at performSyncWorkOnRoot (node_modules/react-dom/cjs/react-dom-client.development.js:16231:7)
      at flushSyncWorkAcrossRoots_impl (node_modules/react-dom/cjs/react-dom-client.development.js:16079:21)
      at flushPassiveEffects (node_modules/react-dom/cjs/react-dom-client.development.js:15749:9)
      at node_modules/react-dom/cjs/react-dom-client.development.js:15379:15
      at performWorkUntilDeadline (node_modules/scheduler/cjs/scheduler.development.js:45:48)
      at Timeout.task [as _onTimeout] (node_modules/jsdom/lib/jsdom/browser/Window.js:579:19)

    console.warn
      An error occurred in the <CitySearchDropdown> component.
      
      Consider adding an error boundary to your tree to customize error handling behavior.
      Visit https://react.dev/link/error-boundaries to learn more about error boundaries.

      at defaultOnUncaughtError (node_modules/react-dom/cjs/react-dom-client.development.js:8283:15)
      at logUncaughtError (node_modules/react-dom/cjs/react-dom-client.development.js:8352:11)
      at runWithFiberInDEV (node_modules/react-dom/cjs/react-dom-client.development.js:1522:13)
      at lane.callback (node_modules/react-dom/cjs/react-dom-client.development.js:8382:9)
      at callCallback (node_modules/react-dom/cjs/react-dom-client.development.js:5363:16)
      at commitCallbacks (node_modules/react-dom/cjs/react-dom-client.development.js:5383:11)
      at runWithFiberInDEV (node_modules/react-dom/cjs/react-dom-client.development.js:1522:13)
      at commitLayoutEffectOnFiber (node_modules/react-dom/cjs/react-dom-client.development.js:12709:15)
      at flushLayoutEffects (node_modules/react-dom/cjs/react-dom-client.development.js:15559:15)
      at commitRoot (node_modules/react-dom/cjs/react-dom-client.development.js:15402:9)
      at commitRootWhenReady (node_modules/react-dom/cjs/react-dom-client.development.js:14652:7)
      at performWorkOnRoot (node_modules/react-dom/cjs/react-dom-client.development.js:14575:15)
      at performSyncWorkOnRoot (node_modules/react-dom/cjs/react-dom-client.development.js:16231:7)
      at flushSyncWorkAcrossRoots_impl (node_modules/react-dom/cjs/react-dom-client.development.js:16079:21)
      at flushPassiveEffects (node_modules/react-dom/cjs/react-dom-client.development.js:15749:9)
      at node_modules/react-dom/cjs/react-dom-client.development.js:15379:15
      at performWorkUntilDeadline (node_modules/scheduler/cjs/scheduler.development.js:45:48)
      at Timeout.task [as _onTimeout] (node_modules/jsdom/lib/jsdom/browser/Window.js:579:19)

    console.log
      🔍 Auto-selection check triggered:

      at log (src/Pages/UserDashboard.jsx:762:13)

    console.log
        Blood Bank Selected:

      at log (src/Pages/UserDashboard.jsx:763:13)

    console.log
        MRID Entered:

      at log (src/Pages/UserDashboard.jsx:764:13)

    console.log
        Total Patients Loaded: 0

      at log (src/Pages/UserDashboard.jsx:765:13)

    console.log
      ⏸️ Skipping auto-selection (missing criteria)

      at log (src/Pages/UserDashboard.jsx:768:15)

    console.error
      Error fetching cities: TypeError: response.data.data.slice is not a function
          at slice (D:\BloodDonation\frontend\src\components\CitySearchDropdown.jsx:105:48)
          at Generator.call (D:\BloodDonation\frontend\src\components\CitySearchDropdown.jsx:2:1)
          at Generator._invoke [as next] (D:\BloodDonation\frontend\src\components\CitySearchDropdown.jsx:2:1)
          at asyncGeneratorStep (D:\BloodDonation\frontend\src\components\CitySearchDropdown.jsx:2:1)
          at asyncGeneratorStep (D:\BloodDonation\frontend\src\components\CitySearchDropdown.jsx:2:1)

    [0m [90m 106 |[39m         }
     [90m 107 |[39m       } [36mcatch[39m (error) {
    [31m[1m>[22m[39m[90m 108 |[39m         console[33m.[39merror([32m'Error fetching cities:'[39m[33m,[39m error)[33m;[39m
     [90m     |[39m                 [31m[1m^[22m[39m
     [90m 109 |[39m       } [36mfinally[39m {
     [90m 110 |[39m         setLoading([36mfalse[39m)[33m;[39m
     [90m 111 |[39m       }[0m

      at error (src/components/CitySearchDropdown.jsx:108:17)
      at Generator.call (src/components/CitySearchDropdown.jsx:2:1)
      at Generator._invoke [as next] (src/components/CitySearchDropdown.jsx:2:1)
      at asyncGeneratorStep (src/components/CitySearchDropdown.jsx:2:1)
      at asyncGeneratorStep (src/components/CitySearchDropdown.jsx:2:1)

    console.log
      🔍 Auto-selection check triggered:

      at log (src/Pages/UserDashboard.jsx:762:13)

    console.log
        Blood Bank Selected:

      at log (src/Pages/UserDashboard.jsx:763:13)

    console.log
        MRID Entered:

      at log (src/Pages/UserDashboard.jsx:764:13)

    console.log
        Total Patients Loaded: 0

      at log (src/Pages/UserDashboard.jsx:765:13)

    console.log
      ⏸️ Skipping auto-selection (missing criteria)

      at log (src/Pages/UserDashboard.jsx:768:15)

    console.error
      Error fetching cities: TypeError: response.data.data.slice is not a function
          at slice (D:\BloodDonation\frontend\src\components\CitySearchDropdown.jsx:105:48)
          at Generator.call (D:\BloodDonation\frontend\src\components\CitySearchDropdown.jsx:2:1)
          at Generator._invoke [as next] (D:\BloodDonation\frontend\src\components\CitySearchDropdown.jsx:2:1)
          at asyncGeneratorStep (D:\BloodDonation\frontend\src\components\CitySearchDropdown.jsx:2:1)
          at asyncGeneratorStep (D:\BloodDonation\frontend\src\components\CitySearchDropdown.jsx:2:1)

    [0m [90m 106 |[39m         }
     [90m 107 |[39m       } [36mcatch[39m (error) {
    [31m[1m>[22m[39m[90m 108 |[39m         console[33m.[39merror([32m'Error fetching cities:'[39m[33m,[39m error)[33m;[39m
     [90m     |[39m                 [31m[1m^[22m[39m
     [90m 109 |[39m       } [36mfinally[39m {
     [90m 110 |[39m         setLoading([36mfalse[39m)[33m;[39m
     [90m 111 |[39m       }[0m

      at error (src/components/CitySearchDropdown.jsx:108:17)
      at Generator.call (src/components/CitySearchDropdown.jsx:2:1)
      at Generator._invoke [as next] (src/components/CitySearchDropdown.jsx:2:1)
      at asyncGeneratorStep (src/components/CitySearchDropdown.jsx:2:1)
      at asyncGeneratorStep (src/components/CitySearchDropdown.jsx:2:1)

    console.log
      🔍 Auto-selection check triggered:

      at log (src/Pages/UserDashboard.jsx:762:13)

    console.log
        Blood Bank Selected:

      at log (src/Pages/UserDashboard.jsx:763:13)

    console.log
        MRID Entered:

      at log (src/Pages/UserDashboard.jsx:764:13)

    console.log
        Total Patients Loaded: 0

      at log (src/Pages/UserDashboard.jsx:765:13)

    console.log
      ⏸️ Skipping auto-selection (missing criteria)

      at log (src/Pages/UserDashboard.jsx:768:15)

    console.error
      Error fetching cities: TypeError: response.data.data.slice is not a function
          at slice (D:\BloodDonation\frontend\src\components\CitySearchDropdown.jsx:105:48)
          at Generator.call (D:\BloodDonation\frontend\src\components\CitySearchDropdown.jsx:2:1)
          at Generator._invoke [as next] (D:\BloodDonation\frontend\src\components\CitySearchDropdown.jsx:2:1)
          at asyncGeneratorStep (D:\BloodDonation\frontend\src\components\CitySearchDropdown.jsx:2:1)
          at asyncGeneratorStep (D:\BloodDonation\frontend\src\components\CitySearchDropdown.jsx:2:1)

    [0m [90m 106 |[39m         }
     [90m 107 |[39m       } [36mcatch[39m (error) {
    [31m[1m>[22m[39m[90m 108 |[39m         console[33m.[39merror([32m'Error fetching cities:'[39m[33m,[39m error)[33m;[39m
     [90m     |[39m                 [31m[1m^[22m[39m
     [90m 109 |[39m       } [36mfinally[39m {
     [90m 110 |[39m         setLoading([36mfalse[39m)[33m;[39m
     [90m 111 |[39m       }[0m

      at error (src/components/CitySearchDropdown.jsx:108:17)
      at Generator.call (src/components/CitySearchDropdown.jsx:2:1)
      at Generator._invoke [as next] (src/components/CitySearchDropdown.jsx:2:1)
      at asyncGeneratorStep (src/components/CitySearchDropdown.jsx:2:1)
      at asyncGeneratorStep (src/components/CitySearchDropdown.jsx:2:1)

    console.log
      🔍 Auto-selection check triggered:

      at log (src/Pages/UserDashboard.jsx:762:13)

    console.log
        Blood Bank Selected:

      at log (src/Pages/UserDashboard.jsx:763:13)

    console.log
        MRID Entered:

      at log (src/Pages/UserDashboard.jsx:764:13)

    console.log
        Total Patients Loaded: 0

      at log (src/Pages/UserDashboard.jsx:765:13)

    console.log
      ⏸️ Skipping auto-selection (missing criteria)

      at log (src/Pages/UserDashboard.jsx:768:15)

    console.error
      Error fetching cities: TypeError: response.data.data.slice is not a function
          at slice (D:\BloodDonation\frontend\src\components\CitySearchDropdown.jsx:105:48)
          at Generator.call (D:\BloodDonation\frontend\src\components\CitySearchDropdown.jsx:2:1)
          at Generator._invoke [as next] (D:\BloodDonation\frontend\src\components\CitySearchDropdown.jsx:2:1)
          at asyncGeneratorStep (D:\BloodDonation\frontend\src\components\CitySearchDropdown.jsx:2:1)
          at asyncGeneratorStep (D:\BloodDonation\frontend\src\components\CitySearchDropdown.jsx:2:1)

    [0m [90m 106 |[39m         }
     [90m 107 |[39m       } [36mcatch[39m (error) {
    [31m[1m>[22m[39m[90m 108 |[39m         console[33m.[39merror([32m'Error fetching cities:'[39m[33m,[39m error)[33m;[39m
     [90m     |[39m                 [31m[1m^[22m[39m
     [90m 109 |[39m       } [36mfinally[39m {
     [90m 110 |[39m         setLoading([36mfalse[39m)[33m;[39m
     [90m 111 |[39m       }[0m

      at error (src/components/CitySearchDropdown.jsx:108:17)
      at Generator.call (src/components/CitySearchDropdown.jsx:2:1)
      at Generator._invoke [as next] (src/components/CitySearchDropdown.jsx:2:1)
      at asyncGeneratorStep (src/components/CitySearchDropdown.jsx:2:1)
      at asyncGeneratorStep (src/components/CitySearchDropdown.jsx:2:1)

    console.error
      Failed to fetch notifications: TypeError: res.data.data.filter is not a function
          at filter (D:\BloodDonation\frontend\src\Pages\UserDashboard.jsx:279:43)
          at Generator.call (D:\BloodDonation\frontend\src\Pages\UserDashboard.jsx:2:1)
          at Generator._invoke [as next] (D:\BloodDonation\frontend\src\Pages\UserDashboard.jsx:2:1)
          at asyncGeneratorStep (D:\BloodDonation\frontend\src\Pages\UserDashboard.jsx:2:1)
          at asyncGeneratorStep (D:\BloodDonation\frontend\src\Pages\UserDashboard.jsx:2:1)

    [0m [90m 284 |[39m       }
     [90m 285 |[39m     } [36mcatch[39m (err) {
    [31m[1m>[22m[39m[90m 286 |[39m       console[33m.[39merror([32m'Failed to fetch notifications:'[39m[33m,[39m err)[33m;[39m
     [90m     |[39m               [31m[1m^[22m[39m
     [90m 287 |[39m     }
     [90m 288 |[39m   }[33m;[39m
     [90m 289 |[39m[0m

      at error (src/Pages/UserDashboard.jsx:286:15)
      at Generator.call (src/Pages/UserDashboard.jsx:2:1)
      at Generator._invoke [as next] (src/Pages/UserDashboard.jsx:2:1)
      at asyncGeneratorStep (src/Pages/UserDashboard.jsx:2:1)
      at asyncGeneratorStep (src/Pages/UserDashboard.jsx:2:1)

    console.error
      TypeError: cities.slice is not a function
          at slice (D:\BloodDonation\frontend\src\components\CitySearchDropdown.jsx:125:32)
          at Object.react_stack_bottom_frame (D:\BloodDonation\frontend\node_modules\react-dom\cjs\react-dom-client.development.js:23953:20)
          at runWithFiberInDEV (D:\BloodDonation\frontend\node_modules\react-dom\cjs\react-dom-client.development.js:1522:13)
          at commitHookEffectListMount (D:\BloodDonation\frontend\node_modules\react-dom\cjs\react-dom-client.development.js:11905:29)
          at commitHookPassiveMountEffects (D:\BloodDonation\frontend\node_modules\react-dom\cjs\react-dom-client.development.js:12028:11)
          at commitPassiveMountOnFiber (D:\BloodDonation\frontend\node_modules\react-dom\cjs\react-dom-client.development.js:13841:13)
          at recursivelyTraversePassiveMountEffects (D:\BloodDonation\frontend\node_modules\react-dom\cjs\react-dom-client.development.js:13815:11)
          at commitPassiveMountOnFiber (D:\BloodDonation\frontend\node_modules\react-dom\cjs\react-dom-client.development.js:13957:11)
          ... collapsed 14 duplicate lines matching above 2 lines 7 times...
          at recursivelyTraversePassiveMountEffects (D:\BloodDonation\frontend\node_modules\react-dom\cjs\react-dom-client.development.js:13815:11)
          at commitPassiveMountOnFiber (D:\BloodDonation\frontend\node_modules\react-dom\cjs\react-dom-client.development.js:13834:11)
          at recursivelyTraversePassiveMountEffects (D:\BloodDonation\frontend\node_modules\react-dom\cjs\react-dom-client.development.js:13815:11)
          at commitPassiveMountOnFiber (D:\BloodDonation\frontend\node_modules\react-dom\cjs\react-dom-client.development.js:13834:11)
          at recursivelyTraversePassiveMountEffects (D:\BloodDonation\frontend\node_modules\react-dom\cjs\react-dom-client.development.js:13815:11)
          at commitPassiveMountOnFiber (D:\BloodDonation\frontend\node_modules\react-dom\cjs\react-dom-client.development.js:13957:11)
          at recursivelyTraversePassiveMountEffects (D:\BloodDonation\frontend\node_modules\react-dom\cjs\react-dom-client.development.js:13815:11)
          at commitPassiveMountOnFiber (D:\BloodDonation\frontend\node_modules\react-dom\cjs\react-dom-client.development.js:13957:11)
          at recursivelyTraversePassiveMountEffects (D:\BloodDonation\frontend\node_modules\react-dom\cjs\react-dom-client.development.js:13815:11)
          at commitPassiveMountOnFiber (D:\BloodDonation\frontend\node_modules\react-dom\cjs\react-dom-client.development.js:13834:11)
          at recursivelyTraversePassiveMountEffects (D:\BloodDonation\frontend\node_modules\react-dom\cjs\react-dom-client.development.js:13815:11)
          at commitPassiveMountOnFiber (D:\BloodDonation\frontend\node_modules\react-dom\cjs\react-dom-client.development.js:13834:11)
          at recursivelyTraversePassiveMountEffects (D:\BloodDonation\frontend\node_modules\react-dom\cjs\react-dom-client.development.js:13815:11)
          at commitPassiveMountOnFiber (D:\BloodDonation\frontend\node_modules\react-dom\cjs\react-dom-client.development.js:13853:11)
          at flushPassiveEffects (D:\BloodDonation\frontend\node_modules\react-dom\cjs\react-dom-client.development.js:15737:9)
          at D:\BloodDonation\frontend\node_modules\react-dom\cjs\react-dom-client.development.js:15379:15
          at performWorkUntilDeadline (D:\BloodDonation\frontend\node_modules\scheduler\cjs\scheduler.development.js:45:48)
          at Timeout.task [as _onTimeout] (D:\BloodDonation\frontend\node_modules\jsdom\lib\jsdom\browser\Window.js:579:19)
          at listOnTimeout (node:internal/timers:605:17)
          at processTimers (node:internal/timers:541:7)

      at process.env.NODE_ENV.reportGlobalError (node_modules/react-dom/cjs/react-dom-client.development.js:24133:23)
      at defaultOnUncaughtError (node_modules/react-dom/cjs/react-dom-client.development.js:8282:7)
      at logUncaughtError (node_modules/react-dom/cjs/react-dom-client.development.js:8352:11)
      at runWithFiberInDEV (node_modules/react-dom/cjs/react-dom-client.development.js:1522:13)
      at lane.callback (node_modules/react-dom/cjs/react-dom-client.development.js:8382:9)
      at callCallback (node_modules/react-dom/cjs/react-dom-client.development.js:5363:16)
      at commitCallbacks (node_modules/react-dom/cjs/react-dom-client.development.js:5383:11)
      at runWithFiberInDEV (node_modules/react-dom/cjs/react-dom-client.development.js:1522:13)
      at commitLayoutEffectOnFiber (node_modules/react-dom/cjs/react-dom-client.development.js:12709:15)
      at flushLayoutEffects (node_modules/react-dom/cjs/react-dom-client.development.js:15559:15)
      at commitRoot (node_modules/react-dom/cjs/react-dom-client.development.js:15402:9)
      at commitRootWhenReady (node_modules/react-dom/cjs/react-dom-client.development.js:14652:7)
      at performWorkOnRoot (node_modules/react-dom/cjs/react-dom-client.development.js:14575:15)
      at performSyncWorkOnRoot (node_modules/react-dom/cjs/react-dom-client.development.js:16231:7)
      at flushSyncWorkAcrossRoots_impl (node_modules/react-dom/cjs/react-dom-client.development.js:16079:21)
      at flushPassiveEffects (node_modules/react-dom/cjs/react-dom-client.development.js:15749:9)
      at node_modules/react-dom/cjs/react-dom-client.development.js:15379:15
      at performWorkUntilDeadline (node_modules/scheduler/cjs/scheduler.development.js:45:48)
      at Timeout.task [as _onTimeout] (node_modules/jsdom/lib/jsdom/browser/Window.js:579:19)

    console.warn
      An error occurred in the <CitySearchDropdown> component.
      
      Consider adding an error boundary to your tree to customize error handling behavior.
      Visit https://react.dev/link/error-boundaries to learn more about error boundaries.

      at defaultOnUncaughtError (node_modules/react-dom/cjs/react-dom-client.development.js:8283:15)
      at logUncaughtError (node_modules/react-dom/cjs/react-dom-client.development.js:8352:11)
      at runWithFiberInDEV (node_modules/react-dom/cjs/react-dom-client.development.js:1522:13)
      at lane.callback (node_modules/react-dom/cjs/react-dom-client.development.js:8382:9)
      at callCallback (node_modules/react-dom/cjs/react-dom-client.development.js:5363:16)
      at commitCallbacks (node_modules/react-dom/cjs/react-dom-client.development.js:5383:11)
      at runWithFiberInDEV (node_modules/react-dom/cjs/react-dom-client.development.js:1522:13)
      at commitLayoutEffectOnFiber (node_modules/react-dom/cjs/react-dom-client.development.js:12709:15)
      at flushLayoutEffects (node_modules/react-dom/cjs/react-dom-client.development.js:15559:15)
      at commitRoot (node_modules/react-dom/cjs/react-dom-client.development.js:15402:9)
      at commitRootWhenReady (node_modules/react-dom/cjs/react-dom-client.development.js:14652:7)
      at performWorkOnRoot (node_modules/react-dom/cjs/react-dom-client.development.js:14575:15)
      at performSyncWorkOnRoot (node_modules/react-dom/cjs/react-dom-client.development.js:16231:7)
      at flushSyncWorkAcrossRoots_impl (node_modules/react-dom/cjs/react-dom-client.development.js:16079:21)
      at flushPassiveEffects (node_modules/react-dom/cjs/react-dom-client.development.js:15749:9)
      at node_modules/react-dom/cjs/react-dom-client.development.js:15379:15
      at performWorkUntilDeadline (node_modules/scheduler/cjs/scheduler.development.js:45:48)
      at Timeout.task [as _onTimeout] (node_modules/jsdom/lib/jsdom/browser/Window.js:579:19)

  ● UserDashboard Component › renders Find Donors tab by default

    TypeError: expect(...).toBeInTheDocument is not a function

    [0m [90m 31 |[39m   test([32m'renders Find Donors tab by default'[39m[33m,[39m () [33m=>[39m {
     [90m 32 |[39m     render([33m<[39m[33mBrowserRouter[39m[33m>[39m[33m<[39m[33mUserDashboard[39m [33m/[39m[33m>[39m[33m<[39m[33m/[39m[33mBrowserRouter[39m[33m>[39m)[33m;[39m
    [31m[1m>[22m[39m[90m 33 |[39m     expect(screen[33m.[39mgetByText([35m/Find Blood Donors/i[39m))[33m.[39mtoBeInTheDocument()[33m;[39m
     [90m    |[39m                                                    [31m[1m^[22m[39m
     [90m 34 |[39m   })[33m;[39m
     [90m 35 |[39m
     [90m 36 |[39m   test([32m'search donors by blood group and city'[39m[33m,[39m [36masync[39m () [33m=>[39m {[0m

      at Object.toBeInTheDocument (src/Pages/__tests__/UserDashboard.test.jsx:33:52)

  ● UserDashboard Component › search donors by blood group and city

    TestingLibraryElementError: Found a label with the text of: /Blood Type/i, however no form control was found associated to that label. Make sure you're using the "for" attribute or "aria-labelledby" attribute correctly.

    Ignored nodes: comments, script, style
    [36m<body>[39m
      [36m<div>[39m
        [36m<div[39m
          [33mclass[39m=[32m"fixed inset-0 min-h-screen w-full overflow-auto bg-gradient-to-br from-rose-50 via-red-50 to-amber-100 dark:from-slate-900 dark:via-neutral-900 dark:to-black"[39m
        [36m>[39m
          [36m<div[39m
            [33mclass[39m=[32m"pointer-events-none absolute -top-24 -left-24 h-72 w-72 rounded-full bg-rose-400/40 blur-3xl dark:bg-rose-600/30"[39m
          [36m/>[39m
          [36m<div[39m
            [33mclass[39m=[32m"pointer-events-none absolute top-32 -right-16 h-80 w-80 rounded-full bg-red-500/30 blur-3xl dark:bg-amber-500/20"[39m
          [36m/>[39m
          [36m<div[39m
            [33mclass[39m=[32m"pointer-events-none absolute -bottom-24 left-1/2 h-96 w-96 -translate-x-1/2 rounded-full bg-pink-400/20 blur-3xl dark:bg-fuchsia-600/20"[39m
          [36m/>[39m
          [36m<header[39m
            [33mclass[39m=[32m"relative z-10"[39m
          [36m>[39m
            [36m<nav[39m
              [33mclass[39m=[32m"mx-auto flex w-full max-w-7xl items-center justify-between px-4 py-5 md:px-6"[39m
            [36m>[39m
              [36m<a[39m
                [33mclass[39m=[32m"flex items-center gap-3"[39m
                [33mdata-discover[39m=[32m"true"[39m
                [33mhref[39m=[32m"/"[39m
              [36m>[39m
                [36m<div[39m
                  [33mclass[39m=[32m"flex h-10 w-10 items-center justify-center rounded-xl bg-gradient-to-br from-rose-500 to-red-600 text-white shadow-lg ring-1 ring-black/10 dark:ring-white/10"[39m
                [36m>[39m
                  [36m<span[39m
                    [33mclass[39m=[32m"text-xl"[39m
                  [36m>[39m
                    [0m🩸[0m
                  [36m</span>[39m
                [36m</div>[39m
                [36m<div[39m
                  [33mclass[39m=[32m"leading-tight"[39m
                [36m>[39m
                  [36m<p[39m
                    [33mclass[39m=[32m"text-lg font-extrabold tracking-tight bg-gradient-to-r from-rose-600 to-red-600 bg-clip-text text-transparent dark:from-rose-300 dark:to-amber-200"[39m
                  [36m>[39m
                    [0mBlood Donation[0m
                  [36m</p>[39m
                  [36m<p[39m
                    [33mclass[39m=[32m"text-xs text-gray-600 dark:text-gray-300"[39m
                  [36m>[39m
                    [0mConnect. Donate. Save lives.[0m
                  [36m</p>[39m
                [36m</div>[39m
              [36m</a>[39m
              [36m<div[39m
                [33mclass[39m=[32m"flex items-center gap-4"[39m
              [36m>[39m
                [36m<div[39m
                  [33mclass[39m=[32m"skeleton h-12 w-12 rounded-full bg-white/20 backdrop-blur-md"[39m
                [36m/>[39m
              [36m</div>[39m
            [36m</nav>[39m
          [36m</header>[39m
          [36m<main[39m
            [33mclass[39m=[32m"relative z-10 mx-auto w-full max-w-7xl px-4 pb-16 md:px-6 md:pb-24"[39m
          [36m>[39m
            [36m<div[39m
              [33mclass[39m=[32m"mx-auto w-full max-w-6xl mb-8"[39m
            [36m>[39m
              [36m<div[39m
                [33mclass[39m=[32m"rounded-2xl border border-white/30 bg-gradient-to-r from-pink-500/10 via-purple-500/10 to-blue-500/10 p-6 shadow-xl backdrop-blur-2xl transition dark:border-white/10"[39m
              [36m>[39m
                [36m<div[39m
                  [33mclass[39m=[32m"flex items-center gap-6"[39m
                [36m>[39m
                  [36m<div[39m
                    [33mclass[39m=[32m"flex-shrink-0 relative"[39m
                  [36m>[39m
                    [36m<button[39m
                      [33mclass[39m=[32m"w-20 h-20 rounded-full bg-gradient-to-br from-pink-500 to-purple-600 flex items-center justify-center text-white text-3xl font-bold shadow-lg ring-4 ring-white/20 hover:ring-pink-300 transition-all cursor-pointer overflow-hidden"[39m
                    [36m>[39m
                      [36m<span />[39m
                    [36m</button>[39m
                  [36m</div>[39m
                  [36m<div[39m
                    [33mclass[39m=[32m"flex-1"[39m
                  [36m>[39m
                    [36m<h1[39m
                      [33mclass[39m=[32m"text-3xl font-bold text-gray-900 dark:text-white mb-1"[39m
                    [36m>[39m
                      [0mWelcome back, [0m
                      [0mUser[0m
                      [0m! 👋[0m
                    [36m</h1>[39m
                    [36m<p[39m
                      [33mclass[39m=[32m"text-gray-600 dark:text-gray-400 text-sm"[39m
                    [36m>[39m
                      [0mManage your profile, find donors, and track donation requests[0m
                    [36m</p>[39m
                    [36m<div[39m
                      [33mclass[39m=[32m"flex gap-3 mt-2"[39m
                    [36m/>[39m
                  [36m</div>[39m
                  [36m<div[39m
                    [33mclass[39m=[32m"hidden lg:flex gap-4"[39m
                  [36m>[39m
                    [36m<div[39m
                      [33mclass[39m=[32m"text-center px-4 py-2 bg-white/50 dark:bg-gray-800/50 rounded-lg"[39m
                    [36m>[39m
                      [36m<div[39m
                        [33mclass[39m=[32m"text-2xl font-bold text-pink-600 dark:text-pink-400"[39m
                      [36m>[39m
                        [0m0[0m
                      [36m</div>[39m
                      [36m<div[39m
                        [33mclass[39m=[32m"text-xs text-gray-600 dark:text-gray-400"[39m
                      [36m>[39m
                        [0mSent[0m
                      [36m</div>[39m
                    [36m</div>[39m
                    [36m<div[39m
                      [33mclass[39m=[32m"text-center px-4 py-2 bg-white/50 dark:bg-gray-800/50 rounded-lg"[39m
                    [36m>[39m
                      [36m<div[39m
                        [33mclass[39m=[32m"text-2xl font-bold text-blue-600 dark:text-blue-400"[39m
                      [36m>[39m
                        [0m0[0m
                      [36m</div>[39m
                      [36m<div[39m
                        [33mclass[39m=[32m"text-xs text-gray-600 dark:text-gray-400"[39m
                      [36m>[39m
                        [0mReceived[0m
                      [36m</div>[39m
                    [36m</div>[39m
                  [36m</div>[39m
                [36m</div>[39m
              [36m</div>[39m
            [36m</div>[39m
            [36m<div[39m
              [33mclass[39m=[32m"flex justify-center mb-6"[39m
            [36m>[39m
              [36m<div[39m
                [33mclass[39m=[32m"flex flex-wrap bg-white/20 rounded-full p-1 backdrop-blur-md gap-1"[39m
              [36m>[39m
                [36m<button[39m
                  [33mclass[39m=[32m"px-6 py-2 rounded-full font-semibold transition bg-pink-600 text-white"[39m
                [36m>[39m
                  [0m🔍 Find Donors[0m
                [36m</button>[39m
                [36m<button[39m
                  [33mclass[39m=[32m"px-6 py-2 rounded-full font-semibold transition text-gray-700 dark:text-gray-300"[39m
                [36m>[39...

    [0m [90m 43 |[39m
     [90m 44 |[39m     render([33m<[39m[33mBrowserRouter[39m[33m>[39m[33m<[39m[33mUserDashboard[39m [33m/[39m[33m>[39m[33m<[39m[33m/[39m[33mBrowserRouter[39m[33m>[39m)[33m;[39m
    [31m[1m>[22m[39m[90m 45 |[39m     fireEvent[33m.[39mchange(screen[33m.[39mgetByLabelText([35m/Blood Type/i[39m)[33m,[39m { target[33m:[39m { value[33m:[39m [32m'A+'[39m } })[33m;[39m
     [90m    |[39m                             [31m[1m^[22m[39m
     [90m 46 |[39m     fireEvent[33m.[39mchange(screen[33m.[39mgetByPlaceholderText([35m/Enter city/i[39m)[33m,[39m { target[33m:[39m { value[33m:[39m [32m'City1'[39m } })[33m;[39m
     [90m 47 |[39m     fireEvent[33m.[39mclick(screen[33m.[39mgetByRole([32m'button'[39m[33m,[39m { name[33m:[39m [35m/Search Donors/i[39m }))[33m;[39m
     [90m 48 |[39m[0m

      at Object.getElementError (node_modules/@testing-library/dom/dist/config.js:37:19)
      at getElementError (node_modules/@testing-library/dom/dist/queries/label-text.js:108:40)
      at apply (node_modules/@testing-library/dom/dist/query-helpers.js:52:25)
      at apply (node_modules/@testing-library/dom/dist/query-helpers.js:95:24)
      at getByLabelText (src/Pages/__tests__/UserDashboard.test.jsx:45:29)
      at Generator.call (src/Pages/__tests__/UserDashboard.test.jsx:2:1)
      at Generator._invoke [as next] (src/Pages/__tests__/UserDashboard.test.jsx:2:1)
      at asyncGeneratorStep (src/Pages/__tests__/UserDashboard.test.jsx:2:1)
      at asyncGeneratorStep (src/Pages/__tests__/UserDashboard.test.jsx:2:1)
      at _next (src/Pages/__tests__/UserDashboard.test.jsx:2:1)
      at Object.<anonymous> (src/Pages/__tests__/UserDashboard.test.jsx:2:1)

  ● UserDashboard Component › fetch patient by MRID and search donors

    TestingLibraryElementError: Found multiple elements with the role "button" and name `/Search by MRID/i`

    Here are the matching elements:

    Ignored nodes: comments, script, style
    [36m<button[39m
      [33mclass[39m=[32m"px-6 py-2 rounded-full font-semibold transition text-gray-700 dark:text-gray-300"[39m
    [36m>[39m
      [0m🆔 Search by MRID[0m
    [36m</button>[39m

    Ignored nodes: comments, script, style
    [36m<button[39m
      [33mclass[39m=[32m"inline-flex items-center justify-center rounded-2xl bg-gradient-to-r from-indigo-500 to-purple-500 px-6 py-3 font-semibold text-white shadow-lg ring-1 ring-black/10 transition hover:scale-[1.02] hover:shadow-indigo-500/30 active:scale-[0.99] disabled:opacity-50"[39m
      [33mtype[39m=[32m"button"[39m
    [36m>[39m
      [36m<span[39m
        [33mclass[39m=[32m"mr-2"[39m
      [36m>[39m
        [0m🆔[0m
      [36m</span>[39m
      [0mSearch by MRID[0m
    [36m</button>[39m

    (If this is intentional, then use the `*AllBy*` variant of the query (like `queryAllByText`, `getAllByText`, or `findAllByText`)).

    Ignored nodes: comments, script, style
    [36m<body>[39m
      [36m<div>[39m
        [36m<div[39m
          [33mclass[39m=[32m"fixed inset-0 min-h-screen w-full overflow-auto bg-gradient-to-br from-rose-50 via-red-50 to-amber-100 dark:from-slate-900 dark:via-neutral-900 dark:to-black"[39m
        [36m>[39m
          [36m<div[39m
            [33mclass[39m=[32m"pointer-events-none absolute -top-24 -left-24 h-72 w-72 rounded-full bg-rose-400/40 blur-3xl dark:bg-rose-600/30"[39m
          [36m/>[39m
          [36m<div[39m
            [33mclass[39m=[32m"pointer-events-none absolute top-32 -right-16 h-80 w-80 rounded-full bg-red-500/30 blur-3xl dark:bg-amber-500/20"[39m
          [36m/>[39m
          [36m<div[39m
            [33mclass[39m=[32m"pointer-events-none absolute -bottom-24 left-1/2 h-96 w-96 -translate-x-1/2 rounded-full bg-pink-400/20 blur-3xl dark:bg-fuchsia-600/20"[39m
          [36m/>[39m
          [36m<header[39m
            [33mclass[39m=[32m"relative z-10"[39m
          [36m>[39m
            [36m<nav[39m
              [33mclass[39m=[32m"mx-auto flex w-full max-w-7xl items-center justify-between px-4 py-5 md:px-6"[39m
            [36m>[39m
              [36m<a[39m
                [33mclass[39m=[32m"flex items-center gap-3"[39m
                [33mdata-discover[39m=[32m"true"[39m
                [33mhref[39m=[32m"/"[39m
              [36m>[39m
                [36m<div[39m
                  [33mclass[39m=[32m"flex h-10 w-10 items-center justify-center rounded-xl bg-gradient-to-br from-rose-500 to-red-600 text-white shadow-lg ring-1 ring-black/10 dark:ring-white/10"[39m
                [36m>[39m
                  [36m<span[39m
                    [33mclass[39m=[32m"text-xl"[39m
                  [36m>[39m
                    [0m🩸[0m
                  [36m</span>[39m
                [36m</div>[39m
                [36m<div[39m
                  [33mclass[39m=[32m"leading-tight"[39m
                [36m>[39m
                  [36m<p[39m
                    [33mclass[39m=[32m"text-lg font-extrabold tracking-tight bg-gradient-to-r from-rose-600 to-red-600 bg-clip-text text-transparent dark:from-rose-300 dark:to-amber-200"[39m
                  [36m>[39m
                    [0mBlood Donation[0m
                  [36m</p>[39m
                  [36m<p[39m
                    [33mclass[39m=[32m"text-xs text-gray-600 dark:text-gray-300"[39m
                  [36m>[39m
                    [0mConnect. Donate. Save lives.[0m
                  [36m</p>[39m
                [36m</div>[39m
              [36m</a>[39m
              [36m<div[39m
                [33mclass[39m=[32m"flex items-center gap-4"[39m
              [36m>[39m
                [36m<div[39m
                  [33mclass[39m=[32m"skeleton h-12 w-12 rounded-full bg-white/20 backdrop-blur-md"[39m
                [36m/>[39m
              [36m</div>[39m
            [36m</nav>[39m
          [36m</header>[39m
          [36m<main[39m
            [33mclass[39m=[32m"relative z-10 mx-auto w-full max-w-7xl px-4 pb-16 md:px-6 md:pb-24"[39m
          [36m>[39m
            [36m<div[39m
              [33mclass[39m=[32m"mx-auto w-full max-w-6xl mb-8"[39m
            [36m>[39m
              [36m<div[39m
                [33mclass[39m=[32m"rounded-2xl border border-white/30 bg-gradient-to-r from-pink-500/10 via-purple-500/10 to-blue-500/10 p-6 shadow-xl backdrop-blur-2xl transition dark:border-white/10"[39m
              [36m>[39m
                [36m<div[39m
                  [33mclass[39m=[32m"flex items-center gap-6"[39m
                [36m>[39m
                  [36m<div[39m
                    [33mclass[39m=[32m"flex-shrink-0 relative"[39m
                  [36m>[39m
                    [36m<button[39m
                      [33mclass[39m=[32m"w-20 h-20 rounded-full bg-gradient-to-br from-pink-500 to-purple-600 flex items-center justify-center text-white text-3xl font-bold shadow-lg ring-4 ring-white/20 hover:ring-pink-300 transition-all cursor-pointer overflow-hidden"[39m
                    [36m>[39m
                      [36m<span />[39m
                    [36m</button>[39m
                  [36m</div>[39m
                  [36m<div[39m
                    [33mclass[39m=[32m"flex-1"[39m
                  [36m>[39m
                    [36m<h1[39m
                      [33mclass[39m=[32m"text-3xl font-bold text-gray-900 dark:text-white mb-1"[39m
                    [36m>[39m
                      [0mWelcome back, [0m
                      [0mUser[0m
                      [0m! 👋[0m
                    [36m</h1>[39m
                    [36m<p[39m
                      [33mclass[39m=[32m"text-gray-600 dark:text-gray-400 text-sm"[39m
                    [36m>[39m
                      [0mManage your profile, find donors, and track donation requests[0m
                    [36m</p>[39m
                    [36m<div[39m
                      [33mclass[39m=[32m"flex gap-3 mt-2"[39m
                    [36m/>[39m
                  [36m</div>[39m
                  [36m<div[39m
                    [33mclass[39m=[32m"hidden lg:flex gap-4"[39m
                  [36m>[39m
                    [36m<div[39m
                      [33mclass[39m=[32m"text-center px-4 py-2 bg-white/50 dark:bg-gray-800/50 rounded-lg"[39m
                    [36m>[39m
                      [36m<div[39m
                        [33mclass[39m=[32m"text-2xl font-bold text-pink-600 dark:text-pink-400"[39m
                      [36m>[39m
                        [0m0[0m
                      [36m</div>[39m
                      [36m<div[39m
                        [33mclass[39m=[32m"text-xs text-gray-600 dark:text-gray-400"[39m
                      [36m>[39m
                        [0mSent[0m
                      [36m</div>[39m
                    [36m</div>[39m
                    [36m<div[39m
                      [33mclass[39m=[32m"text-center px-4 py-2 bg-white/50 dark:bg-gray-800/50 rounded-lg"[39m
                    [36m>[39m
                      [36m<div[39m
                        [33mclass[39m=[32m"text-2xl font-bold text-blue-600 dark:text-blue-400"[39m
                      [36m>[39m
                        [0m0[0m
                      [36m</div>[39m
                      [36m<div[39m
                        [33mclass[39m=[32m"text-xs text-gray-600 dark:text-gray-400"[39m
                      [36m>[39m
                        [0mReceived[0m
                      [36m</div>[39m
                    [36m</div>[39m
                  [36m</div>[39m
                [36m</div>[39m
              [36m</div>[39m
            [36m</div>[39m
            [36m<div[39m
              [33mclass[39m=[32m"flex justify-center mb-6"[39m
            [36m>[39m
              [36m<div[39m
                [33mclass[39m=[32m"flex flex-wrap bg-white/20 rounded-full p-1 backdrop-blur-md gap-1"[39m
              [36m>[39m
                [36m<button[39m
                  [33mclass[39m=[32m"px-6 py-2 rounded-full font-semibold transition bg-pink-600 text-white"[39m
                [36m>[39m
                  [0m🔍 Find Donors[0m
                [36m</button>[39m
                [36m<button[39m
                  [33mclass[39m=[32m"px-6 py-2 rounded-full font-semibold transition text-gray-700 dark:text-gray-300"[39m
                [36m>[39...

    [0m [90m 72 |[39m
     [90m 73 |[39m     render([33m<[39m[33mBrowserRouter[39m[33m>[39m[33m<[39m[33mUserDashboard[39m [33m/[39m[33m>[39m[33m<[39m[33m/[39m[33mBrowserRouter[39m[33m>[39m)[33m;[39m
    [31m[1m>[22m[39m[90m 74 |[39m     fireEvent[33m.[39mclick(screen[33m.[39mgetByRole([32m'button'[39m[33m,[39m { name[33m:[39m [35m/Search by MRID/i[39m }))[33m;[39m
     [90m    |[39m                            [31m[1m^[22m[39m
     [90m 75 |[39m
     [90m 76 |[39m     [36mconst[39m mridInput [33m=[39m screen[33m.[39mgetByLabelText([35m/Patient MRID/i[39m)[33m;[39m
     [90m 77 |[39m     fireEvent[33m.[39mchange(mridInput[33m,[39m { target[33m:[39m { value[33m:[39m [32m'MRID123'[39m } })[33m;[39m[0m

      at Object.getElementError (node_modules/@testing-library/dom/dist/config.js:37:19)
      at getElementError (node_modules/@testing-library/dom/dist/query-helpers.js:20:35)
      at getElementError (node_modules/@testing-library/dom/dist/query-helpers.js:23:10)
      at getMultipleElementsFoundError (node_modules/@testing-library/dom/dist/query-helpers.js:55:13)
      at apply (node_modules/@testing-library/dom/dist/query-helpers.js:95:24)
      at getByRole (src/Pages/__tests__/UserDashboard.test.jsx:74:28)
      at Generator.call (src/Pages/__tests__/UserDashboard.test.jsx:2:1)
      at Generator._invoke [as next] (src/Pages/__tests__/UserDashboard.test.jsx:2:1)
      at asyncGeneratorStep (src/Pages/__tests__/UserDashboard.test.jsx:2:1)
      at asyncGeneratorStep (src/Pages/__tests__/UserDashboard.test.jsx:2:1)
      at _next (src/Pages/__tests__/UserDashboard.test.jsx:2:1)
      at Object.<anonymous> (src/Pages/__tests__/UserDashboard.test.jsx:2:1)

  ● UserDashboard Component › send donation request

    TypeError: expect(...).toBeInTheDocument is not a function

    Ignored nodes: comments, script, style
    [36m<html[39m
      [33mclass[39m=[32m"dark"[39m
    [36m>[39m
      [36m<head />[39m
      [36m<body>[39m
        [36m<div>[39m
          [36m<div[39m
            [33mclass[39m=[32m"fixed inset-0 min-h-screen w-full overflow-auto bg-gradient-to-br from-rose-50 via-red-50 to-amber-100 dark:from-slate-900 dark:via-neutral-900 dark:to-black"[39m
          [36m>[39m
            [36m<div[39m
              [33mclass[39m=[32m"pointer-events-none absolute -top-24 -left-24 h-72 w-72 rounded-full bg-rose-400/40 blur-3xl dark:bg-rose-600/30"[39m
            [36m/>[39m
            [36m<div[39m
              [33mclass[39m=[32m"pointer-events-none absolute top-32 -right-16 h-80 w-80 rounded-full bg-red-500/30 blur-3xl dark:bg-amber-500/20"[39m
            [36m/>[39m
            [36m<div[39m
              [33mclass[39m=[32m"pointer-events-none absolute -bottom-24 left-1/2 h-96 w-96 -translate-x-1/2 rounded-full bg-pink-400/20 blur-3xl dark:bg-fuchsia-600/20"[39m
            [36m/>[39m
            [36m<header[39m
              [33mclass[39m=[32m"relative z-10"[39m
            [36m>[39m
              [36m<nav[39m
                [33mclass[39m=[32m"mx-auto flex w-full max-w-7xl items-center justify-between px-4 py-5 md:px-6"[39m
              [36m>[39m
                [36m<a[39m
                  [33mclass[39m=[32m"flex items-center gap-3"[39m
                  [33mdata-discover[39m=[32m"true"[39m
                  [33mhref[39m=[32m"/"[39m
                [36m>[39m
                  [36m<div[39m
                    [33mclass[39m=[32m"flex h-10 w-10 items-center justify-center rounded-xl bg-gradient-to-br from-rose-500 to-red-600 text-white shadow-lg ring-1 ring-black/10 dark:ring-white/10"[39m
                  [36m>[39m
                    [36m<span[39m
                      [33mclass[39m=[32m"text-xl"[39m
                    [36m>[39m
                      [0m🩸[0m
                    [36m</span>[39m
                  [36m</div>[39m
                  [36m<div[39m
                    [33mclass[39m=[32m"leading-tight"[39m
                  [36m>[39m
                    [36m<p[39m
                      [33mclass[39m=[32m"text-lg font-extrabold tracking-tight bg-gradient-to-r from-rose-600 to-red-600 bg-clip-text text-transparent dark:from-rose-300 dark:to-amber-200"[39m
                    [36m>[39m
                      [0mBlood Donation[0m
                    [36m</p>[39m
                    [36m<p[39m
                      [33mclass[39m=[32m"text-xs text-gray-600 dark:text-gray-300"[39m
                    [36m>[39m
                      [0mConnect. Donate. Save lives.[0m
                    [36m</p>[39m
                  [36m</div>[39m
                [36m</a>[39m
                [36m<div[39m
                  [33mclass[39m=[32m"flex items-center gap-4"[39m
                [36m>[39m
                  [36m<div[39m
                    [33mclass[39m=[32m"skeleton h-12 w-12 rounded-full bg-white/20 backdrop-blur-md"[39m
                  [36m/>[39m
                [36m</div>[39m
              [36m</nav>[39m
            [36m</header>[39m
            [36m<main[39m
              [33mclass[39m=[32m"relative z-10 mx-auto w-full max-w-7xl px-4 pb-16 md:px-6 md:pb-24"[39m
            [36m>[39m
              [36m<div[39m
                [33mclass[39m=[32m"mx-auto w-full max-w-6xl mb-8"[39m
              [36m>[39m
                [36m<div[39m
                  [33mclass[39m=[32m"rounded-2xl border border-white/30 bg-gradient-to-r from-pink-500/10 via-purple-500/10 to-blue-500/10 p-6 shadow-xl backdrop-blur-2xl transition dark:border-white/10"[39m
                [36m>[39m
                  [36m<div[39m
                    [33mclass[39m=[32m"flex items-center gap-6"[39m
                  [36m>[39m
                    [36m<div[39m
                      [33mclass[39m=[32m"flex-shrink-0 relative"[39m
                    [36m>[39m
                      [36m<button[39m
                        [33mclass[39m=[32m"w-20 h-20 rounded-full bg-gradient-to-br from-pink-500 to-purple-600 flex items-center justify-center text-white text-3xl font-bold shadow-lg ring-4 ring-white/20 hover:ring-pink-300 transition-all cursor-pointer overflow-hidden"[39m
                      [36m>[39m
                        [36m<span />[39m
                      [36m</button>[39m
                    [36m</div>[39m
                    [36m<div[39m
                      [33mclass[39m=[32m"flex-1"[39m
                    [36m>[39m
                      [36m<h1[39m
                        [33mclass[39m=[32m"text-3xl font-bold text-gray-900 dark:text-white mb-1"[39m
                      [36m>[39m
                        [0mWelcome back, [0m
                        [0mUser[0m
                        [0m! 👋[0m
                      [36m</h1>[39m
                      [36m<p[39m
                        [33mclass[39m=[32m"text-gray-600 dark:text-gray-400 text-sm"[39m
                      [36m>[39m
                        [0mManage your profile, find donors, and track donation requests[0m
                      [36m</p>[39m
                      [36m<div[39m
                        [33mclass[39m=[32m"flex gap-3 mt-2"[39m
                      [36m/>[39m
                    [36m</div>[39m
                    [36m<div[39m
                      [33mclass[39m=[32m"hidden lg:flex gap-4"[39m
                    [36m>[39m
                      [36m<div[39m
                        [33mclass[39m=[32m"text-center px-4 py-2 bg-white/50 dark:bg-gray-800/50 rounded-lg"[39m
                      [36m>[39m
                        [36m<div[39m
                          [33mclass[39m=[32m"text-2xl font-bold text-pink-600 dark:text-pink-400"[39m
                        [36m>[39m
                          [0m0[0m
                        [36m</div>[39m
                        [36m<div[39m
                          [33mclass[39m=[32m"text-xs text-gray-600 dark:text-gray-400"[39m
                        [36m>[39m
                          [0mSent[0m
                        [36m</div>[39m
                      [36m</div>[39m
                      [36m<div[39m
                        [33mclass[39m=[32m"text-center px-4 py-2 bg-white/50 dark:bg-gray-800/50 rounded-lg"[39m
                      [36m>[39m
                        [36m<div[39m
                          [33mclass[39m=[32m"text-2xl font-bold text-blue-600 dark:text-blue-400"[39m
                        [36m>[39m
                          [0m0[0m
                        [36m</div>[39m
                        [36m<div[39m
                          [33mclass[39m=[32m"text-xs text-gray-600 dark:text-gray-400"[39m
                        [36m>[39m
                          [0mReceived[0m
                        [36m</div>[39m
                      [36m</div>[39m
                    [36m</div>[39m
                  [36m</div>[39m
                [36m</div>[39m
              [36m</div>[39m
              [36m<div[39m
                [33mclass[39m=[32m"flex justify-center mb-6"[39m
              [36m>[39m
                [36m<div[39m
                  [33mclass[39m=[32m"flex flex-wrap bg-white/20 rounded-full p-1 backdrop-blur-md gap-1"[39m
                [36m>[39m
                  [36m<button[39m
                    ...

    [0m [90m 103 |[39m
     [90m 104 |[39m     [36mawait[39m waitFor(() [33m=>[39m {
    [31m[1m>[22m[39m[90m 105 |[39m       expect(screen[33m.[39mgetByText([35m/Donor3/i[39m))[33m.[39mtoBeInTheDocument()[33m;[39m
     [90m     |[39m                                           [31m[1m^[22m[39m
     [90m 106 |[39m     })[33m;[39m
     [90m 107 |[39m
     [90m 108 |[39m     [36mconst[39m requestButton [33m=[39m screen[33m.[39mgetByRole([32m'button'[39m[33m,[39m { name[33m:[39m [35m/Request/i[39m })[33m;[39m[0m

      at toBeInTheDocument (src/Pages/__tests__/UserDashboard.test.jsx:105:43)
      at callback (node_modules/@testing-library/dom/dist/config.js:47:12)
      at _checkCallback (node_modules/@testing-library/dom/dist/wait-for.js:124:76)
      at checkCallback (node_modules/@testing-library/dom/dist/wait-for.js:118:16)
      at Timeout.task [as _onTimeout] (node_modules/jsdom/lib/jsdom/browser/Window.js:579:19)

  ● UserDashboard Component › profile dropdown toggle and availability toggle

    TypeError: cities.slice is not a function

    [0m [90m 123 |[39m   useEffect(() [33m=>[39m {
     [90m 124 |[39m     [36mif[39m (inputValue[33m.[39mtrim() [33m===[39m [32m''[39m) {
    [31m[1m>[22m[39m[90m 125 |[39m       setFilteredCities(cities[33m.[39mslice([35m0[39m[33m,[39m [35m10[39m))[33m;[39m
     [90m     |[39m                                [31m[1m^[22m[39m
     [90m 126 |[39m     } [36melse[39m {
     [90m 127 |[39m       [36mconst[39m filtered [33m=[39m filterCitiesKNN(cities[33m,[39m inputValue[33m,[39m [35m10[39m)[33m;[39m
     [90m 128 |[39m       setFilteredCities(filtered)[33m;[39m[0m

      at slice (src/components/CitySearchDropdown.jsx:125:32)
      at Object.react_stack_bottom_frame (node_modules/react-dom/cjs/react-dom-client.development.js:23953:20)
      at runWithFiberInDEV (node_modules/react-dom/cjs/react-dom-client.development.js:1522:13)
      at commitHookEffectListMount (node_modules/react-dom/cjs/react-dom-client.development.js:11905:29)
      at commitHookPassiveMountEffects (node_modules/react-dom/cjs/react-dom-client.development.js:12028:11)
      at commitPassiveMountOnFiber (node_modules/react-dom/cjs/react-dom-client.development.js:13841:13)
      at recursivelyTraversePassiveMountEffects (node_modules/react-dom/cjs/react-dom-client.development.js:13815:11)
      at commitPassiveMountOnFiber (node_modules/react-dom/cjs/react-dom-client.development.js:13957:11)
      at recursivelyTraversePassiveMountEffects (node_modules/react-dom/cjs/react-dom-client.development.js:13815:11)
      at commitPassiveMountOnFiber (node_modules/react-dom/cjs/react-dom-client.development.js:13957:11)
      at recursivelyTraversePassiveMountEffects (node_modules/react-dom/cjs/react-dom-client.development.js:13815:11)
      at commitPassiveMountOnFiber (node_modules/react-dom/cjs/react-dom-client.development.js:13957:11)
      at recursivelyTraversePassiveMountEffects (node_modules/react-dom/cjs/react-dom-client.development.js:13815:11)
      at commitPassiveMountOnFiber (node_modules/react-dom/cjs/react-dom-client.development.js:13957:11)
      at recursivelyTraversePassiveMountEffects (node_modules/react-dom/cjs/react-dom-client.development.js:13815:11)
      at commitPassiveMountOnFiber (node_modules/react-dom/cjs/react-dom-client.development.js:13957:11)
      at recursivelyTraversePassiveMountEffects (node_modules/react-dom/cjs/react-dom-client.development.js:13815:11)
      at commitPassiveMountOnFiber (node_modules/react-dom/cjs/react-dom-client.development.js:13957:11)
      at recursivelyTraversePassiveMountEffects (node_modules/react-dom/cjs/react-dom-client.development.js:13815:11)
      at commitPassiveMountOnFiber (node_modules/react-dom/cjs/react-dom-client.development.js:13957:11)
      at recursivelyTraversePassiveMountEffects (node_modules/react-dom/cjs/react-dom-client.development.js:13815:11)
      at commitPassiveMountOnFiber (node_modules/react-dom/cjs/react-dom-client.development.js:13957:11)
      at recursivelyTraversePassiveMountEffects (node_modules/react-dom/cjs/react-dom-client.development.js:13815:11)
      at commitPassiveMountOnFiber (node_modules/react-dom/cjs/react-dom-client.development.js:13834:11)
      at recursivelyTraversePassiveMountEffects (node_modules/react-dom/cjs/react-dom-client.development.js:13815:11)
      at commitPassiveMountOnFiber (node_modules/react-dom/cjs/react-dom-client.development.js:13834:11)
      at recursivelyTraversePassiveMountEffects (node_modules/react-dom/cjs/react-dom-client.development.js:13815:11)
      at commitPassiveMountOnFiber (node_modules/react-dom/cjs/react-dom-client.development.js:13957:11)
      at recursivelyTraversePassiveMountEffects (node_modules/react-dom/cjs/react-dom-client.development.js:13815:11)
      at commitPassiveMountOnFiber (node_modules/react-dom/cjs/react-dom-client.development.js:13957:11)
      at recursivelyTraversePassiveMountEffects (node_modules/react-dom/cjs/react-dom-client.development.js:13815:11)
      at commitPassiveMountOnFiber (node_modules/react-dom/cjs/react-dom-client.development.js:13834:11)
      at recursivelyTraversePassiveMountEffects (node_modules/react-dom/cjs/react-dom-client.development.js:13815:11)
      at commitPassiveMountOnFiber (node_modules/react-dom/cjs/react-dom-client.development.js:13834:11)
      at recursivelyTraversePassiveMountEffects (node_modules/react-dom/cjs/react-dom-client.development.js:13815:11)
      at commitPassiveMountOnFiber (node_modules/react-dom/cjs/react-dom-client.development.js:13853:11)
      at flushPassiveEffects (node_modules/react-dom/cjs/react-dom-client.development.js:15737:9)
      at node_modules/react-dom/cjs/react-dom-client.development.js:15379:15
      at performWorkUntilDeadline (node_modules/scheduler/cjs/scheduler.development.js:45:48)
      at Timeout.task [as _onTimeout] (node_modules/jsdom/lib/jsdom/browser/Window.js:579:19)

  ● UserDashboard Component › profile dropdown toggle and availability toggle

    Unable to find an element with the text: /User1/i. This could be because the text is broken up by multiple elements. In this case, you can provide a function for your text matcher to make your matcher more flexible.

    Ignored nodes: comments, script, style
    [36m<body>[39m
      [36m<div />[39m
    [36m</body>[39m

    [0m [90m 132 |[39m
     [90m 133 |[39m     [90m// Wait for user data to load[39m
    [31m[1m>[22m[39m[90m 134 |[39m     [36mawait[39m waitFor(() [33m=>[39m {
     [90m     |[39m                  [31m[1m^[22m[39m
     [90m 135 |[39m       expect(screen[33m.[39mgetByText([35m/User1/i[39m))[33m.[39mtoBeInTheDocument()[33m;[39m
     [90m 136 |[39m     })[33m;[39m
     [90m 137 |[39m[0m

      at waitForWrapper (node_modules/@testing-library/dom/dist/wait-for.js:163:27)
      at src/Pages/__tests__/UserDashboard.test.jsx:134:18
      at Generator.call (src/Pages/__tests__/UserDashboard.test.jsx:2:1)
      at Generator._invoke [as next] (src/Pages/__tests__/UserDashboard.test.jsx:2:1)
      at asyncGeneratorStep (src/Pages/__tests__/UserDashboard.test.jsx:2:1)
      at asyncGeneratorStep (src/Pages/__tests__/UserDashboard.test.jsx:2:1)
      at _next (src/Pages/__tests__/UserDashboard.test.jsx:2:1)
      at Object.<anonymous> (src/Pages/__tests__/UserDashboard.test.jsx:2:1)

  ● UserDashboard Component › profile completion modal submission

    TypeError: cities.slice is not a function

    [0m [90m 123 |[39m   useEffect(() [33m=>[39m {
     [90m 124 |[39m     [36mif[39m (inputValue[33m.[39mtrim() [33m===[39m [32m''[39m) {
    [31m[1m>[22m[39m[90m 125 |[39m       setFilteredCities(cities[33m.[39mslice([35m0[39m[33m,[39m [35m10[39m))[33m;[39m
     [90m     |[39m                                [31m[1m^[22m[39m
     [90m 126 |[39m     } [36melse[39m {
     [90m 127 |[39m       [36mconst[39m filtered [33m=[39m filterCitiesKNN(cities[33m,[39m inputValue[33m,[39m [35m10[39m)[33m;[39m
     [90m 128 |[39m       setFilteredCities(filtered)[33m;[39m[0m

      at slice (src/components/CitySearchDropdown.jsx:125:32)
      at Object.react_stack_bottom_frame (node_modules/react-dom/cjs/react-dom-client.development.js:23953:20)
      at runWithFiberInDEV (node_modules/react-dom/cjs/react-dom-client.development.js:1522:13)
      at commitHookEffectListMount (node_modules/react-dom/cjs/react-dom-client.development.js:11905:29)
      at commitHookPassiveMountEffects (node_modules/react-dom/cjs/react-dom-client.development.js:12028:11)
      at commitPassiveMountOnFiber (node_modules/react-dom/cjs/react-dom-client.development.js:13841:13)
      at recursivelyTraversePassiveMountEffects (node_modules/react-dom/cjs/react-dom-client.development.js:13815:11)
      at commitPassiveMountOnFiber (node_modules/react-dom/cjs/react-dom-client.development.js:13957:11)
      at recursivelyTraversePassiveMountEffects (node_modules/react-dom/cjs/react-dom-client.development.js:13815:11)
      at commitPassiveMountOnFiber (node_modules/react-dom/cjs/react-dom-client.development.js:13957:11)
      at recursivelyTraversePassiveMountEffects (node_modules/react-dom/cjs/react-dom-client.development.js:13815:11)
      at commitPassiveMountOnFiber (node_modules/react-dom/cjs/react-dom-client.development.js:13957:11)
      at recursivelyTraversePassiveMountEffects (node_modules/react-dom/cjs/react-dom-client.development.js:13815:11)
      at commitPassiveMountOnFiber (node_modules/react-dom/cjs/react-dom-client.development.js:13957:11)
      at recursivelyTraversePassiveMountEffects (node_modules/react-dom/cjs/react-dom-client.development.js:13815:11)
      at commitPassiveMountOnFiber (node_modules/react-dom/cjs/react-dom-client.development.js:13957:11)
      at recursivelyTraversePassiveMountEffects (node_modules/react-dom/cjs/react-dom-client.development.js:13815:11)
      at commitPassiveMountOnFiber (node_modules/react-dom/cjs/react-dom-client.development.js:13957:11)
      at recursivelyTraversePassiveMountEffects (node_modules/react-dom/cjs/react-dom-client.development.js:13815:11)
      at commitPassiveMountOnFiber (node_modules/react-dom/cjs/react-dom-client.development.js:13957:11)
      at recursivelyTraversePassiveMountEffects (node_modules/react-dom/cjs/react-dom-client.development.js:13815:11)
      at commitPassiveMountOnFiber (node_modules/react-dom/cjs/react-dom-client.development.js:13957:11)
      at recursivelyTraversePassiveMountEffects (node_modules/react-dom/cjs/react-dom-client.development.js:13815:11)
      at commitPassiveMountOnFiber (node_modules/react-dom/cjs/react-dom-client.development.js:13834:11)
      at recursivelyTraversePassiveMountEffects (node_modules/react-dom/cjs/react-dom-client.development.js:13815:11)
      at commitPassiveMountOnFiber (node_modules/react-dom/cjs/react-dom-client.development.js:13834:11)
      at recursivelyTraversePassiveMountEffects (node_modules/react-dom/cjs/react-dom-client.development.js:13815:11)
      at commitPassiveMountOnFiber (node_modules/react-dom/cjs/react-dom-client.development.js:13957:11)
      at recursivelyTraversePassiveMountEffects (node_modules/react-dom/cjs/react-dom-client.development.js:13815:11)
      at commitPassiveMountOnFiber (node_modules/react-dom/cjs/react-dom-client.development.js:13957:11)
      at recursivelyTraversePassiveMountEffects (node_modules/react-dom/cjs/react-dom-client.development.js:13815:11)
      at commitPassiveMountOnFiber (node_modules/react-dom/cjs/react-dom-client.development.js:13834:11)
      at recursivelyTraversePassiveMountEffects (node_modules/react-dom/cjs/react-dom-client.development.js:13815:11)
      at commitPassiveMountOnFiber (node_modules/react-dom/cjs/react-dom-client.development.js:13834:11)
      at recursivelyTraversePassiveMountEffects (node_modules/react-dom/cjs/react-dom-client.development.js:13815:11)
      at commitPassiveMountOnFiber (node_modules/react-dom/cjs/react-dom-client.development.js:13853:11)
      at flushPassiveEffects (node_modules/react-dom/cjs/react-dom-client.development.js:15737:9)
      at node_modules/react-dom/cjs/react-dom-client.development.js:15379:15
      at performWorkUntilDeadline (node_modules/scheduler/cjs/scheduler.development.js:45:48)
      at Timeout.task [as _onTimeout] (node_modules/jsdom/lib/jsdom/browser/Window.js:579:19)

  ● UserDashboard Component › profile completion modal submission

    Unable to find an element with the text: /Complete Your Profile/i. This could be because the text is broken up by multiple elements. In this case, you can provide a function for your text matcher to make your matcher more flexible.

    Ignored nodes: comments, script, style
    [36m<body>[39m
      [36m<div />[39m
    [36m</body>[39m

    [0m [90m 164 |[39m     render([33m<[39m[33mBrowserRouter[39m[33m>[39m[33m<[39m[33mUserDashboard[39m [33m/[39m[33m>[39m[33m<[39m[33m/[39m[33mBrowserRouter[39m[33m>[39m)[33m;[39m
     [90m 165 |[39m
    [31m[1m>[22m[39m[90m 166 |[39m     [36mawait[39m waitFor(() [33m=>[39m {
     [90m     |[39m                  [31m[1m^[22m[39m
     [90m 167 |[39m       expect(screen[33m.[39mgetByText([35m/Complete Your Profile/i[39m))[33m.[39mtoBeInTheDocument()[33m;[39m
     [90m 168 |[39m     })[33m;[39m
     [90m 169 |[39m[0m

      at waitForWrapper (node_modules/@testing-library/dom/dist/wait-for.js:163:27)
      at src/Pages/__tests__/UserDashboard.test.jsx:166:18
      at Generator.call (src/Pages/__tests__/UserDashboard.test.jsx:2:1)
      at Generator._invoke [as next] (src/Pages/__tests__/UserDashboard.test.jsx:2:1)
      at asyncGeneratorStep (src/Pages/__tests__/UserDashboard.test.jsx:2:1)
      at asyncGeneratorStep (src/Pages/__tests__/UserDashboard.test.jsx:2:1)
      at _next (src/Pages/__tests__/UserDashboard.test.jsx:2:1)
      at Object.<anonymous> (src/Pages/__tests__/UserDashboard.test.jsx:2:1)

  ● UserDashboard Component › tab navigation

    TestingLibraryElementError: Found multiple elements with the role "button" and name `/Search by MRID/i`

    Here are the matching elements:

    Ignored nodes: comments, script, style
    [36m<button[39m
      [33mclass[39m=[32m"px-6 py-2 rounded-full font-semibold transition text-gray-700 dark:text-gray-300"[39m
    [36m>[39m
      [0m🆔 Search by MRID[0m
    [36m</button>[39m

    Ignored nodes: comments, script, style
    [36m<button[39m
      [33mclass[39m=[32m"inline-flex items-center justify-center rounded-2xl bg-gradient-to-r from-indigo-500 to-purple-500 px-6 py-3 font-semibold text-white shadow-lg ring-1 ring-black/10 transition hover:scale-[1.02] hover:shadow-indigo-500/30 active:scale-[0.99] disabled:opacity-50"[39m
      [33mtype[39m=[32m"button"[39m
    [36m>[39m
      [36m<span[39m
        [33mclass[39m=[32m"mr-2"[39m
      [36m>[39m
        [0m🆔[0m
      [36m</span>[39m
      [0mSearch by MRID[0m
    [36m</button>[39m

    (If this is intentional, then use the `*AllBy*` variant of the query (like `queryAllByText`, `getAllByText`, or `findAllByText`)).

    Ignored nodes: comments, script, style
    [36m<body>[39m
      [36m<div>[39m
        [36m<div[39m
          [33mclass[39m=[32m"fixed inset-0 min-h-screen w-full overflow-auto bg-gradient-to-br from-rose-50 via-red-50 to-amber-100 dark:from-slate-900 dark:via-neutral-900 dark:to-black"[39m
        [36m>[39m
          [36m<div[39m
            [33mclass[39m=[32m"pointer-events-none absolute -top-24 -left-24 h-72 w-72 rounded-full bg-rose-400/40 blur-3xl dark:bg-rose-600/30"[39m
          [36m/>[39m
          [36m<div[39m
            [33mclass[39m=[32m"pointer-events-none absolute top-32 -right-16 h-80 w-80 rounded-full bg-red-500/30 blur-3xl dark:bg-amber-500/20"[39m
          [36m/>[39m
          [36m<div[39m
            [33mclass[39m=[32m"pointer-events-none absolute -bottom-24 left-1/2 h-96 w-96 -translate-x-1/2 rounded-full bg-pink-400/20 blur-3xl dark:bg-fuchsia-600/20"[39m
          [36m/>[39m
          [36m<header[39m
            [33mclass[39m=[32m"relative z-10"[39m
          [36m>[39m
            [36m<nav[39m
              [33mclass[39m=[32m"mx-auto flex w-full max-w-7xl items-center justify-between px-4 py-5 md:px-6"[39m
            [36m>[39m
              [36m<a[39m
                [33mclass[39m=[32m"flex items-center gap-3"[39m
                [33mdata-discover[39m=[32m"true"[39m
                [33mhref[39m=[32m"/"[39m
              [36m>[39m
                [36m<div[39m
                  [33mclass[39m=[32m"flex h-10 w-10 items-center justify-center rounded-xl bg-gradient-to-br from-rose-500 to-red-600 text-white shadow-lg ring-1 ring-black/10 dark:ring-white/10"[39m
                [36m>[39m
                  [36m<span[39m
                    [33mclass[39m=[32m"text-xl"[39m
                  [36m>[39m
                    [0m🩸[0m
                  [36m</span>[39m
                [36m</div>[39m
                [36m<div[39m
                  [33mclass[39m=[32m"leading-tight"[39m
                [36m>[39m
                  [36m<p[39m
                    [33mclass[39m=[32m"text-lg font-extrabold tracking-tight bg-gradient-to-r from-rose-600 to-red-600 bg-clip-text text-transparent dark:from-rose-300 dark:to-amber-200"[39m
                  [36m>[39m
                    [0mBlood Donation[0m
                  [36m</p>[39m
                  [36m<p[39m
                    [33mclass[39m=[32m"text-xs text-gray-600 dark:text-gray-300"[39m
                  [36m>[39m
                    [0mConnect. Donate. Save lives.[0m
                  [36m</p>[39m
                [36m</div>[39m
              [36m</a>[39m
              [36m<div[39m
                [33mclass[39m=[32m"flex items-center gap-4"[39m
              [36m>[39m
                [36m<div[39m
                  [33mclass[39m=[32m"skeleton h-12 w-12 rounded-full bg-white/20 backdrop-blur-md"[39m
                [36m/>[39m
              [36m</div>[39m
            [36m</nav>[39m
          [36m</header>[39m
          [36m<main[39m
            [33mclass[39m=[32m"relative z-10 mx-auto w-full max-w-7xl px-4 pb-16 md:px-6 md:pb-24"[39m
          [36m>[39m
            [36m<div[39m
              [33mclass[39m=[32m"mx-auto w-full max-w-6xl mb-8"[39m
            [36m>[39m
              [36m<div[39m
                [33mclass[39m=[32m"rounded-2xl border border-white/30 bg-gradient-to-r from-pink-500/10 via-purple-500/10 to-blue-500/10 p-6 shadow-xl backdrop-blur-2xl transition dark:border-white/10"[39m
              [36m>[39m
                [36m<div[39m
                  [33mclass[39m=[32m"flex items-center gap-6"[39m
                [36m>[39m
                  [36m<div[39m
                    [33mclass[39m=[32m"flex-shrink-0 relative"[39m
                  [36m>[39m
                    [36m<button[39m
                      [33mclass[39m=[32m"w-20 h-20 rounded-full bg-gradient-to-br from-pink-500 to-purple-600 flex items-center justify-center text-white text-3xl font-bold shadow-lg ring-4 ring-white/20 hover:ring-pink-300 transition-all cursor-pointer overflow-hidden"[39m
                    [36m>[39m
                      [36m<span />[39m
                    [36m</button>[39m
                  [36m</div>[39m
                  [36m<div[39m
                    [33mclass[39m=[32m"flex-1"[39m
                  [36m>[39m
                    [36m<h1[39m
                      [33mclass[39m=[32m"text-3xl font-bold text-gray-900 dark:text-white mb-1"[39m
                    [36m>[39m
                      [0mWelcome back, [0m
                      [0mUser[0m
                      [0m! 👋[0m
                    [36m</h1>[39m
                    [36m<p[39m
                      [33mclass[39m=[32m"text-gray-600 dark:text-gray-400 text-sm"[39m
                    [36m>[39m
                      [0mManage your profile, find donors, and track donation requests[0m
                    [36m</p>[39m
                    [36m<div[39m
                      [33mclass[39m=[32m"flex gap-3 mt-2"[39m
                    [36m/>[39m
                  [36m</div>[39m
                  [36m<div[39m
                    [33mclass[39m=[32m"hidden lg:flex gap-4"[39m
                  [36m>[39m
                    [36m<div[39m
                      [33mclass[39m=[32m"text-center px-4 py-2 bg-white/50 dark:bg-gray-800/50 rounded-lg"[39m
                    [36m>[39m
                      [36m<div[39m
                        [33mclass[39m=[32m"text-2xl font-bold text-pink-600 dark:text-pink-400"[39m
                      [36m>[39m
                        [0m0[0m
                      [36m</div>[39m
                      [36m<div[39m
                        [33mclass[39m=[32m"text-xs text-gray-600 dark:text-gray-400"[39m
                      [36m>[39m
                        [0mSent[0m
                      [36m</div>[39m
                    [36m</div>[39m
                    [36m<div[39m
                      [33mclass[39m=[32m"text-center px-4 py-2 bg-white/50 dark:bg-gray-800/50 rounded-lg"[39m
                    [36m>[39m
                      [36m<div[39m
                        [33mclass[39m=[32m"text-2xl font-bold text-blue-600 dark:text-blue-400"[39m
                      [36m>[39m
                        [0m0[0m
                      [36m</div>[39m
                      [36m<div[39m
                        [33mclass[39m=[32m"text-xs text-gray-600 dark:text-gray-400"[39m
                      [36m>[39m
                        [0mReceived[0m
                      [36m</div>[39m
                    [36m</div>[39m
                  [36m</div>[39m
                [36m</div>[39m
              [36m</div>[39m
            [36m</div>[39m
            [36m<div[39m
              [33mclass[39m=[32m"flex justify-center mb-6"[39m
            [36m>[39m
              [36m<div[39m
                [33mclass[39m=[32m"flex flex-wrap bg-white/20 rounded-full p-1 backdrop-blur-md gap-1"[39m
              [36m>[39m
                [36m<button[39m
                  [33mclass[39m=[32m"px-6 py-2 rounded-full font-semibold transition bg-pink-600 text-white"[39m
                [36m>[39m
                  [0m🔍 Find Donors[0m
                [36m</button>[39m
                [36m<button[39m
                  [33mclass[39m=[32m"px-6 py-2 rounded-full font-semibold transition text-gray-700 dark:text-gray-300"[39m
                [36m>[39...

    [0m [90m 181 |[39m   test([32m'tab navigation'[39m[33m,[39m () [33m=>[39m {
     [90m 182 |[39m     render([33m<[39m[33mBrowserRouter[39m[33m>[39m[33m<[39m[33mUserDashboard[39m [33m/[39m[33m>[39m[33m<[39m[33m/[39m[33mBrowserRouter[39m[33m>[39m)[33m;[39m
    [31m[1m>[22m[39m[90m 183 |[39m     [36mconst[39m searchByMRIDTab [33m=[39m screen[33m.[39mgetByRole([32m'button'[39m[33m,[39m { name[33m:[39m [35m/Search by MRID/i[39m })[33m;[39m
     [90m     |[39m                                    [31m[1m^[22m[39m
     [90m 184 |[39m     fireEvent[33m.[39mclick(searchByMRIDTab)[33m;[39m
     [90m 185 |[39m     expect(screen[33m.[39mgetByText([35m/Search Patient by MRID/i[39m))[33m.[39mtoBeInTheDocument()[33m;[39m
     [90m 186 |[39m[0m

      at Object.getElementError (node_modules/@testing-library/dom/dist/config.js:37:19)
      at getElementError (node_modules/@testing-library/dom/dist/query-helpers.js:20:35)
      at getElementError (node_modules/@testing-library/dom/dist/query-helpers.js:23:10)
      at getMultipleElementsFoundError (node_modules/@testing-library/dom/dist/query-helpers.js:55:13)
      at apply (node_modules/@testing-library/dom/dist/query-helpers.js:95:24)
      at Object.getByRole (src/Pages/__tests__/UserDashboard.test.jsx:183:36)

  ● UserDashboard Component › logout clears localStorage and redirects

    expect(received).toBeNull()

    Received: "testtoken"

    [0m [90m 201 |[39m     fireEvent[33m.[39mclick(logoutButton)[33m;[39m
     [90m 202 |[39m
    [31m[1m>[22m[39m[90m 203 |[39m     expect(localStorage[33m.[39mgetItem([32m'token'[39m))[33m.[39mtoBeNull()[33m;[39m
     [90m     |[39m                                           [31m[1m^[22m[39m
     [90m 204 |[39m     expect(window[33m.[39mlocation[33m.[39mhref)[33m.[39mtoBe([32m'/login'[39m)[33m;[39m
     [90m 205 |[39m   })[33m;[39m
     [90m 206 |[39m[0m

      at Object.toBeNull (src/Pages/__tests__/UserDashboard.test.jsx:203:43)

  ● UserDashboard Component › respond to request - accept

    TypeError: cities.slice is not a function

    [0m [90m 123 |[39m   useEffect(() [33m=>[39m {
     [90m 124 |[39m     [36mif[39m (inputValue[33m.[39mtrim() [33m===[39m [32m''[39m) {
    [31m[1m>[22m[39m[90m 125 |[39m       setFilteredCities(cities[33m.[39mslice([35m0[39m[33m,[39m [35m10[39m))[33m;[39m
     [90m     |[39m                                [31m[1m^[22m[39m
     [90m 126 |[39m     } [36melse[39m {
     [90m 127 |[39m       [36mconst[39m filtered [33m=[39m filterCitiesKNN(cities[33m,[39m inputValue[33m,[39m [35m10[39m)[33m;[39m
     [90m 128 |[39m       setFilteredCities(filtered)[33m;[39m[0m

      at slice (src/components/CitySearchDropdown.jsx:125:32)
      at Object.react_stack_bottom_frame (node_modules/react-dom/cjs/react-dom-client.development.js:23953:20)
      at runWithFiberInDEV (node_modules/react-dom/cjs/react-dom-client.development.js:1522:13)
      at commitHookEffectListMount (node_modules/react-dom/cjs/react-dom-client.development.js:11905:29)
      at commitHookPassiveMountEffects (node_modules/react-dom/cjs/react-dom-client.development.js:12028:11)
      at commitPassiveMountOnFiber (node_modules/react-dom/cjs/react-dom-client.development.js:13841:13)
      at recursivelyTraversePassiveMountEffects (node_modules/react-dom/cjs/react-dom-client.development.js:13815:11)
      at commitPassiveMountOnFiber (node_modules/react-dom/cjs/react-dom-client.development.js:13957:11)
      at recursivelyTraversePassiveMountEffects (node_modules/react-dom/cjs/react-dom-client.development.js:13815:11)
      at commitPassiveMountOnFiber (node_modules/react-dom/cjs/react-dom-client.development.js:13957:11)
      at recursivelyTraversePassiveMountEffects (node_modules/react-dom/cjs/react-dom-client.development.js:13815:11)
      at commitPassiveMountOnFiber (node_modules/react-dom/cjs/react-dom-client.development.js:13957:11)
      at recursivelyTraversePassiveMountEffects (node_modules/react-dom/cjs/react-dom-client.development.js:13815:11)
      at commitPassiveMountOnFiber (node_modules/react-dom/cjs/react-dom-client.development.js:13957:11)
      at recursivelyTraversePassiveMountEffects (node_modules/react-dom/cjs/react-dom-client.development.js:13815:11)
      at commitPassiveMountOnFiber (node_modules/react-dom/cjs/react-dom-client.development.js:13957:11)
      at recursivelyTraversePassiveMountEffects (node_modules/react-dom/cjs/react-dom-client.development.js:13815:11)
      at commitPassiveMountOnFiber (node_modules/react-dom/cjs/react-dom-client.development.js:13957:11)
      at recursivelyTraversePassiveMountEffects (node_modules/react-dom/cjs/react-dom-client.development.js:13815:11)
      at commitPassiveMountOnFiber (node_modules/react-dom/cjs/react-dom-client.development.js:13957:11)
      at recursivelyTraversePassiveMountEffects (node_modules/react-dom/cjs/react-dom-client.development.js:13815:11)
      at commitPassiveMountOnFiber (node_modules/react-dom/cjs/react-dom-client.development.js:13957:11)
      at recursivelyTraversePassiveMountEffects (node_modules/react-dom/cjs/react-dom-client.development.js:13815:11)
      at commitPassiveMountOnFiber (node_modules/react-dom/cjs/react-dom-client.development.js:13834:11)
      at recursivelyTraversePassiveMountEffects (node_modules/react-dom/cjs/react-dom-client.development.js:13815:11)
      at commitPassiveMountOnFiber (node_modules/react-dom/cjs/react-dom-client.development.js:13834:11)
      at recursivelyTraversePassiveMountEffects (node_modules/react-dom/cjs/react-dom-client.development.js:13815:11)
      at commitPassiveMountOnFiber (node_modules/react-dom/cjs/react-dom-client.development.js:13957:11)
      at recursivelyTraversePassiveMountEffects (node_modules/react-dom/cjs/react-dom-client.development.js:13815:11)
      at commitPassiveMountOnFiber (node_modules/react-dom/cjs/react-dom-client.development.js:13957:11)
      at recursivelyTraversePassiveMountEffects (node_modules/react-dom/cjs/react-dom-client.development.js:13815:11)
      at commitPassiveMountOnFiber (node_modules/react-dom/cjs/react-dom-client.development.js:13834:11)
      at recursivelyTraversePassiveMountEffects (node_modules/react-dom/cjs/react-dom-client.development.js:13815:11)
      at commitPassiveMountOnFiber (node_modules/react-dom/cjs/react-dom-client.development.js:13834:11)
      at recursivelyTraversePassiveMountEffects (node_modules/react-dom/cjs/react-dom-client.development.js:13815:11)
      at commitPassiveMountOnFiber (node_modules/react-dom/cjs/react-dom-client.development.js:13853:11)
      at flushPassiveEffects (node_modules/react-dom/cjs/react-dom-client.development.js:15737:9)
      at node_modules/react-dom/cjs/react-dom-client.development.js:15379:15
      at performWorkUntilDeadline (node_modules/scheduler/cjs/scheduler.development.js:45:48)
      at Timeout.task [as _onTimeout] (node_modules/jsdom/lib/jsdom/browser/Window.js:579:19)

  ● UserDashboard Component › respond to request - accept

    Unable to find an element with the text: /My Requests/i. This could be because the text is broken up by multiple elements. In this case, you can provide a function for your text matcher to make your matcher more flexible.

    Ignored nodes: comments, script, style
    [36m<body>[39m
      [36m<div />[39m
    [36m</body>[39m

    [0m [90m 235 |[39m
     [90m 236 |[39m     [90m// Wait for requests to load[39m
    [31m[1m>[22m[39m[90m 237 |[39m     [36mawait[39m waitFor(() [33m=>[39m {
     [90m     |[39m                  [31m[1m^[22m[39m
     [90m 238 |[39m       expect(screen[33m.[39mgetByText([35m/My Requests/i[39m))[33m.[39mtoBeInTheDocument()[33m;[39m
     [90m 239 |[39m     })[33m;[39m
     [90m 240 |[39m[0m

      at waitForWrapper (node_modules/@testing-library/dom/dist/wait-for.js:163:27)
      at src/Pages/__tests__/UserDashboard.test.jsx:237:18
      at Generator.call (src/Pages/__tests__/UserDashboard.test.jsx:2:1)
      at Generator._invoke [as next] (src/Pages/__tests__/UserDashboard.test.jsx:2:1)
      at asyncGeneratorStep (src/Pages/__tests__/UserDashboard.test.jsx:2:1)
      at asyncGeneratorStep (src/Pages/__tests__/UserDashboard.test.jsx:2:1)
      at _next (src/Pages/__tests__/UserDashboard.test.jsx:2:1)
      at Object.<anonymous> (src/Pages/__tests__/UserDashboard.test.jsx:2:1)

  ● UserDashboard Component › respond to request - reject

    Unable to find an element with the text: /Donor2/i. This could be because the text is broken up by multiple elements. In this case, you can provide a function for your text matcher to make your matcher more flexible.

    Ignored nodes: comments, script, style
    [36m<body>[39m
      [36m<div>[39m
        [36m<div[39m
          [33mclass[39m=[32m"fixed inset-0 min-h-screen w-full overflow-auto bg-gradient-to-br from-rose-50 via-red-50 to-amber-100 dark:from-slate-900 dark:via-neutral-900 dark:to-black"[39m
        [36m>[39m
          [36m<div[39m
            [33mclass[39m=[32m"pointer-events-none absolute -top-24 -left-24 h-72 w-72 rounded-full bg-rose-400/40 blur-3xl dark:bg-rose-600/30"[39m
          [36m/>[39m
          [36m<div[39m
            [33mclass[39m=[32m"pointer-events-none absolute top-32 -right-16 h-80 w-80 rounded-full bg-red-500/30 blur-3xl dark:bg-amber-500/20"[39m
          [36m/>[39m
          [36m<div[39m
            [33mclass[39m=[32m"pointer-events-none absolute -bottom-24 left-1/2 h-96 w-96 -translate-x-1/2 rounded-full bg-pink-400/20 blur-3xl dark:bg-fuchsia-600/20"[39m
          [36m/>[39m
          [36m<header[39m
            [33mclass[39m=[32m"relative z-10"[39m
          [36m>[39m
            [36m<nav[39m
              [33mclass[39m=[32m"mx-auto flex w-full max-w-7xl items-center justify-between px-4 py-5 md:px-6"[39m
            [36m>[39m
              [36m<a[39m
                [33mclass[39m=[32m"flex items-center gap-3"[39m
                [33mdata-discover[39m=[32m"true"[39m
                [33mhref[39m=[32m"/"[39m
              [36m>[39m
                [36m<div[39m
                  [33mclass[39m=[32m"flex h-10 w-10 items-center justify-center rounded-xl bg-gradient-to-br from-rose-500 to-red-600 text-white shadow-lg ring-1 ring-black/10 dark:ring-white/10"[39m
                [36m>[39m
                  [36m<span[39m
                    [33mclass[39m=[32m"text-xl"[39m
                  [36m>[39m
                    [0m🩸[0m
                  [36m</span>[39m
                [36m</div>[39m
                [36m<div[39m
                  [33mclass[39m=[32m"leading-tight"[39m
                [36m>[39m
                  [36m<p[39m
                    [33mclass[39m=[32m"text-lg font-extrabold tracking-tight bg-gradient-to-r from-rose-600 to-red-600 bg-clip-text text-transparent dark:from-rose-300 dark:to-amber-200"[39m
                  [36m>[39m
                    [0mBlood Donation[0m
                  [36m</p>[39m
                  [36m<p[39m
                    [33mclass[39m=[32m"text-xs text-gray-600 dark:text-gray-300"[39m
                  [36m>[39m
                    [0mConnect. Donate. Save lives.[0m
                  [36m</p>[39m
                [36m</div>[39m
              [36m</a>[39m
              [36m<div[39m
                [33mclass[39m=[32m"flex items-center gap-4"[39m
              [36m>[39m
                [36m<div[39m
                  [33mclass[39m=[32m"skeleton h-12 w-12 rounded-full bg-white/20 backdrop-blur-md"[39m
                [36m/>[39m
              [36m</div>[39m
            [36m</nav>[39m
          [36m</header>[39m
          [36m<main[39m
            [33mclass[39m=[32m"relative z-10 mx-auto w-full max-w-7xl px-4 pb-16 md:px-6 md:pb-24"[39m
          [36m>[39m
            [36m<div[39m
              [33mclass[39m=[32m"mx-auto w-full max-w-6xl mb-8"[39m
            [36m>[39m
              [36m<div[39m
                [33mclass[39m=[32m"rounded-2xl border border-white/30 bg-gradient-to-r from-pink-500/10 via-purple-500/10 to-blue-500/10 p-6 shadow-xl backdrop-blur-2xl transition dark:border-white/10"[39m
              [36m>[39m
                [36m<div[39m
                  [33mclass[39m=[32m"flex items-center gap-6"[39m
                [36m>[39m
                  [36m<div[39m
                    [33mclass[39m=[32m"flex-shrink-0 relative"[39m
                  [36m>[39m
                    [36m<button[39m
                      [33mclass[39m=[32m"w-20 h-20 rounded-full bg-gradient-to-br from-pink-500 to-purple-600 flex items-center justify-center text-white text-3xl font-bold shadow-lg ring-4 ring-white/20 hover:ring-pink-300 transition-all cursor-pointer overflow-hidden"[39m
                    [36m>[39m
                      [36m<span />[39m
                    [36m</button>[39m
                  [36m</div>[39m
                  [36m<div[39m
                    [33mclass[39m=[32m"flex-1"[39m
                  [36m>[39m
                    [36m<h1[39m
                      [33mclass[39m=[32m"text-3xl font-bold text-gray-900 dark:text-white mb-1"[39m
                    [36m>[39m
                      [0mWelcome back, [0m
                      [0mUser[0m
                      [0m! 👋[0m
                    [36m</h1>[39m
                    [36m<p[39m
                      [33mclass[39m=[32m"text-gray-600 dark:text-gray-400 text-sm"[39m
                    [36m>[39m
                      [0mManage your profile, find donors, and track donation requests[0m
                    [36m</p>[39m
                    [36m<div[39m
                      [33mclass[39m=[32m"flex gap-3 mt-2"[39m
                    [36m/>[39m
                  [36m</div>[39m
                  [36m<div[39m
                    [33mclass[39m=[32m"hidden lg:flex gap-4"[39m
                  [36m>[39m
                    [36m<div[39m
                      [33mclass[39m=[32m"text-center px-4 py-2 bg-white/50 dark:bg-gray-800/50 rounded-lg"[39m
                    [36m>[39m
                      [36m<div[39m
                        [33mclass[39m=[32m"text-2xl font-bold text-pink-600 dark:text-pink-400"[39m
                      [36m>[39m
                        [0m0[0m
                      [36m</div>[39m
                      [36m<div[39m
                        [33mclass[39m=[32m"text-xs text-gray-600 dark:text-gray-400"[39m
                      [36m>[39m
                        [0mSent[0m
                      [36m</div>[39m
                    [36m</div>[39m
                    [36m<div[39m
                      [33mclass[39m=[32m"text-center px-4 py-2 bg-white/50 dark:bg-gray-800/50 rounded-lg"[39m
                    [36m>[39m
                      [36m<div[39m
                        [33mclass[39m=[32m"text-2xl font-bold text-blue-600 dark:text-blue-400"[39m
                      [36m>[39m
                        [0m0[0m
                      [36m</div>[39m
                      [36m<div[39m
                        [33mclass[39m=[32m"text-xs text-gray-600 dark:text-gray-400"[39m
                      [36m>[39m
                        [0mReceived[0m
                      [36m</div>[39m
                    [36m</div>[39m
                  [36m</div>[39m
                [36m</div>[39m
              [36m</div>[39m
            [36m</div>[39m
            [36m<div[39m
              [33mclass[39m=[32m"flex justify-center mb-6"[39m
            [36m>[39m
              [36m<div[39m
                [33mclass[39m=[32m"flex flex-wrap bg-white/20 rounded-full p-1 backdrop-blur-md gap-1"[39m
              [36m>[39m
                [36m<button[39m
                  [33mclass[39m=[32m"px-6 py-2 rounded-full font-semibold transition text-gray-700 dark:text-gray-300"[39m
                [36m>[39m
                  [0m🔍 Find Donors[0m
                [36m</button>[39m
                [36m<button[39m
                  [33mclass[39m=[32m"px-6 py-2 rounded-full font-semibold transition text-gray-700 dark:text-gray-300"[39m
                [36m>[39m
                  [0m🆔 Search by MRID[0m
                [36m</button>[39m
                [36m<button[39m
                  [33mclass[39m=[32m"px-6 py-2 rounded-full font-semibold transition bg-pink-600 text-white"[39m
                [36m>[39m
                  [0m📋 My Requests[0m
                [36m</button>[39m
                [36m<button[39m
                  [33mclass[39m=[32m"px-6 py-2 rounded-full font-semibold transition text-gray-700 dark:text-gray-300"[39m
                [36m>[39m
                  [0m⭐ Leave Reviews[0m
                [36m</button>[39m
              [36m</div>[39m
            [36m</div>[39m
            [36m<div[39m
              [33mclass[39m=[32m"mx-auto w-full max-w-4xl overflow-auto max-h-[70vh]"[39m
            [36m>[39m
              [36m<div[39m
                [33mclass[39m=[32m"rounded-2xl border border-white/30 bg-white/30 p-6 shadow-2xl backdrop-blur-2xl transition dark:border-white/10 dark:bg-white/5 md:p-8"[39m
              [36m>[39m
                [36m<div[39m
                  [33mclass[39m=[32m"mb-6 text-center"[39m
                [36m>[39m
                  [36m<h2[39m
                    [33mclass[39m=[32m"mb-2 text-2xl font-extrabold tracking-tight text-gray-900 dark:text-white md:text-3xl"[39m
                  [36m>[39m
                    [0m📋 My Requests[0m
                  [36m</h2>[39m
                  [36m<p[39m
                    [33mclass[39m=[32m"text-sm text-gray-700 dark:text-gray-300"[39m
                  [36m>[39m
                    [0mView and manage your donation requests[0m
                  [36m</p>[39m
                [36m</div>[39m
                [36m<div[39m
                  [33mclass[39m=[32m"flex justify-center mb-6"[39m
                [36m>[39m
                  [36m<div[39m
                    [33mclass[39m=[32m"flex bg-white/20 rounded-full p-1 backdrop-blur-md"[39m
                  [36m>[39m
                    [36m<button[39m
                      [33mclass[39m=[32m"px-6 py-2 rounded-full font-semibold transition bg-pink-600 text-white"[39m
                    [36m>[39m
                      [0m📤 Sent Requests[0m
                    [36m</button>[39m
                    [36m<button[39m
                      [33mclass[39m=[32m"px-6 py-2 rounded-full font-semibold transition text-gray-700 dark:text-gray-300"[39m
                    [36m>[39m
                      [0m📥 Received Requests[0m
                    [36m</button>[39m
                  [36m</div>[39m
                [36m</div>[39m
                [36m<div[39m
                  [33mclass[39m=[32m"mb-3"[39m
                [36m>[39m
                  [36m<button[39m
                    [33mclass[39m=[32m"flex items-center justify-between w-full px-4 py-2 rounded-lg border border-white/30 bg-white/20 dark:border-white/10 dark:bg-white/5 backdrop-blur-md hover:bg-white/30 dark:hover:bg-white/10 transition"[39m
                  [36m>[39m
                    [36m<span[39m
                      [33mclass[39m=[32m"text-sm font-semibold text-gray-900 dark:text-white flex items-center gap-2"[39m
                    [36m>[39m
                      [0m🔍 Filters[0m
                    [36m</span>[39m
                    [36m<span[39m
                      [33mclass[39m=[32m"text-gray-600 dark:text-gray-400"[39m
                    [36m>[39m
                      [0m▼[0m
                    [36m</span>[39m
                  [36m</button>[39m
                [36m</div>[39m
                [36m<div>[39m
                  [36m<h3[39m
                    [33mclass[39m=[32m"font-semibold mb-3 text-gray-900 dark:text-white"[39m
                  [36m>[39m
                    [0mSent Requests ([0m
                    [0m0[0m
                    [0m)[0m
                  [36m</h3>[39m
                  [36m<p[39m
                    [33mclass[39m=[32m"text-sm text-gray-600 dark:text-gray-400"[39m
                  [36m>[39m
                    [0mNo requests sent yet.[0m
                  [36m</p>[39m
                [36m</div>[39m
              [36m</div>[39m
            [36m</div>[39m
            [36m<div[39m
              [33mclass[39m=[32m"mt-8 text-center"[39m
            [36m>[39m
              [36m<a[39m
                [33mclass[39m=[32m"inline-flex items-center justify-center rounded-2xl bg-gradient-to-r from-green-600 to-emerald-500 px-5 py-3 font-semibold text-white shadow-lg ring-1 ring-black/10 transition hover:scale-[1.02] hover:shadow-green-500/30 active:scale-[0.99] mr-4"[39m
                [33mdata-discover[39m=[32m"true"[39m
                [33mhref[39m=[32m"/donor-register"[39m
              [36m>[39m
                [36m<span[39m
                  [33mclass[39m=[32m"mr-2"[39m
                [36m>[39m
                  [0m🩸[0m
                [36m</span>[39m
                [0mBecome a Donor[0m
              [36m</a>[39m
              [36m<button[39m
                [33mclass[39m=[32m"inline-flex items-center justify-center rounded-2xl bg-gradient-to-r from-red-600 to-rose-500 px-5 py-3 font-semibold text-white shadow-lg ring-1 ring-black/10 transition hover:scale-[1.02] hover:shadow-rose-500/30 active:scale-[0.99]"[39m
              [36m>[39m
                [0m🚪 Logout[0m
              [36m</button>[39m
              [36m<div[39m
                [33mclass[39m=[32m"mt-4"[39m
              [36m>[39m
                [36m<a[39m
                  [33mclass[39m=[32m"text-sm text-gray-600 transition hover:text-gray-800 dark:text-gray-400 dark:hover:text-gray-200"[39m
                  [33mdata-discover[39m=[32m"true"[39m
                  [33mhref[39m=[32m"/"[39m
                [36m>[39m
                  [0m← Back to Home[0m
                [36m</a>[39m
              [36m</div>[39m
            [36m</div>[39m
          [36m</main>[39m
          [36m<footer[39m
            [33mclass[39m=[32m"glass-card w-full py-12 flex flex-col items-center"[39m
          [36m>[39m
            [36m<div[39m
              [33mclass[39m=[32m"flex flex-col items-center"[39m
            [36m>[39m
              [36m<div[39m
                [33mclass[39m=[32m"flex items-center gap-3 mb-2"[39m
              [36m>[39m
                [36m<div[39m
                  [33mclass[39m=[32m"flex h-10 w-10 items-center justify-center rounded-xl bg-gradient-to-br from-pink-500 to-purple-500 text-white shadow-lg ring-1 ring-black/10 dark:ring-white/10"[39m
                [36m>[39m
                  [36m<span[39m
                    [33mclass[39m=[32m"text-xl"[39m
                  [36m>[39m
                    [0m❤️[0m
                  [36m</span>[39m
                [36m</div>[39m
                [36m<span[39m
                  [33mclass[39m=[32m"text-2xl font-bold text-white"[39m
                [36m>[39m
                  [0mHope Web[0m
                [36m</span>[39m
              [36m</div>[39m
              [36m<p[39m
                [33mclass[39m=[32m"text-md text-gray-200 text-center mb-4 max-w-xl"[39m
              [36m>[39m
                [0mConnecting hearts, saving lives. Join our community of heroes making a difference through blood donation.[0m
              [36m</p>[39m
              [36m<div[39m
                [33mclass[39m=[32m"flex gap-8 justify-center mt-2 text-pink-300 text-sm"[39m
              [36m>[39m
                [36m<div[39m
                  [33mclass[39m=[32m"flex items-center gap-2"[39m
                [36m>[39m
                  [36m<span>[39m
                    [0m🔒[0m
                  [36m</span>[39m
                  [0m Secure & Safe[0m
                [36m</div>[39m
                [36m<div[39m
                  [33mclass[39m=[32m"flex items-center gap-2"[39m
                [36m>[39m
                  [36m<span>[39m
                    [0m🕑[0m
                  [36m</span>[39m
                  [0m 24/7 Support[0m
                [36m</div>[39m
                [36m<div[39m
                  [33mclass[39m=[32m"flex items-center gap-2"[39m
                [36m>[39m
                  [36m<span>[39m
                    [0m💖[0m
                  [36m</span>[39m
                  [0m Lives Saved Daily[0m
                [36m</div>[39m
              [36m</div>[39m
            [36m</div>[39m
          [36m</footer>[39m
        [36m</div>[39m
      [36m</div>[39m
    [36m</body>[39m

    [0m [90m 291 |[39m     fireEvent[33m.[39mclick(myRequestsTab)[33m;[39m
     [90m 292 |[39m
    [31m[1m>[22m[39m[90m 293 |[39m     [36mawait[39m waitFor(() [33m=>[39m {
     [90m     |[39m                  [31m[1m^[22m[39m
     [90m 294 |[39m       expect(screen[33m.[39mgetByText([35m/Donor2/i[39m))[33m.[39mtoBeInTheDocument()[33m;[39m
     [90m 295 |[39m     })[33m;[39m
     [90m 296 |[39m[0m

      at waitForWrapper (node_modules/@testing-library/dom/dist/wait-for.js:163:27)
      at src/Pages/__tests__/UserDashboard.test.jsx:293:18
      at Generator.call (src/Pages/__tests__/UserDashboard.test.jsx:2:1)
      at Generator._invoke [as next] (src/Pages/__tests__/UserDashboard.test.jsx:2:1)
      at asyncGeneratorStep (src/Pages/__tests__/UserDashboard.test.jsx:2:1)
      at asyncGeneratorStep (src/Pages/__tests__/UserDashboard.test.jsx:2:1)
      at _next (src/Pages/__tests__/UserDashboard.test.jsx:2:1)
      at Object.<anonymous> (src/Pages/__tests__/UserDashboard.test.jsx:2:1)

  ● UserDashboard Component › booking button shows for accepted requests

    Unable to find an element with the text: /Donor3/i. This could be because the text is broken up by multiple elements. In this case, you can provide a function for your text matcher to make your matcher more flexible.

    Ignored nodes: comments, script, style
    [36m<body>[39m
      [36m<div>[39m
        [36m<div[39m
          [33mclass[39m=[32m"fixed inset-0 min-h-screen w-full overflow-auto bg-gradient-to-br from-rose-50 via-red-50 to-amber-100 dark:from-slate-900 dark:via-neutral-900 dark:to-black"[39m
        [36m>[39m
          [36m<div[39m
            [33mclass[39m=[32m"pointer-events-none absolute -top-24 -left-24 h-72 w-72 rounded-full bg-rose-400/40 blur-3xl dark:bg-rose-600/30"[39m
          [36m/>[39m
          [36m<div[39m
            [33mclass[39m=[32m"pointer-events-none absolute top-32 -right-16 h-80 w-80 rounded-full bg-red-500/30 blur-3xl dark:bg-amber-500/20"[39m
          [36m/>[39m
          [36m<div[39m
            [33mclass[39m=[32m"pointer-events-none absolute -bottom-24 left-1/2 h-96 w-96 -translate-x-1/2 rounded-full bg-pink-400/20 blur-3xl dark:bg-fuchsia-600/20"[39m
          [36m/>[39m
          [36m<header[39m
            [33mclass[39m=[32m"relative z-10"[39m
          [36m>[39m
            [36m<nav[39m
              [33mclass[39m=[32m"mx-auto flex w-full max-w-7xl items-center justify-between px-4 py-5 md:px-6"[39m
            [36m>[39m
              [36m<a[39m
                [33mclass[39m=[32m"flex items-center gap-3"[39m
                [33mdata-discover[39m=[32m"true"[39m
                [33mhref[39m=[32m"/"[39m
              [36m>[39m
                [36m<div[39m
                  [33mclass[39m=[32m"flex h-10 w-10 items-center justify-center rounded-xl bg-gradient-to-br from-rose-500 to-red-600 text-white shadow-lg ring-1 ring-black/10 dark:ring-white/10"[39m
                [36m>[39m
                  [36m<span[39m
                    [33mclass[39m=[32m"text-xl"[39m
                  [36m>[39m
                    [0m🩸[0m
                  [36m</span>[39m
                [36m</div>[39m
                [36m<div[39m
                  [33mclass[39m=[32m"leading-tight"[39m
                [36m>[39m
                  [36m<p[39m
                    [33mclass[39m=[32m"text-lg font-extrabold tracking-tight bg-gradient-to-r from-rose-600 to-red-600 bg-clip-text text-transparent dark:from-rose-300 dark:to-amber-200"[39m
                  [36m>[39m
                    [0mBlood Donation[0m
                  [36m</p>[39m
                  [36m<p[39m
                    [33mclass[39m=[32m"text-xs text-gray-600 dark:text-gray-300"[39m
                  [36m>[39m
                    [0mConnect. Donate. Save lives.[0m
                  [36m</p>[39m
                [36m</div>[39m
              [36m</a>[39m
              [36m<div[39m
                [33mclass[39m=[32m"flex items-center gap-4"[39m
              [36m>[39m
                [36m<div[39m
                  [33mclass[39m=[32m"skeleton h-12 w-12 rounded-full bg-white/20 backdrop-blur-md"[39m
                [36m/>[39m
              [36m</div>[39m
            [36m</nav>[39m
          [36m</header>[39m
          [36m<main[39m
            [33mclass[39m=[32m"relative z-10 mx-auto w-full max-w-7xl px-4 pb-16 md:px-6 md:pb-24"[39m
          [36m>[39m
            [36m<div[39m
              [33mclass[39m=[32m"mx-auto w-full max-w-6xl mb-8"[39m
            [36m>[39m
              [36m<div[39m
                [33mclass[39m=[32m"rounded-2xl border border-white/30 bg-gradient-to-r from-pink-500/10 via-purple-500/10 to-blue-500/10 p-6 shadow-xl backdrop-blur-2xl transition dark:border-white/10"[39m
              [36m>[39m
                [36m<div[39m
                  [33mclass[39m=[32m"flex items-center gap-6"[39m
                [36m>[39m
                  [36m<div[39m
                    [33mclass[39m=[32m"flex-shrink-0 relative"[39m
                  [36m>[39m
                    [36m<button[39m
                      [33mclass[39m=[32m"w-20 h-20 rounded-full bg-gradient-to-br from-pink-500 to-purple-600 flex items-center justify-center text-white text-3xl font-bold shadow-lg ring-4 ring-white/20 hover:ring-pink-300 transition-all cursor-pointer overflow-hidden"[39m
                    [36m>[39m
                      [36m<span />[39m
                    [36m</button>[39m
                  [36m</div>[39m
                  [36m<div[39m
                    [33mclass[39m=[32m"flex-1"[39m
                  [36m>[39m
                    [36m<h1[39m
                      [33mclass[39m=[32m"text-3xl font-bold text-gray-900 dark:text-white mb-1"[39m
                    [36m>[39m
                      [0mWelcome back, [0m
                      [0mUser[0m
                      [0m! 👋[0m
                    [36m</h1>[39m
                    [36m<p[39m
                      [33mclass[39m=[32m"text-gray-600 dark:text-gray-400 text-sm"[39m
                    [36m>[39m
                      [0mManage your profile, find donors, and track donation requests[0m
                    [36m</p>[39m
                    [36m<div[39m
                      [33mclass[39m=[32m"flex gap-3 mt-2"[39m
                    [36m/>[39m
                  [36m</div>[39m
                  [36m<div[39m
                    [33mclass[39m=[32m"hidden lg:flex gap-4"[39m
                  [36m>[39m
                    [36m<div[39m
                      [33mclass[39m=[32m"text-center px-4 py-2 bg-white/50 dark:bg-gray-800/50 rounded-lg"[39m
                    [36m>[39m
                      [36m<div[39m
                        [33mclass[39m=[32m"text-2xl font-bold text-pink-600 dark:text-pink-400"[39m
                      [36m>[39m
                        [0m0[0m
                      [36m</div>[39m
                      [36m<div[39m
                        [33mclass[39m=[32m"text-xs text-gray-600 dark:text-gray-400"[39m
                      [36m>[39m
                        [0mSent[0m
                      [36m</div>[39m
                    [36m</div>[39m
                    [36m<div[39m
                      [33mclass[39m=[32m"text-center px-4 py-2 bg-white/50 dark:bg-gray-800/50 rounded-lg"[39m
                    [36m>[39m
                      [36m<div[39m
                        [33mclass[39m=[32m"text-2xl font-bold text-blue-600 dark:text-blue-400"[39m
                      [36m>[39m
                        [0m0[0m
                      [36m</div>[39m
                      [36m<div[39m
                        [33mclass[39m=[32m"text-xs text-gray-600 dark:text-gray-400"[39m
                      [36m>[39m
                        [0mReceived[0m
                      [36m</div>[39m
                    [36m</div>[39m
                  [36m</div>[39m
                [36m</div>[39m
              [36m</div>[39m
            [36m</div>[39m
            [36m<div[39m
              [33mclass[39m=[32m"flex justify-center mb-6"[39m
            [36m>[39m
              [36m<div[39m
                [33mclass[39m=[32m"flex flex-wrap bg-white/20 rounded-full p-1 backdrop-blur-md gap-1"[39m
              [36m>[39m
                [36m<button[39m
                  [33mclass[39m=[32m"px-6 py-2 rounded-full font-semibold transition text-gray-700 dark:text-gray-300"[39m
                [36m>[39m
                  [0m🔍 Find Donors[0m
                [36m</button>[39m
                [36m<button[39m
                  [33mclass[39m=[32m"px-6 py-2 rounded-full font-semibold transition text-gray-700 dark:text-gray-300"[39m
                [36m>[39m
                  [0m🆔 Search by MRID[0m
                [36m</button>[39m
                [36m<button[39m
                  [33mclass[39m=[32m"px-6 py-2 rounded-full font-semibold transition bg-pink-600 text-white"[39m
                [36m>[39m
                  [0m📋 My Requests[0m
                [36m</button>[39m
                [36m<button[39m
                  [33mclass[39m=[32m"px-6 py-2 rounded-full font-semibold transition text-gray-700 dark:text-gray-300"[39m
                [36m>[39m
                  [0m⭐ Leave Reviews[0m
                [36m</button>[39m
              [36m</div>[39m
            [36m</div>[39m
            [36m<div[39m
              [33mclass[39m=[32m"mx-auto w-full max-w-4xl overflow-auto max-h-[70vh]"[39m
            [36m>[39m
              [36m<div[39m
                [33mclass[39m=[32m"rounded-2xl border border-white/30 bg-white/30 p-6 shadow-2xl backdrop-blur-2xl transition dark:border-white/10 dark:bg-white/5 md:p-8"[39m
              [36m>[39m
                [36m<div[39m
                  [33mclass[39m=[32m"mb-6 text-center"[39m
                [36m>[39m
                  [36m<h2[39m
                    [33mclass[39m=[32m"mb-2 text-2xl font-extrabold tracking-tight text-gray-900 dark:text-white md:text-3xl"[39m
                  [36m>[39m
                    [0m📋 My Requests[0m
                  [36m</h2>[39m
                  [36m<p[39m
                    [33mclass[39m=[32m"text-sm text-gray-700 dark:text-gray-300"[39m
                  [36m>[39m
                    [0mView and manage your donation requests[0m
                  [36m</p>[39m
                [36m</div>[39m
                [36m<div[39m
                  [33mclass[39m=[32m"flex justify-center mb-6"[39m
                [36m>[39m
                  [36m<div[39m
                    [33mclass[39m=[32m"flex bg-white/20 rounded-full p-1 backdrop-blur-md"[39m
                  [36m>[39m
                    [36m<button[39m
                      [33mclass[39m=[32m"px-6 py-2 rounded-full font-semibold transition bg-pink-600 text-white"[39m
                    [36m>[39m
                      [0m📤 Sent Requests[0m
                    [36m</button>[39m
                    [36m<button[39m
                      [33mclass[39m=[32m"px-6 py-2 rounded-full font-semibold transition text-gray-700 dark:text-gray-300"[39m
                    [36m>[39m
                      [0m📥 Received Requests[0m
                    [36m</button>[39m
                  [36m</div>[39m
                [36m</div>[39m
                [36m<div[39m
                  [33mclass[39m=[32m"mb-3"[39m
                [36m>[39m
                  [36m<button[39m
                    [33mclass[39m=[32m"flex items-center justify-between w-full px-4 py-2 rounded-lg border border-white/30 bg-white/20 dark:border-white/10 dark:bg-white/5 backdrop-blur-md hover:bg-white/30 dark:hover:bg-white/10 transition"[39m
                  [36m>[39m
                    [36m<span[39m
                      [33mclass[39m=[32m"text-sm font-semibold text-gray-900 dark:text-white flex items-center gap-2"[39m
                    [36m>[39m
                      [0m🔍 Filters[0m
                    [36m</span>[39m
                    [36m<span[39m
                      [33mclass[39m=[32m"text-gray-600 dark:text-gray-400"[39m
                    [36m>[39m
                      [0m▼[0m
                    [36m</span>[39m
                  [36m</button>[39m
                [36m</div>[39m
                [36m<div>[39m
                  [36m<h3[39m
                    [33mclass[39m=[32m"font-semibold mb-3 text-gray-900 dark:text-white"[39m
                  [36m>[39m
                    [0mSent Requests ([0m
                    [0m0[0m
                    [0m)[0m
                  [36m</h3>[39m
                  [36m<p[39m
                    [33mclass[39m=[32m"text-sm text-gray-600 dark:text-gray-400"[39m
                  [36m>[39m
                    [0mNo requests sent yet.[0m
                  [36m</p>[39m
                [36m</div>[39m
              [36m</div>[39m
            [36m</div>[39m
            [36m<div[39m
              [33mclass[39m=[32m"mt-8 text-center"[39m
            [36m>[39m
              [36m<a[39m
                [33mclass[39m=[32m"inline-flex items-center justify-center rounded-2xl bg-gradient-to-r from-green-600 to-emerald-500 px-5 py-3 font-semibold text-white shadow-lg ring-1 ring-black/10 transition hover:scale-[1.02] hover:shadow-green-500/30 active:scale-[0.99] mr-4"[39m
                [33mdata-discover[39m=[32m"true"[39m
                [33mhref[39m=[32m"/donor-register"[39m
              [36m>[39m
                [36m<span[39m
                  [33mclass[39m=[32m"mr-2"[39m
                [36m>[39m
                  [0m🩸[0m
                [36m</span>[39m
                [0mBecome a Donor[0m
              [36m</a>[39m
              [36m<button[39m
                [33mclass[39m=[32m"inline-flex items-center justify-center rounded-2xl bg-gradient-to-r from-red-600 to-rose-500 px-5 py-3 font-semibold text-white shadow-lg ring-1 ring-black/10 transition hover:scale-[1.02] hover:shadow-rose-500/30 active:scale-[0.99]"[39m
              [36m>[39m
                [0m🚪 Logout[0m
              [36m</button>[39m
              [36m<div[39m
                [33mclass[39m=[32m"mt-4"[39m
              [36m>[39m
                [36m<a[39m
                  [33mclass[39m=[32m"text-sm text-gray-600 transition hover:text-gray-800 dark:text-gray-400 dark:hover:text-gray-200"[39m
                  [33mdata-discover[39m=[32m"true"[39m
                  [33mhref[39m=[32m"/"[39m
                [36m>[39m
                  [0m← Back to Home[0m
                [36m</a>[39m
              [36m</div>[39m
            [36m</div>[39m
          [36m</main>[39m
          [36m<footer[39m
            [33mclass[39m=[32m"glass-card w-full py-12 flex flex-col items-center"[39m
          [36m>[39m
            [36m<div[39m
              [33mclass[39m=[32m"flex flex-col items-center"[39m
            [36m>[39m
              [36m<div[39m
                [33mclass[39m=[32m"flex items-center gap-3 mb-2"[39m
              [36m>[39m
                [36m<div[39m
                  [33mclass[39m=[32m"flex h-10 w-10 items-center justify-center rounded-xl bg-gradient-to-br from-pink-500 to-purple-500 text-white shadow-lg ring-1 ring-black/10 dark:ring-white/10"[39m
                [36m>[39m
                  [36m<span[39m
                    [33mclass[39m=[32m"text-xl"[39m
                  [36m>[39m
                    [0m❤️[0m
                  [36m</span>[39m
                [36m</div>[39m
                [36m<span[39m
                  [33mclass[39m=[32m"text-2xl font-bold text-white"[39m
                [36m>[39m
                  [0mHope Web[0m
                [36m</span>[39m
              [36m</div>[39m
              [36m<p[39m
                [33mclass[39m=[32m"text-md text-gray-200 text-center mb-4 max-w-xl"[39m
              [36m>[39m
                [0mConnecting hearts, saving lives. Join our community of heroes making a difference through blood donation.[0m
              [36m</p>[39m
              [36m<div[39m
                [33mclass[39m=[32m"flex gap-8 justify-center mt-2 text-pink-300 text-sm"[39m
              [36m>[39m
                [36m<div[39m
                  [33mclass[39m=[32m"flex items-center gap-2"[39m
                [36m>[39m
                  [36m<span>[39m
                    [0m🔒[0m
                  [36m</span>[39m
                  [0m Secure & Safe[0m
                [36m</div>[39m
                [36m<div[39m
                  [33mclass[39m=[32m"flex items-center gap-2"[39m
                [36m>[39m
                  [36m<span>[39m
                    [0m🕑[0m
                  [36m</span>[39m
                  [0m 24/7 Support[0m
                [36m</div>[39m
                [36m<div[39m
                  [33mclass[39m=[32m"flex items-center gap-2"[39m
                [36m>[39m
                  [36m<span>[39m
                    [0m💖[0m
                  [36m</span>[39m
                  [0m Lives Saved Daily[0m
                [36m</div>[39m
              [36m</div>[39m
            [36m</div>[39m
          [36m</footer>[39m
        [36m</div>[39m
      [36m</div>[39m
    [36m</body>[39m

    [0m [90m 338 |[39m     fireEvent[33m.[39mclick(myRequestsTab)[33m;[39m
     [90m 339 |[39m
    [31m[1m>[22m[39m[90m 340 |[39m     [36mawait[39m waitFor(() [33m=>[39m {
     [90m     |[39m                  [31m[1m^[22m[39m
     [90m 341 |[39m       expect(screen[33m.[39mgetByText([35m/Donor3/i[39m))[33m.[39mtoBeInTheDocument()[33m;[39m
     [90m 342 |[39m     })[33m;[39m
     [90m 343 |[39m[0m

      at waitForWrapper (node_modules/@testing-library/dom/dist/wait-for.js:163:27)
      at src/Pages/__tests__/UserDashboard.test.jsx:340:18
      at Generator.call (src/Pages/__tests__/UserDashboard.test.jsx:2:1)
      at Generator._invoke [as next] (src/Pages/__tests__/UserDashboard.test.jsx:2:1)
      at asyncGeneratorStep (src/Pages/__tests__/UserDashboard.test.jsx:2:1)
      at asyncGeneratorStep (src/Pages/__tests__/UserDashboard.test.jsx:2:1)
      at _next (src/Pages/__tests__/UserDashboard.test.jsx:2:1)
      at Object.<anonymous> (src/Pages/__tests__/UserDashboard.test.jsx:2:1)

  ● UserDashboard Component › booking modal opens and submits

    Unable to find an element with the text: /Donor4/i. This could be because the text is broken up by multiple elements. In this case, you can provide a function for your text matcher to make your matcher more flexible.

    Ignored nodes: comments, script, style
    [36m<body>[39m
      [36m<div>[39m
        [36m<div[39m
          [33mclass[39m=[32m"fixed inset-0 min-h-screen w-full overflow-auto bg-gradient-to-br from-rose-50 via-red-50 to-amber-100 dark:from-slate-900 dark:via-neutral-900 dark:to-black"[39m
        [36m>[39m
          [36m<div[39m
            [33mclass[39m=[32m"pointer-events-none absolute -top-24 -left-24 h-72 w-72 rounded-full bg-rose-400/40 blur-3xl dark:bg-rose-600/30"[39m
          [36m/>[39m
          [36m<div[39m
            [33mclass[39m=[32m"pointer-events-none absolute top-32 -right-16 h-80 w-80 rounded-full bg-red-500/30 blur-3xl dark:bg-amber-500/20"[39m
          [36m/>[39m
          [36m<div[39m
            [33mclass[39m=[32m"pointer-events-none absolute -bottom-24 left-1/2 h-96 w-96 -translate-x-1/2 rounded-full bg-pink-400/20 blur-3xl dark:bg-fuchsia-600/20"[39m
          [36m/>[39m
          [36m<header[39m
            [33mclass[39m=[32m"relative z-10"[39m
          [36m>[39m
            [36m<nav[39m
              [33mclass[39m=[32m"mx-auto flex w-full max-w-7xl items-center justify-between px-4 py-5 md:px-6"[39m
            [36m>[39m
              [36m<a[39m
                [33mclass[39m=[32m"flex items-center gap-3"[39m
                [33mdata-discover[39m=[32m"true"[39m
                [33mhref[39m=[32m"/"[39m
              [36m>[39m
                [36m<div[39m
                  [33mclass[39m=[32m"flex h-10 w-10 items-center justify-center rounded-xl bg-gradient-to-br from-rose-500 to-red-600 text-white shadow-lg ring-1 ring-black/10 dark:ring-white/10"[39m
                [36m>[39m
                  [36m<span[39m
                    [33mclass[39m=[32m"text-xl"[39m
                  [36m>[39m
                    [0m🩸[0m
                  [36m</span>[39m
                [36m</div>[39m
                [36m<div[39m
                  [33mclass[39m=[32m"leading-tight"[39m
                [36m>[39m
                  [36m<p[39m
                    [33mclass[39m=[32m"text-lg font-extrabold tracking-tight bg-gradient-to-r from-rose-600 to-red-600 bg-clip-text text-transparent dark:from-rose-300 dark:to-amber-200"[39m
                  [36m>[39m
                    [0mBlood Donation[0m
                  [36m</p>[39m
                  [36m<p[39m
                    [33mclass[39m=[32m"text-xs text-gray-600 dark:text-gray-300"[39m
                  [36m>[39m
                    [0mConnect. Donate. Save lives.[0m
                  [36m</p>[39m
                [36m</div>[39m
              [36m</a>[39m
              [36m<div[39m
                [33mclass[39m=[32m"flex items-center gap-4"[39m
              [36m>[39m
                [36m<div[39m
                  [33mclass[39m=[32m"skeleton h-12 w-12 rounded-full bg-white/20 backdrop-blur-md"[39m
                [36m/>[39m
              [36m</div>[39m
            [36m</nav>[39m
          [36m</header>[39m
          [36m<main[39m
            [33mclass[39m=[32m"relative z-10 mx-auto w-full max-w-7xl px-4 pb-16 md:px-6 md:pb-24"[39m
          [36m>[39m
            [36m<div[39m
              [33mclass[39m=[32m"mx-auto w-full max-w-6xl mb-8"[39m
            [36m>[39m
              [36m<div[39m
                [33mclass[39m=[32m"rounded-2xl border border-white/30 bg-gradient-to-r from-pink-500/10 via-purple-500/10 to-blue-500/10 p-6 shadow-xl backdrop-blur-2xl transition dark:border-white/10"[39m
              [36m>[39m
                [36m<div[39m
                  [33mclass[39m=[32m"flex items-center gap-6"[39m
                [36m>[39m
                  [36m<div[39m
                    [33mclass[39m=[32m"flex-shrink-0 relative"[39m
                  [36m>[39m
                    [36m<button[39m
                      [33mclass[39m=[32m"w-20 h-20 rounded-full bg-gradient-to-br from-pink-500 to-purple-600 flex items-center justify-center text-white text-3xl font-bold shadow-lg ring-4 ring-white/20 hover:ring-pink-300 transition-all cursor-pointer overflow-hidden"[39m
                    [36m>[39m
                      [36m<span />[39m
                    [36m</button>[39m
                  [36m</div>[39m
                  [36m<div[39m
                    [33mclass[39m=[32m"flex-1"[39m
                  [36m>[39m
                    [36m<h1[39m
                      [33mclass[39m=[32m"text-3xl font-bold text-gray-900 dark:text-white mb-1"[39m
                    [36m>[39m
                      [0mWelcome back, [0m
                      [0mUser[0m
                      [0m! 👋[0m
                    [36m</h1>[39m
                    [36m<p[39m
                      [33mclass[39m=[32m"text-gray-600 dark:text-gray-400 text-sm"[39m
                    [36m>[39m
                      [0mManage your profile, find donors, and track donation requests[0m
                    [36m</p>[39m
                    [36m<div[39m
                      [33mclass[39m=[32m"flex gap-3 mt-2"[39m
                    [36m/>[39m
                  [36m</div>[39m
                  [36m<div[39m
                    [33mclass[39m=[32m"hidden lg:flex gap-4"[39m
                  [36m>[39m
                    [36m<div[39m
                      [33mclass[39m=[32m"text-center px-4 py-2 bg-white/50 dark:bg-gray-800/50 rounded-lg"[39m
                    [36m>[39m
                      [36m<div[39m
                        [33mclass[39m=[32m"text-2xl font-bold text-pink-600 dark:text-pink-400"[39m
                      [36m>[39m
                        [0m0[0m
                      [36m</div>[39m
                      [36m<div[39m
                        [33mclass[39m=[32m"text-xs text-gray-600 dark:text-gray-400"[39m
                      [36m>[39m
                        [0mSent[0m
                      [36m</div>[39m
                    [36m</div>[39m
                    [36m<div[39m
                      [33mclass[39m=[32m"text-center px-4 py-2 bg-white/50 dark:bg-gray-800/50 rounded-lg"[39m
                    [36m>[39m
                      [36m<div[39m
                        [33mclass[39m=[32m"text-2xl font-bold text-blue-600 dark:text-blue-400"[39m
                      [36m>[39m
                        [0m0[0m
                      [36m</div>[39m
                      [36m<div[39m
                        [33mclass[39m=[32m"text-xs text-gray-600 dark:text-gray-400"[39m
                      [36m>[39m
                        [0mReceived[0m
                      [36m</div>[39m
                    [36m</div>[39m
                  [36m</div>[39m
                [36m</div>[39m
              [36m</div>[39m
            [36m</div>[39m
            [36m<div[39m
              [33mclass[39m=[32m"flex justify-center mb-6"[39m
            [36m>[39m
              [36m<div[39m
                [33mclass[39m=[32m"flex flex-wrap bg-white/20 rounded-full p-1 backdrop-blur-md gap-1"[39m
              [36m>[39m
                [36m<button[39m
                  [33mclass[39m=[32m"px-6 py-2 rounded-full font-semibold transition text-gray-700 dark:text-gray-300"[39m
                [36m>[39m
                  [0m🔍 Find Donors[0m
                [36m</button>[39m
                [36m<button[39m
                  [33mclass[39m=[32m"px-6 py-2 rounded-full font-semibold transition text-gray-700 dark:text-gray-300"[39m
                [36m>[39m
                  [0m🆔 Search by MRID[0m
                [36m</button>[39m
                [36m<button[39m
                  [33mclass[39m=[32m"px-6 py-2 rounded-full font-semibold transition bg-pink-600 text-white"[39m
                [36m>[39m
                  [0m📋 My Requests[0m
                [36m</button>[39m
                [36m<button[39m
                  [33mclass[39m=[32m"px-6 py-2 rounded-full font-semibold transition text-gray-700 dark:text-gray-300"[39m
                [36m>[39m
                  [0m⭐ Leave Reviews[0m
                [36m</button>[39m
              [36m</div>[39m
            [36m</div>[39m
            [36m<div[39m
              [33mclass[39m=[32m"mx-auto w-full max-w-4xl overflow-auto max-h-[70vh]"[39m
            [36m>[39m
              [36m<div[39m
                [33mclass[39m=[32m"rounded-2xl border border-white/30 bg-white/30 p-6 shadow-2xl backdrop-blur-2xl transition dark:border-white/10 dark:bg-white/5 md:p-8"[39m
              [36m>[39m
                [36m<div[39m
                  [33mclass[39m=[32m"mb-6 text-center"[39m
                [36m>[39m
                  [36m<h2[39m
                    [33mclass[39m=[32m"mb-2 text-2xl font-extrabold tracking-tight text-gray-900 dark:text-white md:text-3xl"[39m
                  [36m>[39m
                    [0m📋 My Requests[0m
                  [36m</h2>[39m
                  [36m<p[39m
                    [33mclass[39m=[32m"text-sm text-gray-700 dark:text-gray-300"[39m
                  [36m>[39m
                    [0mView and manage your donation requests[0m
                  [36m</p>[39m
                [36m</div>[39m
                [36m<div[39m
                  [33mclass[39m=[32m"flex justify-center mb-6"[39m
                [36m>[39m
                  [36m<div[39m
                    [33mclass[39m=[32m"flex bg-white/20 rounded-full p-1 backdrop-blur-md"[39m
                  [36m>[39m
                    [36m<button[39m
                      [33mclass[39m=[32m"px-6 py-2 rounded-full font-semibold transition bg-pink-600 text-white"[39m
                    [36m>[39m
                      [0m📤 Sent Requests[0m
                    [36m</button>[39m
                    [36m<button[39m
                      [33mclass[39m=[32m"px-6 py-2 rounded-full font-semibold transition text-gray-700 dark:text-gray-300"[39m
                    [36m>[39m
                      [0m📥 Received Requests[0m
                    [36m</button>[39m
                  [36m</div>[39m
                [36m</div>[39m
                [36m<div[39m
                  [33mclass[39m=[32m"mb-3"[39m
                [36m>[39m
                  [36m<button[39m
                    [33mclass[39m=[32m"flex items-center justify-between w-full px-4 py-2 rounded-lg border border-white/30 bg-white/20 dark:border-white/10 dark:bg-white/5 backdrop-blur-md hover:bg-white/30 dark:hover:bg-white/10 transition"[39m
                  [36m>[39m
                    [36m<span[39m
                      [33mclass[39m=[32m"text-sm font-semibold text-gray-900 dark:text-white flex items-center gap-2"[39m
                    [36m>[39m
                      [0m🔍 Filters[0m
                    [36m</span>[39m
                    [36m<span[39m
                      [33mclass[39m=[32m"text-gray-600 dark:text-gray-400"[39m
                    [36m>[39m
                      [0m▼[0m
                    [36m</span>[39m
                  [36m</button>[39m
                [36m</div>[39m
                [36m<div>[39m
                  [36m<h3[39m
                    [33mclass[39m=[32m"font-semibold mb-3 text-gray-900 dark:text-white"[39m
                  [36m>[39m
                    [0mSent Requests ([0m
                    [0m0[0m
                    [0m)[0m
                  [36m</h3>[39m
                  [36m<p[39m
                    [33mclass[39m=[32m"text-sm text-gray-600 dark:text-gray-400"[39m
                  [36m>[39m
                    [0mNo requests sent yet.[0m
                  [36m</p>[39m
                [36m</div>[39m
              [36m</div>[39m
            [36m</div>[39m
            [36m<div[39m
              [33mclass[39m=[32m"mt-8 text-center"[39m
            [36m>[39m
              [36m<a[39m
                [33mclass[39m=[32m"inline-flex items-center justify-center rounded-2xl bg-gradient-to-r from-green-600 to-emerald-500 px-5 py-3 font-semibold text-white shadow-lg ring-1 ring-black/10 transition hover:scale-[1.02] hover:shadow-green-500/30 active:scale-[0.99] mr-4"[39m
                [33mdata-discover[39m=[32m"true"[39m
                [33mhref[39m=[32m"/donor-register"[39m
              [36m>[39m
                [36m<span[39m
                  [33mclass[39m=[32m"mr-2"[39m
                [36m>[39m
                  [0m🩸[0m
                [36m</span>[39m
                [0mBecome a Donor[0m
              [36m</a>[39m
              [36m<button[39m
                [33mclass[39m=[32m"inline-flex items-center justify-center rounded-2xl bg-gradient-to-r from-red-600 to-rose-500 px-5 py-3 font-semibold text-white shadow-lg ring-1 ring-black/10 transition hover:scale-[1.02] hover:shadow-rose-500/30 active:scale-[0.99]"[39m
              [36m>[39m
                [0m🚪 Logout[0m
              [36m</button>[39m
              [36m<div[39m
                [33mclass[39m=[32m"mt-4"[39m
              [36m>[39m
                [36m<a[39m
                  [33mclass[39m=[32m"text-sm text-gray-600 transition hover:text-gray-800 dark:text-gray-400 dark:hover:text-gray-200"[39m
                  [33mdata-discover[39m=[32m"true"[39m
                  [33mhref[39m=[32m"/"[39m
                [36m>[39m
                  [0m← Back to Home[0m
                [36m</a>[39m
              [36m</div>[39m
            [36m</div>[39m
          [36m</main>[39m
          [36m<footer[39m
            [33mclass[39m=[32m"glass-card w-full py-12 flex flex-col items-center"[39m
          [36m>[39m
            [36m<div[39m
              [33mclass[39m=[32m"flex flex-col items-center"[39m
            [36m>[39m
              [36m<div[39m
                [33mclass[39m=[32m"flex items-center gap-3 mb-2"[39m
              [36m>[39m
                [36m<div[39m
                  [33mclass[39m=[32m"flex h-10 w-10 items-center justify-center rounded-xl bg-gradient-to-br from-pink-500 to-purple-500 text-white shadow-lg ring-1 ring-black/10 dark:ring-white/10"[39m
                [36m>[39m
                  [36m<span[39m
                    [33mclass[39m=[32m"text-xl"[39m
                  [36m>[39m
                    [0m❤️[0m
                  [36m</span>[39m
                [36m</div>[39m
                [36m<span[39m
                  [33mclass[39m=[32m"text-2xl font-bold text-white"[39m
                [36m>[39m
                  [0mHope Web[0m
                [36m</span>[39m
              [36m</div>[39m
              [36m<p[39m
                [33mclass[39m=[32m"text-md text-gray-200 text-center mb-4 max-w-xl"[39m
              [36m>[39m
                [0mConnecting hearts, saving lives. Join our community of heroes making a difference through blood donation.[0m
              [36m</p>[39m
              [36m<div[39m
                [33mclass[39m=[32m"flex gap-8 justify-center mt-2 text-pink-300 text-sm"[39m
              [36m>[39m
                [36m<div[39m
                  [33mclass[39m=[32m"flex items-center gap-2"[39m
                [36m>[39m
                  [36m<span>[39m
                    [0m🔒[0m
                  [36m</span>[39m
                  [0m Secure & Safe[0m
                [36m</div>[39m
                [36m<div[39m
                  [33mclass[39m=[32m"flex items-center gap-2"[39m
                [36m>[39m
                  [36m<span>[39m
                    [0m🕑[0m
                  [36m</span>[39m
                  [0m 24/7 Support[0m
                [36m</div>[39m
                [36m<div[39m
                  [33mclass[39m=[32m"flex items-center gap-2"[39m
                [36m>[39m
                  [36m<span>[39m
                    [0m💖[0m
                  [36m</span>[39m
                  [0m Lives Saved Daily[0m
                [36m</div>[39m
              [36m</div>[39m
            [36m</div>[39m
          [36m</footer>[39m
        [36m</div>[39m
      [36m</div>[39m
    [36m</body>[39m

    [0m [90m 384 |[39m     fireEvent[33m.[39mclick(myRequestsTab)[33m;[39m
     [90m 385 |[39m
    [31m[1m>[22m[39m[90m 386 |[39m     [36mawait[39m waitFor(() [33m=>[39m {
     [90m     |[39m                  [31m[1m^[22m[39m
     [90m 387 |[39m       expect(screen[33m.[39mgetByText([35m/Donor4/i[39m))[33m.[39mtoBeInTheDocument()[33m;[39m
     [90m 388 |[39m     })[33m;[39m
     [90m 389 |[39m[0m

      at waitForWrapper (node_modules/@testing-library/dom/dist/wait-for.js:163:27)
      at src/Pages/__tests__/UserDashboard.test.jsx:386:18
      at Generator.call (src/Pages/__tests__/UserDashboard.test.jsx:2:1)
      at Generator._invoke [as next] (src/Pages/__tests__/UserDashboard.test.jsx:2:1)
      at asyncGeneratorStep (src/Pages/__tests__/UserDashboard.test.jsx:2:1)
      at asyncGeneratorStep (src/Pages/__tests__/UserDashboard.test.jsx:2:1)
      at _next (src/Pages/__tests__/UserDashboard.test.jsx:2:1)
      at Object.<anonymous> (src/Pages/__tests__/UserDashboard.test.jsx:2:1)

  ● UserDashboard Component › direct booking modal opens and submits

    TypeError: cities.slice is not a function

    [0m [90m 123 |[39m   useEffect(() [33m=>[39m {
     [90m 124 |[39m     [36mif[39m (inputValue[33m.[39mtrim() [33m===[39m [32m''[39m) {
    [31m[1m>[22m[39m[90m 125 |[39m       setFilteredCities(cities[33m.[39mslice([35m0[39m[33m,[39m [35m10[39m))[33m;[39m
     [90m     |[39m                                [31m[1m^[22m[39m
     [90m 126 |[39m     } [36melse[39m {
     [90m 127 |[39m       [36mconst[39m filtered [33m=[39m filterCitiesKNN(cities[33m,[39m inputValue[33m,[39m [35m10[39m)[33m;[39m
     [90m 128 |[39m       setFilteredCities(filtered)[33m;[39m[0m

      at slice (src/components/CitySearchDropdown.jsx:125:32)
      at Object.react_stack_bottom_frame (node_modules/react-dom/cjs/react-dom-client.development.js:23953:20)
      at runWithFiberInDEV (node_modules/react-dom/cjs/react-dom-client.development.js:1522:13)
      at commitHookEffectListMount (node_modules/react-dom/cjs/react-dom-client.development.js:11905:29)
      at commitHookPassiveMountEffects (node_modules/react-dom/cjs/react-dom-client.development.js:12028:11)
      at commitPassiveMountOnFiber (node_modules/react-dom/cjs/react-dom-client.development.js:13841:13)
      at recursivelyTraversePassiveMountEffects (node_modules/react-dom/cjs/react-dom-client.development.js:13815:11)
      at commitPassiveMountOnFiber (node_modules/react-dom/cjs/react-dom-client.development.js:13957:11)
      at recursivelyTraversePassiveMountEffects (node_modules/react-dom/cjs/react-dom-client.development.js:13815:11)
      at commitPassiveMountOnFiber (node_modules/react-dom/cjs/react-dom-client.development.js:13957:11)
      at recursivelyTraversePassiveMountEffects (node_modules/react-dom/cjs/react-dom-client.development.js:13815:11)
      at commitPassiveMountOnFiber (node_modules/react-dom/cjs/react-dom-client.development.js:13957:11)
      at recursivelyTraversePassiveMountEffects (node_modules/react-dom/cjs/react-dom-client.development.js:13815:11)
      at commitPassiveMountOnFiber (node_modules/react-dom/cjs/react-dom-client.development.js:13957:11)
      at recursivelyTraversePassiveMountEffects (node_modules/react-dom/cjs/react-dom-client.development.js:13815:11)
      at commitPassiveMountOnFiber (node_modules/react-dom/cjs/react-dom-client.development.js:13957:11)
      at recursivelyTraversePassiveMountEffects (node_modules/react-dom/cjs/react-dom-client.development.js:13815:11)
      at commitPassiveMountOnFiber (node_modules/react-dom/cjs/react-dom-client.development.js:13957:11)
      at recursivelyTraversePassiveMountEffects (node_modules/react-dom/cjs/react-dom-client.development.js:13815:11)
      at commitPassiveMountOnFiber (node_modules/react-dom/cjs/react-dom-client.development.js:13957:11)
      at recursivelyTraversePassiveMountEffects (node_modules/react-dom/cjs/react-dom-client.development.js:13815:11)
      at commitPassiveMountOnFiber (node_modules/react-dom/cjs/react-dom-client.development.js:13957:11)
      at recursivelyTraversePassiveMountEffects (node_modules/react-dom/cjs/react-dom-client.development.js:13815:11)
      at commitPassiveMountOnFiber (node_modules/react-dom/cjs/react-dom-client.development.js:13834:11)
      at recursivelyTraversePassiveMountEffects (node_modules/react-dom/cjs/react-dom-client.development.js:13815:11)
      at commitPassiveMountOnFiber (node_modules/react-dom/cjs/react-dom-client.development.js:13834:11)
      at recursivelyTraversePassiveMountEffects (node_modules/react-dom/cjs/react-dom-client.development.js:13815:11)
      at commitPassiveMountOnFiber (node_modules/react-dom/cjs/react-dom-client.development.js:13957:11)
      at recursivelyTraversePassiveMountEffects (node_modules/react-dom/cjs/react-dom-client.development.js:13815:11)
      at commitPassiveMountOnFiber (node_modules/react-dom/cjs/react-dom-client.development.js:13957:11)
      at recursivelyTraversePassiveMountEffects (node_modules/react-dom/cjs/react-dom-client.development.js:13815:11)
      at commitPassiveMountOnFiber (node_modules/react-dom/cjs/react-dom-client.development.js:13834:11)
      at recursivelyTraversePassiveMountEffects (node_modules/react-dom/cjs/react-dom-client.development.js:13815:11)
      at commitPassiveMountOnFiber (node_modules/react-dom/cjs/react-dom-client.development.js:13834:11)
      at recursivelyTraversePassiveMountEffects (node_modules/react-dom/cjs/react-dom-client.development.js:13815:11)
      at commitPassiveMountOnFiber (node_modules/react-dom/cjs/react-dom-client.development.js:13853:11)
      at flushPassiveEffects (node_modules/react-dom/cjs/react-dom-client.development.js:15737:9)
      at node_modules/react-dom/cjs/react-dom-client.development.js:15379:15
      at performWorkUntilDeadline (node_modules/scheduler/cjs/scheduler.development.js:45:48)
      at Timeout.task [as _onTimeout] (node_modules/jsdom/lib/jsdom/browser/Window.js:579:19)

  ● UserDashboard Component › direct booking modal opens and submits

    Unable to find an element with the text: /Donor5/i. This could be because the text is broken up by multiple elements. In this case, you can provide a function for your text matcher to make your matcher more flexible.

    Ignored nodes: comments, script, style
    [36m<body>[39m
      [36m<div />[39m
    [36m</body>[39m

    [0m [90m 439 |[39m     fireEvent[33m.[39mclick(screen[33m.[39mgetByRole([32m'button'[39m[33m,[39m { name[33m:[39m [35m/Search Donors/i[39m }))[33m;[39m
     [90m 440 |[39m
    [31m[1m>[22m[39m[90m 441 |[39m     [36mawait[39m waitFor(() [33m=>[39m {
     [90m     |[39m                  [31m[1m^[22m[39m
     [90m 442 |[39m       expect(screen[33m.[39mgetByText([35m/Donor5/i[39m))[33m.[39mtoBeInTheDocument()[33m;[39m
     [90m 443 |[39m     })[33m;[39m
     [90m 444 |[39m[0m

      at waitForWrapper (node_modules/@testing-library/dom/dist/wait-for.js:163:27)
      at src/Pages/__tests__/UserDashboard.test.jsx:441:18
      at Generator.call (src/Pages/__tests__/UserDashboard.test.jsx:2:1)
      at Generator._invoke [as next] (src/Pages/__tests__/UserDashboard.test.jsx:2:1)
      at asyncGeneratorStep (src/Pages/__tests__/UserDashboard.test.jsx:2:1)
      at asyncGeneratorStep (src/Pages/__tests__/UserDashboard.test.jsx:2:1)
      at _next (src/Pages/__tests__/UserDashboard.test.jsx:2:1)
      at Object.<anonymous> (src/Pages/__tests__/UserDashboard.test.jsx:2:1)

FAIL tests/donor-flow.test.js (16.264 s)
  ● Donor Complete Flow Tests › should successfully login as donor

    WebDriverError: unknown error: net::ERR_CONNECTION_REFUSED
      (Session info: chrome=143.0.7499.170)

      at Object.throwDecodedError (node_modules/selenium-webdriver/lib/error.js:523:15)
      at parseHttpResponse (node_modules/selenium-webdriver/lib/http.js:524:13)
      at Executor.execute (node_modules/selenium-webdriver/lib/http.js:456:28)
      at Driver.execute (node_modules/selenium-webdriver/lib/webdriver.js:745:17)

  ● Donor Complete Flow Tests › should navigate to donor registration page

    WebDriverError: unknown error: net::ERR_CONNECTION_REFUSED
      (Session info: chrome=143.0.7499.170)

      at Object.throwDecodedError (node_modules/selenium-webdriver/lib/error.js:523:15)
      at parseHttpResponse (node_modules/selenium-webdriver/lib/http.js:524:13)
      at Executor.execute (node_modules/selenium-webdriver/lib/http.js:456:28)
      at Driver.execute (node_modules/selenium-webdriver/lib/webdriver.js:745:17)

  ● Donor Complete Flow Tests › should load donor search page

    WebDriverError: unknown error: net::ERR_CONNECTION_REFUSED
      (Session info: chrome=143.0.7499.170)

      at Object.throwDecodedError (node_modules/selenium-webdriver/lib/error.js:523:15)
      at parseHttpResponse (node_modules/selenium-webdriver/lib/http.js:524:13)
      at Executor.execute (node_modules/selenium-webdriver/lib/http.js:456:28)
      at Driver.execute (node_modules/selenium-webdriver/lib/webdriver.js:745:17)

  ● Donor Complete Flow Tests › should validate blood group selection

    WebDriverError: unknown error: net::ERR_CONNECTION_REFUSED
      (Session info: chrome=143.0.7499.170)

      at Object.throwDecodedError (node_modules/selenium-webdriver/lib/error.js:523:15)
      at parseHttpResponse (node_modules/selenium-webdriver/lib/http.js:524:13)
      at Executor.execute (node_modules/selenium-webdriver/lib/http.js:456:28)
      at Driver.execute (node_modules/selenium-webdriver/lib/webdriver.js:745:17)

  ● Donor Complete Flow Tests › should validate required fields

    WebDriverError: unknown error: net::ERR_CONNECTION_REFUSED
      (Session info: chrome=143.0.7499.170)

      at Object.throwDecodedError (node_modules/selenium-webdriver/lib/error.js:523:15)
      at parseHttpResponse (node_modules/selenium-webdriver/lib/http.js:524:13)
      at Executor.execute (node_modules/selenium-webdriver/lib/http.js:456:28)
      at Driver.execute (node_modules/selenium-webdriver/lib/webdriver.js:745:17)

FAIL tests/bloodbank-flow.test.js (18.504 s)
  ● Blood Bank Complete Flow Tests › should load blood bank login page

    WebDriverError: unknown error: net::ERR_CONNECTION_REFUSED
      (Session info: chrome=143.0.7499.170)

      at Object.throwDecodedError (node_modules/selenium-webdriver/lib/error.js:523:15)
      at parseHttpResponse (node_modules/selenium-webdriver/lib/http.js:524:13)
      at Executor.execute (node_modules/selenium-webdriver/lib/http.js:456:28)
      at Driver.execute (node_modules/selenium-webdriver/lib/webdriver.js:745:17)

  ● Blood Bank Complete Flow Tests › should successfully login as blood bank

    WebDriverError: unknown error: net::ERR_CONNECTION_REFUSED
      (Session info: chrome=143.0.7499.170)

      at Object.throwDecodedError (node_modules/selenium-webdriver/lib/error.js:523:15)
      at parseHttpResponse (node_modules/selenium-webdriver/lib/http.js:524:13)
      at Executor.execute (node_modules/selenium-webdriver/lib/http.js:456:28)
      at Driver.execute (node_modules/selenium-webdriver/lib/webdriver.js:745:17)

  ● Blood Bank Complete Flow Tests › should load blood bank registration page

    WebDriverError: unknown error: net::ERR_CONNECTION_REFUSED
      (Session info: chrome=143.0.7499.170)

      at Object.throwDecodedError (node_modules/selenium-webdriver/lib/error.js:523:15)
      at parseHttpResponse (node_modules/selenium-webdriver/lib/http.js:524:13)
      at Executor.execute (node_modules/selenium-webdriver/lib/http.js:456:28)
      at Driver.execute (node_modules/selenium-webdriver/lib/webdriver.js:745:17)

  ● Blood Bank Complete Flow Tests › should validate blood bank registration fields

    WebDriverError: unknown error: net::ERR_CONNECTION_REFUSED
      (Session info: chrome=143.0.7499.170)

      at Object.throwDecodedError (node_modules/selenium-webdriver/lib/error.js:523:15)
      at parseHttpResponse (node_modules/selenium-webdriver/lib/http.js:524:13)
      at Executor.execute (node_modules/selenium-webdriver/lib/http.js:456:28)
      at Driver.execute (node_modules/selenium-webdriver/lib/webdriver.js:745:17)

  ● Blood Bank Complete Flow Tests › should navigate to blood bank dashboard

    WebDriverError: unknown error: net::ERR_CONNECTION_REFUSED
      (Session info: chrome=143.0.7499.170)

      at Object.throwDecodedError (node_modules/selenium-webdriver/lib/error.js:523:15)
      at parseHttpResponse (node_modules/selenium-webdriver/lib/http.js:524:13)
      at Executor.execute (node_modules/selenium-webdriver/lib/http.js:456:28)
      at Driver.execute (node_modules/selenium-webdriver/lib/webdriver.js:745:17)

FAIL tests/navigation.test.js (23.152 s)
  ● Navigation and UI Tests › should load landing page successfully

    WebDriverError: unknown error: net::ERR_CONNECTION_REFUSED
      (Session info: chrome=143.0.7499.170)

      at Object.throwDecodedError (node_modules/selenium-webdriver/lib/error.js:523:15)
      at parseHttpResponse (node_modules/selenium-webdriver/lib/http.js:524:13)
      at Executor.execute (node_modules/selenium-webdriver/lib/http.js:456:28)
      at Driver.execute (node_modules/selenium-webdriver/lib/webdriver.js:745:17)

  ● Navigation and UI Tests › should navigate from home to login

    WebDriverError: unknown error: net::ERR_CONNECTION_REFUSED
      (Session info: chrome=143.0.7499.170)

      at Object.throwDecodedError (node_modules/selenium-webdriver/lib/error.js:523:15)
      at parseHttpResponse (node_modules/selenium-webdriver/lib/http.js:524:13)
      at Executor.execute (node_modules/selenium-webdriver/lib/http.js:456:28)
      at Driver.execute (node_modules/selenium-webdriver/lib/webdriver.js:745:17)

  ● Navigation and UI Tests › should navigate from home to register

    WebDriverError: unknown error: net::ERR_CONNECTION_REFUSED
      (Session info: chrome=143.0.7499.170)

      at Object.throwDecodedError (node_modules/selenium-webdriver/lib/error.js:523:15)
      at parseHttpResponse (node_modules/selenium-webdriver/lib/http.js:524:13)
      at Executor.execute (node_modules/selenium-webdriver/lib/http.js:456:28)
      at Driver.execute (node_modules/selenium-webdriver/lib/webdriver.js:745:17)

  ● Navigation and UI Tests › should load donor search page

    WebDriverError: unknown error: net::ERR_CONNECTION_REFUSED
      (Session info: chrome=143.0.7499.170)

      at Object.throwDecodedError (node_modules/selenium-webdriver/lib/error.js:523:15)
      at parseHttpResponse (node_modules/selenium-webdriver/lib/http.js:524:13)
      at Executor.execute (node_modules/selenium-webdriver/lib/http.js:456:28)
      at Driver.execute (node_modules/selenium-webdriver/lib/webdriver.js:745:17)

  ● Navigation and UI Tests › should handle 404 pages gracefully

    WebDriverError: unknown error: net::ERR_CONNECTION_REFUSED
      (Session info: chrome=143.0.7499.170)

      at Object.throwDecodedError (node_modules/selenium-webdriver/lib/error.js:523:15)
      at parseHttpResponse (node_modules/selenium-webdriver/lib/http.js:524:13)
      at Executor.execute (node_modules/selenium-webdriver/lib/http.js:456:28)
      at Driver.execute (node_modules/selenium-webdriver/lib/webdriver.js:745:17)

  ● Navigation and UI Tests › should have responsive navigation menu

    WebDriverError: unknown error: net::ERR_CONNECTION_REFUSED
      (Session info: chrome=143.0.7499.170)

      at Object.throwDecodedError (node_modules/selenium-webdriver/lib/error.js:523:15)
      at parseHttpResponse (node_modules/selenium-webdriver/lib/http.js:524:13)
      at Executor.execute (node_modules/selenium-webdriver/lib/http.js:456:28)
      at Driver.execute (node_modules/selenium-webdriver/lib/webdriver.js:745:17)

  ● Navigation and UI Tests › should have footer elements

    WebDriverError: unknown error: net::ERR_CONNECTION_REFUSED
      (Session info: chrome=143.0.7499.170)

      at Object.throwDecodedError (node_modules/selenium-webdriver/lib/error.js:523:15)
      at parseHttpResponse (node_modules/selenium-webdriver/lib/http.js:524:13)
      at Executor.execute (node_modules/selenium-webdriver/lib/http.js:456:28)
      at Driver.execute (node_modules/selenium-webdriver/lib/webdriver.js:745:17)

FAIL tests/login-with-screenshots.test.js (29.235 s)
  ● Login Functionality Tests - WITH SCREENSHOTS › 01-should-load-login-page-successfully

    WebDriverError: unknown error: net::ERR_CONNECTION_REFUSED
      (Session info: chrome=143.0.7499.170)

      at Object.throwDecodedError (node_modules/selenium-webdriver/lib/error.js:523:15)
      at parseHttpResponse (node_modules/selenium-webdriver/lib/http.js:524:13)
      at Executor.execute (node_modules/selenium-webdriver/lib/http.js:456:28)
      at Driver.execute (node_modules/selenium-webdriver/lib/webdriver.js:745:17)

  ● Login Functionality Tests - WITH SCREENSHOTS › 02-should-show-all-form-elements

    WebDriverError: unknown error: net::ERR_CONNECTION_REFUSED
      (Session info: chrome=143.0.7499.170)

      at Object.throwDecodedError (node_modules/selenium-webdriver/lib/error.js:523:15)
      at parseHttpResponse (node_modules/selenium-webdriver/lib/http.js:524:13)
      at Executor.execute (node_modules/selenium-webdriver/lib/http.js:456:28)
      at Driver.execute (node_modules/selenium-webdriver/lib/webdriver.js:745:17)

  ● Login Functionality Tests - WITH SCREENSHOTS › 03-should-show-error-for-invalid-credentials

    WebDriverError: unknown error: net::ERR_CONNECTION_REFUSED
      (Session info: chrome=143.0.7499.170)

      at Object.throwDecodedError (node_modules/selenium-webdriver/lib/error.js:523:15)
      at parseHttpResponse (node_modules/selenium-webdriver/lib/http.js:524:13)
      at Executor.execute (node_modules/selenium-webdriver/lib/http.js:456:28)
      at Driver.execute (node_modules/selenium-webdriver/lib/webdriver.js:745:17)

  ● Login Functionality Tests - WITH SCREENSHOTS › 04-should-show-firebase-login-option

    WebDriverError: unknown error: net::ERR_CONNECTION_REFUSED
      (Session info: chrome=143.0.7499.170)

      at Object.throwDecodedError (node_modules/selenium-webdriver/lib/error.js:523:15)
      at parseHttpResponse (node_modules/selenium-webdriver/lib/http.js:524:13)
      at Executor.execute (node_modules/selenium-webdriver/lib/http.js:456:28)
      at Driver.execute (node_modules/selenium-webdriver/lib/webdriver.js:745:17)

  ● Login Functionality Tests - WITH SCREENSHOTS › 05-should-show-forgot-password-functionality

    WebDriverError: unknown error: net::ERR_CONNECTION_REFUSED
      (Session info: chrome=143.0.7499.170)

      at Object.throwDecodedError (node_modules/selenium-webdriver/lib/error.js:523:15)
      at parseHttpResponse (node_modules/selenium-webdriver/lib/http.js:524:13)
      at Executor.execute (node_modules/selenium-webdriver/lib/http.js:456:28)
      at Driver.execute (node_modules/selenium-webdriver/lib/webdriver.js:745:17)

  ● Login Functionality Tests - WITH SCREENSHOTS › 06-should-navigate-successfully

    WebDriverError: unknown error: net::ERR_CONNECTION_REFUSED
      (Session info: chrome=143.0.7499.170)

      at Object.throwDecodedError (node_modules/selenium-webdriver/lib/error.js:523:15)
      at parseHttpResponse (node_modules/selenium-webdriver/lib/http.js:524:13)
      at Executor.execute (node_modules/selenium-webdriver/lib/http.js:456:28)
      at Driver.execute (node_modules/selenium-webdriver/lib/webdriver.js:745:17)

  ● Login Functionality Tests - WITH SCREENSHOTS › 07-should-test-successful-login

    WebDriverError: unknown error: net::ERR_CONNECTION_REFUSED
      (Session info: chrome=143.0.7499.170)

      at Object.throwDecodedError (node_modules/selenium-webdriver/lib/error.js:523:15)
      at parseHttpResponse (node_modules/selenium-webdriver/lib/http.js:524:13)
      at Executor.execute (node_modules/selenium-webdriver/lib/http.js:456:28)
      at Driver.execute (node_modules/selenium-webdriver/lib/webdriver.js:745:17)

FAIL tests/login-cli-output.test.js (29.361 s)
  ● Console

    console.log


      at log (tests/login-cli-output.test.js:9:13)

    console.log
      ╔═══════════════════════════════════════════════════════════╗

      at log (tests/login-cli-output.test.js:10:13)

    console.log
      ║     SELENIUM END-TO-END TESTING - LOGIN MODULE           ║

      at log (tests/login-cli-output.test.js:11:13)

    console.log
      ╠═══════════════════════════════════════════════════════════╣

      at log (tests/login-cli-output.test.js:12:13)

    console.log
      ║  Framework: Jest + Selenium WebDriver                     ║

      at log (tests/login-cli-output.test.js:13:13)

    console.log
      ║  Browser: Chrome (Headless Mode)                          ║

      at log (tests/login-cli-output.test.js:14:13)

    console.log
      ║  Application: Blood Donation System                       ║

      at log (tests/login-cli-output.test.js:15:13)

    console.log
      ╚═══════════════════════════════════════════════════════════╝

      at log (tests/login-cli-output.test.js:16:13)

    console.log


      at log (tests/login-cli-output.test.js:17:13)

    console.log
      ⚙️  Initializing Chrome WebDriver...

      at log (tests/login-cli-output.test.js:26:13)

    console.log
      ✅ WebDriver initialized successfully

      at log (tests/login-cli-output.test.js:31:13)

    console.log
      ━━━━━━━━━━━━━━━━━━━━━━━━━━━━━━━━━━━━━━━━━━━━━━━━━━━━━━━━━━━━━━━━━━━━━━

      at log (tests/login-cli-output.test.js:32:13)

    console.log
      🌐 Navigating to http://localhost:5173/login

      at log (tests/login-cli-output.test.js:72:13)

    console.log
      🌐 Navigating to http://localhost:5173/login

      at log (tests/login-cli-output.test.js:72:13)

    console.log
      🌐 Navigating to http://localhost:5173/login

      at log (tests/login-cli-output.test.js:72:13)

    console.log
      🌐 Navigating to http://localhost:5173/login

      at log (tests/login-cli-output.test.js:72:13)

    console.log
      🌐 Navigating to http://localhost:5173/login

      at log (tests/login-cli-output.test.js:72:13)

    console.log
      🌐 Navigating to http://localhost:5173/login

      at log (tests/login-cli-output.test.js:72:13)

    console.log
      🌐 Navigating to http://localhost:5173/login

      at log (tests/login-cli-output.test.js:72:13)

    console.log
      🌐 Navigating to http://localhost:5173/login

      at log (tests/login-cli-output.test.js:72:13)

    console.log
      
      ━━━━━━━━━━━━━━━━━━━━━━━━━━━━━━━━━━━━━━━━━━━━━━━━━━━━━━━━━━━━━━━━━━━━━━

      at log (tests/login-cli-output.test.js:36:13)

    console.log
      
      📊 TEST EXECUTION SUMMARY

      at log (tests/login-cli-output.test.js:37:13)

    console.log
      ╔═══════════════════════════════════════════════════════════╗

      at log (tests/login-cli-output.test.js:38:13)

    console.log
      ║                    FINAL RESULTS                          ║

      at log (tests/login-cli-output.test.js:39:13)

    console.log
      ╠═══════════════════════════════════════════════════════════╣

      at log (tests/login-cli-output.test.js:40:13)

    console.log
      ║  Total Tests: 0                                           ║

      at log (tests/login-cli-output.test.js:46:13)

    console.log
      ║  ✅ Passed: 0                                             ║

      at log (tests/login-cli-output.test.js:47:13)

    console.log
      ║  ❌ Failed: 0                                             ║

      at log (tests/login-cli-output.test.js:48:13)

    console.log
      ║  📈 Success Rate: NaN%                              ║

      at log (tests/login-cli-output.test.js:49:13)

    console.log
      ╚═══════════════════════════════════════════════════════════╝

      at log (tests/login-cli-output.test.js:50:13)

    console.log
      📋 Detailed Results:

      at log (tests/login-cli-output.test.js:52:13)

    console.log
      🔒 Closing WebDriver...

      at log (tests/login-cli-output.test.js:65:15)

    console.log
      ✅ WebDriver closed successfully

      at log (tests/login-cli-output.test.js:67:15)

  ● Login Functionality Tests - CLI OUTPUT › TEST 1: Load Login Page Successfully

    WebDriverError: unknown error: net::ERR_CONNECTION_REFUSED
      (Session info: chrome=143.0.7499.170)

      at Object.throwDecodedError (node_modules/selenium-webdriver/lib/error.js:523:15)
      at parseHttpResponse (node_modules/selenium-webdriver/lib/http.js:524:13)
      at Executor.execute (node_modules/selenium-webdriver/lib/http.js:456:28)
      at Driver.execute (node_modules/selenium-webdriver/lib/webdriver.js:745:17)

  ● Login Functionality Tests - CLI OUTPUT › TEST 2: Show Error for Invalid Credentials

    WebDriverError: unknown error: net::ERR_CONNECTION_REFUSED
      (Session info: chrome=143.0.7499.170)

      at Object.throwDecodedError (node_modules/selenium-webdriver/lib/error.js:523:15)
      at parseHttpResponse (node_modules/selenium-webdriver/lib/http.js:524:13)
      at Executor.execute (node_modules/selenium-webdriver/lib/http.js:456:28)
      at Driver.execute (node_modules/selenium-webdriver/lib/webdriver.js:745:17)

  ● Login Functionality Tests - CLI OUTPUT › TEST 3: Validate Empty Fields

    WebDriverError: unknown error: net::ERR_CONNECTION_REFUSED
      (Session info: chrome=143.0.7499.170)

      at Object.throwDecodedError (node_modules/selenium-webdriver/lib/error.js:523:15)
      at parseHttpResponse (node_modules/selenium-webdriver/lib/http.js:524:13)
      at Executor.execute (node_modules/selenium-webdriver/lib/http.js:456:28)
      at Driver.execute (node_modules/selenium-webdriver/lib/webdriver.js:745:17)

  ● Login Functionality Tests - CLI OUTPUT › TEST 4: Show Firebase Login Option

    WebDriverError: unknown error: net::ERR_CONNECTION_REFUSED
      (Session info: chrome=143.0.7499.170)

      at Object.throwDecodedError (node_modules/selenium-webdriver/lib/error.js:523:15)
      at parseHttpResponse (node_modules/selenium-webdriver/lib/http.js:524:13)
      at Executor.execute (node_modules/selenium-webdriver/lib/http.js:456:28)
      at Driver.execute (node_modules/selenium-webdriver/lib/webdriver.js:745:17)

  ● Login Functionality Tests - CLI OUTPUT › TEST 5: Navigate to Forgot Password

    WebDriverError: unknown error: net::ERR_CONNECTION_REFUSED
      (Session info: chrome=143.0.7499.170)

      at Object.throwDecodedError (node_modules/selenium-webdriver/lib/error.js:523:15)
      at parseHttpResponse (node_modules/selenium-webdriver/lib/http.js:524:13)
      at Executor.execute (node_modules/selenium-webdriver/lib/http.js:456:28)
      at Driver.execute (node_modules/selenium-webdriver/lib/webdriver.js:745:17)

  ● Login Functionality Tests - CLI OUTPUT › TEST 6: Verify Form Attributes

    WebDriverError: unknown error: net::ERR_CONNECTION_REFUSED
      (Session info: chrome=143.0.7499.170)

      at Object.throwDecodedError (node_modules/selenium-webdriver/lib/error.js:523:15)
      at parseHttpResponse (node_modules/selenium-webdriver/lib/http.js:524:13)
      at Executor.execute (node_modules/selenium-webdriver/lib/http.js:456:28)
      at Driver.execute (node_modules/selenium-webdriver/lib/webdriver.js:745:17)

  ● Login Functionality Tests - CLI OUTPUT › TEST 7: Verify Back to Home Link

    WebDriverError: unknown error: net::ERR_CONNECTION_REFUSED
      (Session info: chrome=143.0.7499.170)

      at Object.throwDecodedError (node_modules/selenium-webdriver/lib/error.js:523:15)
      at parseHttpResponse (node_modules/selenium-webdriver/lib/http.js:524:13)
      at Executor.execute (node_modules/selenium-webdriver/lib/http.js:456:28)
      at Driver.execute (node_modules/selenium-webdriver/lib/webdriver.js:745:17)

  ● Login Functionality Tests - CLI OUTPUT › TEST 8: Successful Login Flow

    WebDriverError: unknown error: net::ERR_CONNECTION_REFUSED
      (Session info: chrome=143.0.7499.170)

      at Object.throwDecodedError (node_modules/selenium-webdriver/lib/error.js:523:15)
      at parseHttpResponse (node_modules/selenium-webdriver/lib/http.js:524:13)
      at Executor.execute (node_modules/selenium-webdriver/lib/http.js:456:28)
      at Driver.execute (node_modules/selenium-webdriver/lib/webdriver.js:745:17)

FAIL tests/login.test.js (31.62 s)
  ● Console

    console.log
      
      ========================================

      at log (tests/login.test.js:9:13)

    console.log
             LOGIN TEST SUITE

      at log (tests/login.test.js:10:13)

    console.log
      ========================================

      at log (tests/login.test.js:11:13)

    console.log
      Setting up Chrome browser...

      at log (tests/login.test.js:12:13)

    console.log
      ✓ Chrome browser setup complete

      at log (tests/login.test.js:30:13)

    console.log
      Navigating to http://localhost:5173/login

      at log (tests/login.test.js:63:13)

    console.log
      Navigating to http://localhost:5173/login

      at log (tests/login.test.js:63:13)

    console.log
      Navigating to http://localhost:5173/login

      at log (tests/login.test.js:63:13)

    console.log
      Navigating to http://localhost:5173/login

      at log (tests/login.test.js:63:13)

    console.log
      Navigating to http://localhost:5173/login

      at log (tests/login.test.js:63:13)

    console.log
      Navigating to http://localhost:5173/login

      at log (tests/login.test.js:63:13)

    console.log
      Navigating to http://localhost:5173/login

      at log (tests/login.test.js:63:13)

    console.log
      Navigating to http://localhost:5173/login

      at log (tests/login.test.js:63:13)

    console.log
      Navigating to http://localhost:5173/login

      at log (tests/login.test.js:63:13)

    console.log
      
      ========================================

      at log (tests/login.test.js:34:13)

    console.log
             TEST REPORT

      at log (tests/login.test.js:35:13)

    console.log
      ========================================

      at log (tests/login.test.js:36:13)

    console.log
      
      ----------------------------------------

      at log (tests/login.test.js:50:13)

    console.log
      Total: 0 | Passed: 0 | Failed: 0

      at log (tests/login.test.js:51:13)

    console.log
      ========================================

      at log (tests/login.test.js:52:13)

    console.log
      Closing browser...

      at log (tests/login.test.js:55:15)

    console.log
      ✓ Browser closed successfully

      at log (tests/login.test.js:57:15)

  ● Login Functionality Tests › should load login page successfully

    WebDriverError: unknown error: net::ERR_CONNECTION_REFUSED
      (Session info: chrome=143.0.7499.170)

      at Object.throwDecodedError (node_modules/selenium-webdriver/lib/error.js:523:15)
      at parseHttpResponse (node_modules/selenium-webdriver/lib/http.js:524:13)
      at Executor.execute (node_modules/selenium-webdriver/lib/http.js:456:28)
      at Driver.execute (node_modules/selenium-webdriver/lib/webdriver.js:745:17)

  ● Login Functionality Tests › should show error for invalid credentials

    WebDriverError: unknown error: net::ERR_CONNECTION_REFUSED
      (Session info: chrome=143.0.7499.170)

      at Object.throwDecodedError (node_modules/selenium-webdriver/lib/error.js:523:15)
      at parseHttpResponse (node_modules/selenium-webdriver/lib/http.js:524:13)
      at Executor.execute (node_modules/selenium-webdriver/lib/http.js:456:28)
      at Driver.execute (node_modules/selenium-webdriver/lib/webdriver.js:745:17)

  ● Login Functionality Tests › should show validation error for empty fields

    WebDriverError: unknown error: net::ERR_CONNECTION_REFUSED
      (Session info: chrome=143.0.7499.170)

      at Object.throwDecodedError (node_modules/selenium-webdriver/lib/error.js:523:15)
      at parseHttpResponse (node_modules/selenium-webdriver/lib/http.js:524:13)
      at Executor.execute (node_modules/selenium-webdriver/lib/http.js:456:28)
      at Driver.execute (node_modules/selenium-webdriver/lib/webdriver.js:745:17)

  ● Login Functionality Tests › should navigate to forgot password section

    WebDriverError: unknown error: net::ERR_CONNECTION_REFUSED
      (Session info: chrome=143.0.7499.170)

      at Object.throwDecodedError (node_modules/selenium-webdriver/lib/error.js:523:15)
      at parseHttpResponse (node_modules/selenium-webdriver/lib/http.js:524:13)
      at Executor.execute (node_modules/selenium-webdriver/lib/http.js:456:28)
      at Driver.execute (node_modules/selenium-webdriver/lib/webdriver.js:745:17)

  ● Login Functionality Tests › should show Firebase login option

    WebDriverError: unknown error: net::ERR_CONNECTION_REFUSED
      (Session info: chrome=143.0.7499.170)

      at Object.throwDecodedError (node_modules/selenium-webdriver/lib/error.js:523:15)
      at parseHttpResponse (node_modules/selenium-webdriver/lib/http.js:524:13)
      at Executor.execute (node_modules/selenium-webdriver/lib/http.js:456:28)
      at Driver.execute (node_modules/selenium-webdriver/lib/webdriver.js:745:17)

  ● Login Functionality Tests › should have proper form attributes

    WebDriverError: unknown error: net::ERR_CONNECTION_REFUSED
      (Session info: chrome=143.0.7499.170)

      at Object.throwDecodedError (node_modules/selenium-webdriver/lib/error.js:523:15)
      at parseHttpResponse (node_modules/selenium-webdriver/lib/http.js:524:13)
      at Executor.execute (node_modules/selenium-webdriver/lib/http.js:456:28)
      at Driver.execute (node_modules/selenium-webdriver/lib/webdriver.js:745:17)

  ● Login Functionality Tests › should display progress bar correctly

    WebDriverError: unknown error: net::ERR_CONNECTION_REFUSED
      (Session info: chrome=143.0.7499.170)

      at Object.throwDecodedError (node_modules/selenium-webdriver/lib/error.js:523:15)
      at parseHttpResponse (node_modules/selenium-webdriver/lib/http.js:524:13)
      at Executor.execute (node_modules/selenium-webdriver/lib/http.js:456:28)
      at Driver.execute (node_modules/selenium-webdriver/lib/webdriver.js:745:17)

  ● Login Functionality Tests › should have back to home link

    WebDriverError: unknown error: net::ERR_CONNECTION_REFUSED
      (Session info: chrome=143.0.7499.170)

      at Object.throwDecodedError (node_modules/selenium-webdriver/lib/error.js:523:15)
      at parseHttpResponse (node_modules/selenium-webdriver/lib/http.js:524:13)
      at Executor.execute (node_modules/selenium-webdriver/lib/http.js:456:28)
      at Driver.execute (node_modules/selenium-webdriver/lib/webdriver.js:745:17)

  ● Login Functionality Tests › should successfully login with jeevan@gmail.com

    WebDriverError: unknown error: net::ERR_CONNECTION_REFUSED
      (Session info: chrome=143.0.7499.170)

      at Object.throwDecodedError (node_modules/selenium-webdriver/lib/error.js:523:15)
      at parseHttpResponse (node_modules/selenium-webdriver/lib/http.js:524:13)
      at Executor.execute (node_modules/selenium-webdriver/lib/http.js:456:28)
      at Driver.execute (node_modules/selenium-webdriver/lib/webdriver.js:745:17)

Summary of all failing tests
FAIL src/Pages/__tests__/PatientRegister.test.jsx
  ● Test suite failed to run

    Jest encountered an unexpected token

    Jest failed to parse a file. This happens e.g. when your code or its dependencies use non-standard JavaScript syntax, or when Jest is not configured to support such syntax.

    Out of the box Jest supports Babel, which will be used to transform your files into valid JS based on your Babel configuration.

    By default "node_modules" folder is ignored by transformers.

    Here's what you can do:
     • If you are trying to use ECMAScript Modules, see https://jestjs.io/docs/ecmascript-modules for how to enable it.
     • If you are trying to use TypeScript, see https://jestjs.io/docs/getting-started#using-typescript
     • To have some of your "node_modules" files transformed, you can specify a custom "transformIgnorePatterns" in your config.
     • If you need a custom transformation, specify a "transform" option in your config.
     • If you simply want to mock your non-JS modules (e.g. binary assets) you can stub them out with the "moduleNameMapper" config option.

    You'll find more details and examples of these config options in the docs:
    https://jestjs.io/docs/configuration
    For information about custom transformations, see:
    https://jestjs.io/docs/code-transformation

    Details:

    D:\BloodDonation\frontend\src\lib\api.js:16
    var API_URL = import.meta.env.VITE_API_URL || import.meta.env.VITE_API_BASE_URL || 'http://localhost:3000';
                         ^^^^

    SyntaxError: Cannot use 'import.meta' outside a module

    [0m [90m 1 |[39m [36mimport[39m [33mReact[39m[33m,[39m { useState } [36mfrom[39m [32m'react'[39m[33m;[39m
     [90m 2 |[39m [36mimport[39m { useNavigate } [36mfrom[39m [32m'react-router-dom'[39m[33m;[39m
    [31m[1m>[22m[39m[90m 3 |[39m [36mimport[39m api [36mfrom[39m [32m'../lib/api'[39m[33m;[39m
     [90m   |[39m [31m[1m^[22m[39m
     [90m 4 |[39m [36mimport[39m [33mLayout[39m [36mfrom[39m [32m'../components/Layout'[39m[33m;[39m
     [90m 5 |[39m
     [90m 6 |[39m [36mconst[39m [33mBLOOD_GROUPS[39m [33m=[39m [[32m'A+'[39m[33m,[39m [32m'A-'[39m[33m,[39m [32m'B+'[39m[33m,[39m [32m'B-'[39m[33m,[39m [32m'AB+'[39m[33m,[39m [32m'AB-'[39m[33m,[39m [32m'O+'[39m[33m,[39m [32m'O-'[39m][33m;[39m[0m

      at Runtime.createScriptFromCode (node_modules/jest-runtime/build/index.js:1318:40)
      at Object.require (src/Pages/PatientRegister.jsx:3:1)
      at Object.require (src/Pages/__tests__/PatientRegister.test.jsx:3:1)

FAIL src/Pages/__tests__/DonorDashboard.test.jsx
  ● Test suite failed to run

    Jest encountered an unexpected token

    Jest failed to parse a file. This happens e.g. when your code or its dependencies use non-standard JavaScript syntax, or when Jest is not configured to support such syntax.

    Out of the box Jest supports Babel, which will be used to transform your files into valid JS based on your Babel configuration.

    By default "node_modules" folder is ignored by transformers.

    Here's what you can do:
     • If you are trying to use ECMAScript Modules, see https://jestjs.io/docs/ecmascript-modules for how to enable it.
     • If you are trying to use TypeScript, see https://jestjs.io/docs/getting-started#using-typescript
     • To have some of your "node_modules" files transformed, you can specify a custom "transformIgnorePatterns" in your config.
     • If you need a custom transformation, specify a "transform" option in your config.
     • If you simply want to mock your non-JS modules (e.g. binary assets) you can stub them out with the "moduleNameMapper" config option.

    You'll find more details and examples of these config options in the docs:
    https://jestjs.io/docs/configuration
    For information about custom transformations, see:
    https://jestjs.io/docs/code-transformation

    Details:

    D:\BloodDonation\frontend\src\lib\api.js:16
    var API_URL = import.meta.env.VITE_API_URL || import.meta.env.VITE_API_BASE_URL || 'http://localhost:3000';
                         ^^^^

    SyntaxError: Cannot use 'import.meta' outside a module

    [0m [90m 1 |[39m [36mimport[39m [33mReact[39m[33m,[39m { useState[33m,[39m useEffect } [36mfrom[39m [32m'react'[39m[33m;[39m
    [31m[1m>[22m[39m[90m 2 |[39m [36mimport[39m api [36mfrom[39m [32m'../lib/api'[39m[33m;[39m
     [90m   |[39m [31m[1m^[22m[39m
     [90m 3 |[39m [36mimport[39m [33mLayout[39m [36mfrom[39m [32m'../components/Layout'[39m[33m;[39m
     [90m 4 |[39m
     [90m 5 |[39m [36mexport[39m [36mdefault[39m [36mfunction[39m [33mDonorDashboard[39m() {[0m

      at Runtime.createScriptFromCode (node_modules/jest-runtime/build/index.js:1318:40)
      at Object.require (src/Pages/DonorDashboard.jsx:2:1)
      at Object.require (src/Pages/__tests__/DonorDashboard.test.jsx:3:1)

FAIL tests/playwright/auth.spec.js
  ● Test suite failed to run

    ReferenceError: TransformStream is not defined

    [0m [90m 1 |[39m [90m// @ts-check[39m
    [31m[1m>[22m[39m[90m 2 |[39m [36mimport[39m { test[33m,[39m expect } [36mfrom[39m [32m'@playwright/test'[39m[33m;[39m
     [90m   |[39m [31m[1m^[22m[39m
     [90m 3 |[39m
     [90m 4 |[39m test[33m.[39mdescribe([32m'Authentication Tests'[39m[33m,[39m () [33m=>[39m {
     [90m 5 |[39m   test[33m.[39mbeforeEach([36masync[39m ({ page }) [33m=>[39m {[0m

      at Object.<anonymous> (node_modules/playwright/lib/mcpBundleImpl.js:17:5390)
      at Object.<anonymous> (node_modules/playwright/lib/mcp/sdk/bundle.js:48:22)
      at Object.<anonymous> (node_modules/playwright/lib/mcp/sdk/proxyBackend.js:35:25)
      at Object.<anonymous> (node_modules/playwright/lib/mcp/sdk/exports.js:19:29)
      at Object.<anonymous> (node_modules/playwright/lib/mcp/test/browserBackend.js:34:19)
      at Object.<anonymous> (node_modules/playwright/lib/index.js:45:29)
      at Object.<anonymous> (node_modules/playwright/test.js:17:13)
      at Object.<anonymous> (node_modules/@playwright/test/index.js:17:18)
      at Object.require (tests/playwright/auth.spec.js:2:1)

FAIL src/Pages/__tests__/LandingPage.test.jsx
  ● Test suite failed to run

    TypeError: Cannot read properties of undefined (reading 'jest')

    [0m [90m  8 |[39m [36mconst[39m mockNavigate [33m=[39m jest[33m.[39mfn()[33m;[39m
     [90m  9 |[39m jest[33m.[39mmock([32m'react-router-dom'[39m[33m,[39m () [33m=>[39m ({
    [31m[1m>[22m[39m[90m 10 |[39m   [33m...[39mjest[33m.[39mrequireActual([32m'react-router-dom'[39m)[33m,[39m
     [90m    |[39m      [31m[1m^[22m[39m
     [90m 11 |[39m   useNavigate[33m:[39m () [33m=>[39m mockNavigate[33m,[39m
     [90m 12 |[39m }))[33m;[39m
     [90m 13 |[39m[0m

      at jest (src/Pages/__tests__/LandingPage.test.jsx:10:6)
      at Object.require (src/Pages/__tests__/LandingPage.test.jsx:3:1)

FAIL tests/playwright/dashboard.spec.js
  ● Test suite failed to run

    ReferenceError: TransformStream is not defined

    [0m [90m 1 |[39m [90m// @ts-check[39m
    [31m[1m>[22m[39m[90m 2 |[39m [36mimport[39m { test[33m,[39m expect } [36mfrom[39m [32m'@playwright/test'[39m[33m;[39m
     [90m   |[39m [31m[1m^[22m[39m
     [90m 3 |[39m
     [90m 4 |[39m [90m/**[39m
     [90m 5 |[39m [90m * Dashboard & User Profile E2E Tests[39m[0m

      at Object.<anonymous> (node_modules/playwright/lib/mcpBundleImpl.js:17:5390)
      at Object.<anonymous> (node_modules/playwright/lib/mcp/sdk/bundle.js:48:22)
      at Object.<anonymous> (node_modules/playwright/lib/mcp/sdk/proxyBackend.js:35:25)
      at Object.<anonymous> (node_modules/playwright/lib/mcp/sdk/exports.js:19:29)
      at Object.<anonymous> (node_modules/playwright/lib/mcp/test/browserBackend.js:34:19)
      at Object.<anonymous> (node_modules/playwright/lib/index.js:45:29)
      at Object.<anonymous> (node_modules/playwright/test.js:17:13)
      at Object.<anonymous> (node_modules/@playwright/test/index.js:17:18)
      at Object.require (tests/playwright/dashboard.spec.js:2:1)

FAIL tests/playwright/blood-donation-flow.spec.js
  ● Test suite failed to run

    ReferenceError: TransformStream is not defined

    [0m [90m 1 |[39m [90m// @ts-check[39m
    [31m[1m>[22m[39m[90m 2 |[39m [36mimport[39m { test[33m,[39m expect } [36mfrom[39m [32m'@playwright/test'[39m[33m;[39m
     [90m   |[39m [31m[1m^[22m[39m
     [90m 3 |[39m
     [90m 4 |[39m [90m/**[39m
     [90m 5 |[39m [90m * Comprehensive E2E Tests for Blood Donation Application[39m[0m

      at Object.<anonymous> (node_modules/playwright/lib/mcpBundleImpl.js:17:5390)
      at Object.<anonymous> (node_modules/playwright/lib/mcp/sdk/bundle.js:48:22)
      at Object.<anonymous> (node_modules/playwright/lib/mcp/sdk/proxyBackend.js:35:25)
      at Object.<anonymous> (node_modules/playwright/lib/mcp/sdk/exports.js:19:29)
      at Object.<anonymous> (node_modules/playwright/lib/mcp/test/browserBackend.js:34:19)
      at Object.<anonymous> (node_modules/playwright/lib/index.js:45:29)
      at Object.<anonymous> (node_modules/playwright/test.js:17:13)
      at Object.<anonymous> (node_modules/@playwright/test/index.js:17:18)
      at Object.require (tests/playwright/blood-donation-flow.spec.js:2:1)

FAIL tests/playwright/donor-find.spec.js
  ● Test suite failed to run

    ReferenceError: TransformStream is not defined

    [0m [90m 1 |[39m [90m// @ts-check[39m
    [31m[1m>[22m[39m[90m 2 |[39m [36mimport[39m { test[33m,[39m expect } [36mfrom[39m [32m'@playwright/test'[39m[33m;[39m
     [90m   |[39m [31m[1m^[22m[39m
     [90m 3 |[39m
     [90m 4 |[39m [90m/**[39m
     [90m 5 |[39m [90m * Donor Find/Search E2E Tests[39m[0m

      at Object.<anonymous> (node_modules/playwright/lib/mcpBundleImpl.js:17:5390)
      at Object.<anonymous> (node_modules/playwright/lib/mcp/sdk/bundle.js:48:22)
      at Object.<anonymous> (node_modules/playwright/lib/mcp/sdk/proxyBackend.js:35:25)
      at Object.<anonymous> (node_modules/playwright/lib/mcp/sdk/exports.js:19:29)
      at Object.<anonymous> (node_modules/playwright/lib/mcp/test/browserBackend.js:34:19)
      at Object.<anonymous> (node_modules/playwright/lib/index.js:45:29)
      at Object.<anonymous> (node_modules/playwright/test.js:17:13)
      at Object.<anonymous> (node_modules/@playwright/test/index.js:17:18)
      at Object.require (tests/playwright/donor-find.spec.js:2:1)

FAIL tests/playwright/taxi-booking.spec.js
  ● Test suite failed to run

    ReferenceError: TransformStream is not defined

    [0m [90m 1 |[39m [90m// @ts-check[39m
    [31m[1m>[22m[39m[90m 2 |[39m [36mimport[39m { test[33m,[39m expect } [36mfrom[39m [32m'@playwright/test'[39m[33m;[39m
     [90m   |[39m [31m[1m^[22m[39m
     [90m 3 |[39m
     [90m 4 |[39m [90m/**[39m
     [90m 5 |[39m [90m * Taxi Booking E2E Tests[39m[0m

      at Object.<anonymous> (node_modules/playwright/lib/mcpBundleImpl.js:17:5390)
      at Object.<anonymous> (node_modules/playwright/lib/mcp/sdk/bundle.js:48:22)
      at Object.<anonymous> (node_modules/playwright/lib/mcp/sdk/proxyBackend.js:35:25)
      at Object.<anonymous> (node_modules/playwright/lib/mcp/sdk/exports.js:19:29)
      at Object.<anonymous> (node_modules/playwright/lib/mcp/test/browserBackend.js:34:19)
      at Object.<anonymous> (node_modules/playwright/lib/index.js:45:29)
      at Object.<anonymous> (node_modules/playwright/test.js:17:13)
      at Object.<anonymous> (node_modules/@playwright/test/index.js:17:18)
      at Object.require (tests/playwright/taxi-booking.spec.js:2:1)

FAIL tests/playwright/donor-request.spec.js
  ● Test suite failed to run

    ReferenceError: TransformStream is not defined

    [0m [90m 1 |[39m [90m// @ts-check[39m
    [31m[1m>[22m[39m[90m 2 |[39m [36mimport[39m { test[33m,[39m expect } [36mfrom[39m [32m'@playwright/test'[39m[33m;[39m
     [90m   |[39m [31m[1m^[22m[39m
     [90m 3 |[39m
     [90m 4 |[39m [90m/**[39m
     [90m 5 |[39m [90m * Donor Request E2E Tests[39m[0m

      at Object.<anonymous> (node_modules/playwright/lib/mcpBundleImpl.js:17:5390)
      at Object.<anonymous> (node_modules/playwright/lib/mcp/sdk/bundle.js:48:22)
      at Object.<anonymous> (node_modules/playwright/lib/mcp/sdk/proxyBackend.js:35:25)
      at Object.<anonymous> (node_modules/playwright/lib/mcp/sdk/exports.js:19:29)
      at Object.<anonymous> (node_modules/playwright/lib/mcp/test/browserBackend.js:34:19)
      at Object.<anonymous> (node_modules/playwright/lib/index.js:45:29)
      at Object.<anonymous> (node_modules/playwright/test.js:17:13)
      at Object.<anonymous> (node_modules/@playwright/test/index.js:17:18)
      at Object.require (tests/playwright/donor-request.spec.js:2:1)

FAIL tests/playwright/auth-integration.spec.js
  ● Test suite failed to run

    ReferenceError: TransformStream is not defined

    [0m [90m 1 |[39m [90m// @ts-check[39m
    [31m[1m>[22m[39m[90m 2 |[39m [36mimport[39m { test[33m,[39m expect } [36mfrom[39m [32m'@playwright/test'[39m[33m;[39m
     [90m   |[39m [31m[1m^[22m[39m
     [90m 3 |[39m
     [90m 4 |[39m test[33m.[39mdescribe([32m'Authentication Integration Tests'[39m[33m,[39m () [33m=>[39m {
     [90m 5 |[39m   test[33m.[39mbeforeEach([36masync[39m ({ page }) [33m=>[39m {[0m

      at Object.<anonymous> (node_modules/playwright/lib/mcpBundleImpl.js:17:5390)
      at Object.<anonymous> (node_modules/playwright/lib/mcp/sdk/bundle.js:48:22)
      at Object.<anonymous> (node_modules/playwright/lib/mcp/sdk/proxyBackend.js:35:25)
      at Object.<anonymous> (node_modules/playwright/lib/mcp/sdk/exports.js:19:29)
      at Object.<anonymous> (node_modules/playwright/lib/mcp/test/browserBackend.js:34:19)
      at Object.<anonymous> (node_modules/playwright/lib/index.js:45:29)
      at Object.<anonymous> (node_modules/playwright/test.js:17:13)
      at Object.<anonymous> (node_modules/@playwright/test/index.js:17:18)
      at Object.require (tests/playwright/auth-integration.spec.js:2:1)

FAIL tests/playwright/slot-booking.spec.js
  ● Test suite failed to run

    ReferenceError: TransformStream is not defined

    [0m [90m 1 |[39m [90m// @ts-check[39m
    [31m[1m>[22m[39m[90m 2 |[39m [36mimport[39m { test[33m,[39m expect } [36mfrom[39m [32m'@playwright/test'[39m[33m;[39m
     [90m   |[39m [31m[1m^[22m[39m
     [90m 3 |[39m
     [90m 4 |[39m [90m/**[39m
     [90m 5 |[39m [90m * Slot Booking E2E Tests[39m[0m

      at Object.<anonymous> (node_modules/playwright/lib/mcpBundleImpl.js:17:5390)
      at Object.<anonymous> (node_modules/playwright/lib/mcp/sdk/bundle.js:48:22)
      at Object.<anonymous> (node_modules/playwright/lib/mcp/sdk/proxyBackend.js:35:25)
      at Object.<anonymous> (node_modules/playwright/lib/mcp/sdk/exports.js:19:29)
      at Object.<anonymous> (node_modules/playwright/lib/mcp/test/browserBackend.js:34:19)
      at Object.<anonymous> (node_modules/playwright/lib/index.js:45:29)
      at Object.<anonymous> (node_modules/playwright/test.js:17:13)
      at Object.<anonymous> (node_modules/@playwright/test/index.js:17:18)
      at Object.require (tests/playwright/slot-booking.spec.js:2:1)

FAIL tests/playwright/firebase-auth.spec.js
  ● Test suite failed to run

    ReferenceError: TransformStream is not defined

    [0m [90m 1 |[39m [90m// @ts-check[39m
    [31m[1m>[22m[39m[90m 2 |[39m [36mimport[39m { test[33m,[39m expect } [36mfrom[39m [32m'@playwright/test'[39m[33m;[39m
     [90m   |[39m [31m[1m^[22m[39m
     [90m 3 |[39m
     [90m 4 |[39m test[33m.[39mdescribe([32m'Firebase Authentication Tests'[39m[33m,[39m () [33m=>[39m {
     [90m 5 |[39m   test[33m.[39mbeforeEach([36masync[39m ({ page }) [33m=>[39m {[0m

      at Object.<anonymous> (node_modules/playwright/lib/mcpBundleImpl.js:17:5390)
      at Object.<anonymous> (node_modules/playwright/lib/mcp/sdk/bundle.js:48:22)
      at Object.<anonymous> (node_modules/playwright/lib/mcp/sdk/proxyBackend.js:35:25)
      at Object.<anonymous> (node_modules/playwright/lib/mcp/sdk/exports.js:19:29)
      at Object.<anonymous> (node_modules/playwright/lib/mcp/test/browserBackend.js:34:19)
      at Object.<anonymous> (node_modules/playwright/lib/index.js:45:29)
      at Object.<anonymous> (node_modules/playwright/test.js:17:13)
      at Object.<anonymous> (node_modules/@playwright/test/index.js:17:18)
      at Object.require (tests/playwright/firebase-auth.spec.js:2:1)

FAIL src/Pages/__tests__/BloodBankLogin.test.jsx
  ● BloodBankLogin › renders login form correctly

    TypeError: expect(...).toBeInTheDocument is not a function

    [0m [90m 53 |[39m     renderComponent()[33m;[39m
     [90m 54 |[39m
    [31m[1m>[22m[39m[90m 55 |[39m     expect(screen[33m.[39mgetByRole([32m'heading'[39m[33m,[39m { name[33m:[39m [35m/Blood Bank Login/i[39m }))[33m.[39mtoBeInTheDocument()[33m;[39m
     [90m    |[39m                                                                        [31m[1m^[22m[39m
     [90m 56 |[39m     expect(screen[33m.[39mgetByPlaceholderText([32m'Enter your email address'[39m))[33m.[39mtoBeInTheDocument()[33m;[39m
     [90m 57 |[39m     expect(screen[33m.[39mgetByPlaceholderText([32m'Enter your password'[39m))[33m.[39mtoBeInTheDocument()[33m;[39m
     [90m 58 |[39m     expect(screen[33m.[39mgetByText([32m'�� Login to Blood Bank'[39m))[33m.[39mtoBeInTheDocument()[33m;[39m[0m

      at Object.toBeInTheDocument (src/Pages/__tests__/BloodBankLogin.test.jsx:55:72)

  ● BloodBankLogin › handles regular login submission

    expect(jest.fn()).toHaveBeenCalledWith(...expected)

    Expected: "/bloodbank/dashboard"
    Received: "/bloodbank-register"

    Number of calls: 1

    [0m [90m  97 |[39m     expect(localStorage[33m.[39msetItem)[33m.[39mtoHaveBeenCalledWith([32m'userId'[39m[33m,[39m [32m'user-id'[39m)[33m;[39m
     [90m  98 |[39m     expect(localStorage[33m.[39msetItem)[33m.[39mtoHaveBeenCalledWith([32m'role'[39m[33m,[39m [32m'bloodbank'[39m)[33m;[39m
    [31m[1m>[22m[39m[90m  99 |[39m     expect(mockNavigate)[33m.[39mtoHaveBeenCalledWith([32m'/bloodbank/dashboard'[39m)[33m;[39m
     [90m     |[39m                          [31m[1m^[22m[39m
     [90m 100 |[39m   })[33m;[39m
     [90m 101 |[39m
     [90m 102 |[39m   test([32m'handles Google login'[39m[33m,[39m [36masync[39m () [33m=>[39m {[0m

      at toHaveBeenCalledWith (src/Pages/__tests__/BloodBankLogin.test.jsx:99:26)
      at Generator.call (src/Pages/__tests__/BloodBankLogin.test.jsx:2:1)
      at Generator._invoke [as next] (src/Pages/__tests__/BloodBankLogin.test.jsx:2:1)
      at asyncGeneratorStep (src/Pages/__tests__/BloodBankLogin.test.jsx:2:1)
      at asyncGeneratorStep (src/Pages/__tests__/BloodBankLogin.test.jsx:2:1)

  ● BloodBankLogin › handles Google login

    expect(jest.fn()).toHaveBeenCalledWith(...expected)

    Expected: "/bloodbank/dashboard"
    Received: "/bloodbank-register"

    Number of calls: 1

    [0m [90m 148 |[39m     expect(localStorage[33m.[39msetItem)[33m.[39mtoHaveBeenCalledWith([32m'userId'[39m[33m,[39m [32m'google-user-id'[39m)[33m;[39m
     [90m 149 |[39m     expect(localStorage[33m.[39msetItem)[33m.[39mtoHaveBeenCalledWith([32m'role'[39m[33m,[39m [32m'bloodbank'[39m)[33m;[39m
    [31m[1m>[22m[39m[90m 150 |[39m     expect(mockNavigate)[33m.[39mtoHaveBeenCalledWith([32m'/bloodbank/dashboard'[39m)[33m;[39m
     [90m     |[39m                          [31m[1m^[22m[39m
     [90m 151 |[39m   })[33m;[39m
     [90m 152 |[39m
     [90m 153 |[39m   test([32m'handles Google login error'[39m[33m,[39m [36masync[39m () [33m=>[39m {[0m

      at toHaveBeenCalledWith (src/Pages/__tests__/BloodBankLogin.test.jsx:150:26)
      at Generator.call (src/Pages/__tests__/BloodBankLogin.test.jsx:2:1)
      at Generator._invoke [as next] (src/Pages/__tests__/BloodBankLogin.test.jsx:2:1)
      at asyncGeneratorStep (src/Pages/__tests__/BloodBankLogin.test.jsx:2:1)
      at asyncGeneratorStep (src/Pages/__tests__/BloodBankLogin.test.jsx:2:1)

FAIL tests/admin-flow.test.js (8.97 s)
  ● Admin Complete Flow Tests › should successfully login as admin

    WebDriverError: unknown error: net::ERR_CONNECTION_REFUSED
      (Session info: chrome=143.0.7499.170)

      at Object.throwDecodedError (node_modules/selenium-webdriver/lib/error.js:523:15)
      at parseHttpResponse (node_modules/selenium-webdriver/lib/http.js:524:13)
      at Executor.execute (node_modules/selenium-webdriver/lib/http.js:456:28)
      at Driver.execute (node_modules/selenium-webdriver/lib/webdriver.js:745:17)

  ● Admin Complete Flow Tests › should navigate to admin dashboard

    WebDriverError: unknown error: net::ERR_CONNECTION_REFUSED
      (Session info: chrome=143.0.7499.170)

      at Object.throwDecodedError (node_modules/selenium-webdriver/lib/error.js:523:15)
      at parseHttpResponse (node_modules/selenium-webdriver/lib/http.js:524:13)
      at Executor.execute (node_modules/selenium-webdriver/lib/http.js:456:28)
      at Driver.execute (node_modules/selenium-webdriver/lib/webdriver.js:745:17)

  ● Admin Complete Flow Tests › should load admin registration page

    WebDriverError: unknown error: net::ERR_CONNECTION_REFUSED
      (Session info: chrome=143.0.7499.170)

      at Object.throwDecodedError (node_modules/selenium-webdriver/lib/error.js:523:15)
      at parseHttpResponse (node_modules/selenium-webdriver/lib/http.js:524:13)
      at Executor.execute (node_modules/selenium-webdriver/lib/http.js:456:28)
      at Driver.execute (node_modules/selenium-webdriver/lib/webdriver.js:745:17)

FAIL src/Pages/__tests__/UserDashboard.test.jsx (11.754 s)
  ● UserDashboard Component › renders Find Donors tab by default

    TypeError: expect(...).toBeInTheDocument is not a function

    [0m [90m 31 |[39m   test([32m'renders Find Donors tab by default'[39m[33m,[39m () [33m=>[39m {
     [90m 32 |[39m     render([33m<[39m[33mBrowserRouter[39m[33m>[39m[33m<[39m[33mUserDashboard[39m [33m/[39m[33m>[39m[33m<[39m[33m/[39m[33mBrowserRouter[39m[33m>[39m)[33m;[39m
    [31m[1m>[22m[39m[90m 33 |[39m     expect(screen[33m.[39mgetByText([35m/Find Blood Donors/i[39m))[33m.[39mtoBeInTheDocument()[33m;[39m
     [90m    |[39m                                                    [31m[1m^[22m[39m
     [90m 34 |[39m   })[33m;[39m
     [90m 35 |[39m
     [90m 36 |[39m   test([32m'search donors by blood group and city'[39m[33m,[39m [36masync[39m () [33m=>[39m {[0m

      at Object.toBeInTheDocument (src/Pages/__tests__/UserDashboard.test.jsx:33:52)

  ● UserDashboard Component › search donors by blood group and city

    TestingLibraryElementError: Found a label with the text of: /Blood Type/i, however no form control was found associated to that label. Make sure you're using the "for" attribute or "aria-labelledby" attribute correctly.

    Ignored nodes: comments, script, style
    [36m<body>[39m
      [36m<div>[39m
        [36m<div[39m
          [33mclass[39m=[32m"fixed inset-0 min-h-screen w-full overflow-auto bg-gradient-to-br from-rose-50 via-red-50 to-amber-100 dark:from-slate-900 dark:via-neutral-900 dark:to-black"[39m
        [36m>[39m
          [36m<div[39m
            [33mclass[39m=[32m"pointer-events-none absolute -top-24 -left-24 h-72 w-72 rounded-full bg-rose-400/40 blur-3xl dark:bg-rose-600/30"[39m
          [36m/>[39m
          [36m<div[39m
            [33mclass[39m=[32m"pointer-events-none absolute top-32 -right-16 h-80 w-80 rounded-full bg-red-500/30 blur-3xl dark:bg-amber-500/20"[39m
          [36m/>[39m
          [36m<div[39m
            [33mclass[39m=[32m"pointer-events-none absolute -bottom-24 left-1/2 h-96 w-96 -translate-x-1/2 rounded-full bg-pink-400/20 blur-3xl dark:bg-fuchsia-600/20"[39m
          [36m/>[39m
          [36m<header[39m
            [33mclass[39m=[32m"relative z-10"[39m
          [36m>[39m
            [36m<nav[39m
              [33mclass[39m=[32m"mx-auto flex w-full max-w-7xl items-center justify-between px-4 py-5 md:px-6"[39m
            [36m>[39m
              [36m<a[39m
                [33mclass[39m=[32m"flex items-center gap-3"[39m
                [33mdata-discover[39m=[32m"true"[39m
                [33mhref[39m=[32m"/"[39m
              [36m>[39m
                [36m<div[39m
                  [33mclass[39m=[32m"flex h-10 w-10 items-center justify-center rounded-xl bg-gradient-to-br from-rose-500 to-red-600 text-white shadow-lg ring-1 ring-black/10 dark:ring-white/10"[39m
                [36m>[39m
                  [36m<span[39m
                    [33mclass[39m=[32m"text-xl"[39m
                  [36m>[39m
                    [0m��[0m
                  [36m</span>[39m
                [36m</div>[39m
                [36m<div[39m
                  [33mclass[39m=[32m"leading-tight"[39m
                [36m>[39m
                  [36m<p[39m
                    [33mclass[39m=[32m"text-lg font-extrabold tracking-tight bg-gradient-to-r from-rose-600 to-red-600 bg-clip-text text-transparent dark:from-rose-300 dark:to-amber-200"[39m
                  [36m>[39m
                    [0mBlood Donation[0m
                  [36m</p>[39m
                  [36m<p[39m
                    [33mclass[39m=[32m"text-xs text-gray-600 dark:text-gray-300"[39m
                  [36m>[39m
                    [0mConnect. Donate. Save lives.[0m
                  [36m</p>[39m
                [36m</div>[39m
              [36m</a>[39m
              [36m<div[39m
                [33mclass[39m=[32m"flex items-center gap-4"[39m
              [36m>[39m
                [36m<div[39m
                  [33mclass[39m=[32m"skeleton h-12 w-12 rounded-full bg-white/20 backdrop-blur-md"[39m
                [36m/>[39m
              [36m</div>[39m
            [36m</nav>[39m
          [36m</header>[39m
          [36m<main[39m
            [33mclass[39m=[32m"relative z-10 mx-auto w-full max-w-7xl px-4 pb-16 md:px-6 md:pb-24"[39m
          [36m>[39m
            [36m<div[39m
              [33mclass[39m=[32m"mx-auto w-full max-w-6xl mb-8"[39m
            [36m>[39m
              [36m<div[39m
                [33mclass[39m=[32m"rounded-2xl border border-white/30 bg-gradient-to-r from-pink-500/10 via-purple-500/10 to-blue-500/10 p-6 shadow-xl backdrop-blur-2xl transition dark:border-white/10"[39m
              [36m>[39m
                [36m<div[39m
                  [33mclass[39m=[32m"flex items-center gap-6"[39m
                [36m>[39m
                  [36m<div[39m
                    [33mclass[39m=[32m"flex-shrink-0 relative"[39m
                  [36m>[39m
                    [36m<button[39m
                      [33mclass[39m=[32m"w-20 h-20 rounded-full bg-gradient-to-br from-pink-500 to-purple-600 flex items-center justify-center text-white text-3xl font-bold shadow-lg ring-4 ring-white/20 hover:ring-pink-300 transition-all cursor-pointer overflow-hidden"[39m
                    [36m>[39m
                      [36m<span />[39m
                    [36m</button>[39m
                  [36m</div>[39m
                  [36m<div[39m
                    [33mclass[39m=[32m"flex-1"[39m
                  [36m>[39m
                    [36m<h1[39m
                      [33mclass[39m=[32m"text-3xl font-bold text-gray-900 dark:text-white mb-1"[39m
                    [36m>[39m
                      [0mWelcome back, [0m
                      [0mUser[0m
                      [0m! ��[0m
                    [36m</h1>[39m
                    [36m<p[39m
                      [33mclass[39m=[32m"text-gray-600 dark:text-gray-400 text-sm"[39m
                    [36m>[39m
                      [0mManage your profile, find donors, and track donation requests[0m
                    [36m</p>[39m
                    [36m<div[39m
                      [33mclass[39m=[32m"flex gap-3 mt-2"[39m
                    [36m/>[39m
                  [36m</div>[39m
                  [36m<div[39m
                    [33mclass[39m=[32m"hidden lg:flex gap-4"[39m
                  [36m>[39m
                    [36m<div[39m
                      [33mclass[39m=[32m"text-center px-4 py-2 bg-white/50 dark:bg-gray-800/50 rounded-lg"[39m
                    [36m>[39m
                      [36m<div[39m
                        [33mclass[39m=[32m"text-2xl font-bold text-pink-600 dark:text-pink-400"[39m
                      [36m>[39m
                        [0m0[0m
                      [36m</div>[39m
                      [36m<div[39m
                        [33mclass[39m=[32m"text-xs text-gray-600 dark:text-gray-400"[39m
                      [36m>[39m
                        [0mSent[0m
                      [36m</div>[39m
                    [36m</div>[39m
                    [36m<div[39m
                      [33mclass[39m=[32m"text-center px-4 py-2 bg-white/50 dark:bg-gray-800/50 rounded-lg"[39m
                    [36m>[39m
                      [36m<div[39m
                        [33mclass[39m=[32m"text-2xl font-bold text-blue-600 dark:text-blue-400"[39m
                      [36m>[39m
                        [0m0[0m
                      [36m</div>[39m
                      [36m<div[39m
                        [33mclass[39m=[32m"text-xs text-gray-600 dark:text-gray-400"[39m
                      [36m>[39m
                        [0mReceived[0m
                      [36m</div>[39m
                    [36m</div>[39m
                  [36m</div>[39m
                [36m</div>[39m
              [36m</div>[39m
            [36m</div>[39m
            [36m<div[39m
              [33mclass[39m=[32m"flex justify-center mb-6"[39m
            [36m>[39m
              [36m<div[39m
                [33mclass[39m=[32m"flex flex-wrap bg-white/20 rounded-full p-1 backdrop-blur-md gap-1"[39m
              [36m>[39m
                [36m<button[39m
                  [33mclass[39m=[32m"px-6 py-2 rounded-full font-semibold transition bg-pink-600 text-white"[39m
                [36m>[39m
                  [0m�� Find Donors[0m
                [36m</button>[39m
                [36m<button[39m
                  [33mclass[39m=[32m"px-6 py-2 rounded-full font-semibold transition text-gray-700 dark:text-gray-300"[39m
                [36m>[39...

    [0m [90m 43 |[39m
     [90m 44 |[39m     render([33m<[39m[33mBrowserRouter[39m[33m>[39m[33m<[39m[33mUserDashboard[39m [33m/[39m[33m>[39m[33m<[39m[33m/[39m[33mBrowserRouter[39m[33m>[39m)[33m;[39m
    [31m[1m>[22m[39m[90m 45 |[39m     fireEvent[33m.[39mchange(screen[33m.[39mgetByLabelText([35m/Blood Type/i[39m)[33m,[39m { target[33m:[39m { value[33m:[39m [32m'A+'[39m } })[33m;[39m
     [90m    |[39m                             [31m[1m^[22m[39m
     [90m 46 |[39m     fireEvent[33m.[39mchange(screen[33m.[39mgetByPlaceholderText([35m/Enter city/i[39m)[33m,[39m { target[33m:[39m { value[33m:[39m [32m'City1'[39m } })[33m;[39m
     [90m 47 |[39m     fireEvent[33m.[39mclick(screen[33m.[39mgetByRole([32m'button'[39m[33m,[39m { name[33m:[39m [35m/Search Donors/i[39m }))[33m;[39m
     [90m 48 |[39m[0m

      at Object.getElementError (node_modules/@testing-library/dom/dist/config.js:37:19)
      at getElementError (node_modules/@testing-library/dom/dist/queries/label-text.js:108:40)
      at apply (node_modules/@testing-library/dom/dist/query-helpers.js:52:25)
      at apply (node_modules/@testing-library/dom/dist/query-helpers.js:95:24)
      at getByLabelText (src/Pages/__tests__/UserDashboard.test.jsx:45:29)
      at Generator.call (src/Pages/__tests__/UserDashboard.test.jsx:2:1)
      at Generator._invoke [as next] (src/Pages/__tests__/UserDashboard.test.jsx:2:1)
      at asyncGeneratorStep (src/Pages/__tests__/UserDashboard.test.jsx:2:1)
      at asyncGeneratorStep (src/Pages/__tests__/UserDashboard.test.jsx:2:1)
      at _next (src/Pages/__tests__/UserDashboard.test.jsx:2:1)
      at Object.<anonymous> (src/Pages/__tests__/UserDashboard.test.jsx:2:1)

  ● UserDashboard Component › fetch patient by MRID and search donors

    TestingLibraryElementError: Found multiple elements with the role "button" and name `/Search by MRID/i`

    Here are the matching elements:

    Ignored nodes: comments, script, style
    [36m<button[39m
      [33mclass[39m=[32m"px-6 py-2 rounded-full font-semibold transition text-gray-700 dark:text-gray-300"[39m
    [36m>[39m
      [0m�� Search by MRID[0m
    [36m</button>[39m

    Ignored nodes: comments, script, style
    [36m<button[39m
      [33mclass[39m=[32m"inline-flex items-center justify-center rounded-2xl bg-gradient-to-r from-indigo-500 to-purple-500 px-6 py-3 font-semibold text-white shadow-lg ring-1 ring-black/10 transition hover:scale-[1.02] hover:shadow-indigo-500/30 active:scale-[0.99] disabled:opacity-50"[39m
      [33mtype[39m=[32m"button"[39m
    [36m>[39m
      [36m<span[39m
        [33mclass[39m=[32m"mr-2"[39m
      [36m>[39m
        [0m��[0m
      [36m</span>[39m
      [0mSearch by MRID[0m
    [36m</button>[39m

    (If this is intentional, then use the `*AllBy*` variant of the query (like `queryAllByText`, `getAllByText`, or `findAllByText`)).

    Ignored nodes: comments, script, style
    [36m<body>[39m
      [36m<div>[39m
        [36m<div[39m
          [33mclass[39m=[32m"fixed inset-0 min-h-screen w-full overflow-auto bg-gradient-to-br from-rose-50 via-red-50 to-amber-100 dark:from-slate-900 dark:via-neutral-900 dark:to-black"[39m
        [36m>[39m
          [36m<div[39m
            [33mclass[39m=[32m"pointer-events-none absolute -top-24 -left-24 h-72 w-72 rounded-full bg-rose-400/40 blur-3xl dark:bg-rose-600/30"[39m
          [36m/>[39m
          [36m<div[39m
            [33mclass[39m=[32m"pointer-events-none absolute top-32 -right-16 h-80 w-80 rounded-full bg-red-500/30 blur-3xl dark:bg-amber-500/20"[39m
          [36m/>[39m
          [36m<div[39m
            [33mclass[39m=[32m"pointer-events-none absolute -bottom-24 left-1/2 h-96 w-96 -translate-x-1/2 rounded-full bg-pink-400/20 blur-3xl dark:bg-fuchsia-600/20"[39m
          [36m/>[39m
          [36m<header[39m
            [33mclass[39m=[32m"relative z-10"[39m
          [36m>[39m
            [36m<nav[39m
              [33mclass[39m=[32m"mx-auto flex w-full max-w-7xl items-center justify-between px-4 py-5 md:px-6"[39m
            [36m>[39m
              [36m<a[39m
                [33mclass[39m=[32m"flex items-center gap-3"[39m
                [33mdata-discover[39m=[32m"true"[39m
                [33mhref[39m=[32m"/"[39m
              [36m>[39m
                [36m<div[39m
                  [33mclass[39m=[32m"flex h-10 w-10 items-center justify-center rounded-xl bg-gradient-to-br from-rose-500 to-red-600 text-white shadow-lg ring-1 ring-black/10 dark:ring-white/10"[39m
                [36m>[39m
                  [36m<span[39m
                    [33mclass[39m=[32m"text-xl"[39m
                  [36m>[39m
                    [0m��[0m
                  [36m</span>[39m
                [36m</div>[39m
                [36m<div[39m
                  [33mclass[39m=[32m"leading-tight"[39m
                [36m>[39m
                  [36m<p[39m
                    [33mclass[39m=[32m"text-lg font-extrabold tracking-tight bg-gradient-to-r from-rose-600 to-red-600 bg-clip-text text-transparent dark:from-rose-300 dark:to-amber-200"[39m
                  [36m>[39m
                    [0mBlood Donation[0m
                  [36m</p>[39m
                  [36m<p[39m
                    [33mclass[39m=[32m"text-xs text-gray-600 dark:text-gray-300"[39m
                  [36m>[39m
                    [0mConnect. Donate. Save lives.[0m
                  [36m</p>[39m
                [36m</div>[39m
              [36m</a>[39m
              [36m<div[39m
                [33mclass[39m=[32m"flex items-center gap-4"[39m
              [36m>[39m
                [36m<div[39m
                  [33mclass[39m=[32m"skeleton h-12 w-12 rounded-full bg-white/20 backdrop-blur-md"[39m
                [36m/>[39m
              [36m</div>[39m
            [36m</nav>[39m
          [36m</header>[39m
          [36m<main[39m
            [33mclass[39m=[32m"relative z-10 mx-auto w-full max-w-7xl px-4 pb-16 md:px-6 md:pb-24"[39m
          [36m>[39m
            [36m<div[39m
              [33mclass[39m=[32m"mx-auto w-full max-w-6xl mb-8"[39m
            [36m>[39m
              [36m<div[39m
                [33mclass[39m=[32m"rounded-2xl border border-white/30 bg-gradient-to-r from-pink-500/10 via-purple-500/10 to-blue-500/10 p-6 shadow-xl backdrop-blur-2xl transition dark:border-white/10"[39m
              [36m>[39m
                [36m<div[39m
                  [33mclass[39m=[32m"flex items-center gap-6"[39m
                [36m>[39m
                  [36m<div[39m
                    [33mclass[39m=[32m"flex-shrink-0 relative"[39m
                  [36m>[39m
                    [36m<button[39m
                      [33mclass[39m=[32m"w-20 h-20 rounded-full bg-gradient-to-br from-pink-500 to-purple-600 flex items-center justify-center text-white text-3xl font-bold shadow-lg ring-4 ring-white/20 hover:ring-pink-300 transition-all cursor-pointer overflow-hidden"[39m
                    [36m>[39m
                      [36m<span />[39m
                    [36m</button>[39m
                  [36m</div>[39m
                  [36m<div[39m
                    [33mclass[39m=[32m"flex-1"[39m
                  [36m>[39m
                    [36m<h1[39m
                      [33mclass[39m=[32m"text-3xl font-bold text-gray-900 dark:text-white mb-1"[39m
                    [36m>[39m
                      [0mWelcome back, [0m
                      [0mUser[0m
                      [0m! ��[0m
                    [36m</h1>[39m
                    [36m<p[39m
                      [33mclass[39m=[32m"text-gray-600 dark:text-gray-400 text-sm"[39m
                    [36m>[39m
                      [0mManage your profile, find donors, and track donation requests[0m
                    [36m</p>[39m
                    [36m<div[39m
                      [33mclass[39m=[32m"flex gap-3 mt-2"[39m
                    [36m/>[39m
                  [36m</div>[39m
                  [36m<div[39m
                    [33mclass[39m=[32m"hidden lg:flex gap-4"[39m
                  [36m>[39m
                    [36m<div[39m
                      [33mclass[39m=[32m"text-center px-4 py-2 bg-white/50 dark:bg-gray-800/50 rounded-lg"[39m
                    [36m>[39m
                      [36m<div[39m
                        [33mclass[39m=[32m"text-2xl font-bold text-pink-600 dark:text-pink-400"[39m
                      [36m>[39m
                        [0m0[0m
                      [36m</div>[39m
                      [36m<div[39m
                        [33mclass[39m=[32m"text-xs text-gray-600 dark:text-gray-400"[39m
                      [36m>[39m
                        [0mSent[0m
                      [36m</div>[39m
                    [36m</div>[39m
                    [36m<div[39m
                      [33mclass[39m=[32m"text-center px-4 py-2 bg-white/50 dark:bg-gray-800/50 rounded-lg"[39m
                    [36m>[39m
                      [36m<div[39m
                        [33mclass[39m=[32m"text-2xl font-bold text-blue-600 dark:text-blue-400"[39m
                      [36m>[39m
                        [0m0[0m
                      [36m</div>[39m
                      [36m<div[39m
                        [33mclass[39m=[32m"text-xs text-gray-600 dark:text-gray-400"[39m
                      [36m>[39m
                        [0mReceived[0m
                      [36m</div>[39m
                    [36m</div>[39m
                  [36m</div>[39m
                [36m</div>[39m
              [36m</div>[39m
            [36m</div>[39m
            [36m<div[39m
              [33mclass[39m=[32m"flex justify-center mb-6"[39m
            [36m>[39m
              [36m<div[39m
                [33mclass[39m=[32m"flex flex-wrap bg-white/20 rounded-full p-1 backdrop-blur-md gap-1"[39m
              [36m>[39m
                [36m<button[39m
                  [33mclass[39m=[32m"px-6 py-2 rounded-full font-semibold transition bg-pink-600 text-white"[39m
                [36m>[39m
                  [0m�� Find Donors[0m
                [36m</button>[39m
                [36m<button[39m
                  [33mclass[39m=[32m"px-6 py-2 rounded-full font-semibold transition text-gray-700 dark:text-gray-300"[39m
                [36m>[39...

    [0m [90m 72 |[39m
     [90m 73 |[39m     render([33m<[39m[33mBrowserRouter[39m[33m>[39m[33m<[39m[33mUserDashboard[39m [33m/[39m[33m>[39m[33m<[39m[33m/[39m[33mBrowserRouter[39m[33m>[39m)[33m;[39m
    [31m[1m>[22m[39m[90m 74 |[39m     fireEvent[33m.[39mclick(screen[33m.[39mgetByRole([32m'button'[39m[33m,[39m { name[33m:[39m [35m/Search by MRID/i[39m }))[33m;[39m
     [90m    |[39m                            [31m[1m^[22m[39m
     [90m 75 |[39m
     [90m 76 |[39m     [36mconst[39m mridInput [33m=[39m screen[33m.[39mgetByLabelText([35m/Patient MRID/i[39m)[33m;[39m
     [90m 77 |[39m     fireEvent[33m.[39mchange(mridInput[33m,[39m { target[33m:[39m { value[33m:[39m [32m'MRID123'[39m } })[33m;[39m[0m

      at Object.getElementError (node_modules/@testing-library/dom/dist/config.js:37:19)
      at getElementError (node_modules/@testing-library/dom/dist/query-helpers.js:20:35)
      at getElementError (node_modules/@testing-library/dom/dist/query-helpers.js:23:10)
      at getMultipleElementsFoundError (node_modules/@testing-library/dom/dist/query-helpers.js:55:13)
      at apply (node_modules/@testing-library/dom/dist/query-helpers.js:95:24)
      at getByRole (src/Pages/__tests__/UserDashboard.test.jsx:74:28)
      at Generator.call (src/Pages/__tests__/UserDashboard.test.jsx:2:1)
      at Generator._invoke [as next] (src/Pages/__tests__/UserDashboard.test.jsx:2:1)
      at asyncGeneratorStep (src/Pages/__tests__/UserDashboard.test.jsx:2:1)
      at asyncGeneratorStep (src/Pages/__tests__/UserDashboard.test.jsx:2:1)
      at _next (src/Pages/__tests__/UserDashboard.test.jsx:2:1)
      at Object.<anonymous> (src/Pages/__tests__/UserDashboard.test.jsx:2:1)

  ● UserDashboard Component › send donation request

    TypeError: expect(...).toBeInTheDocument is not a function

    Ignored nodes: comments, script, style
    [36m<html[39m
      [33mclass[39m=[32m"dark"[39m
    [36m>[39m
      [36m<head />[39m
      [36m<body>[39m
        [36m<div>[39m
          [36m<div[39m
            [33mclass[39m=[32m"fixed inset-0 min-h-screen w-full overflow-auto bg-gradient-to-br from-rose-50 via-red-50 to-amber-100 dark:from-slate-900 dark:via-neutral-900 dark:to-black"[39m
          [36m>[39m
            [36m<div[39m
              [33mclass[39m=[32m"pointer-events-none absolute -top-24 -left-24 h-72 w-72 rounded-full bg-rose-400/40 blur-3xl dark:bg-rose-600/30"[39m
            [36m/>[39m
            [36m<div[39m
              [33mclass[39m=[32m"pointer-events-none absolute top-32 -right-16 h-80 w-80 rounded-full bg-red-500/30 blur-3xl dark:bg-amber-500/20"[39m
            [36m/>[39m
            [36m<div[39m
              [33mclass[39m=[32m"pointer-events-none absolute -bottom-24 left-1/2 h-96 w-96 -translate-x-1/2 rounded-full bg-pink-400/20 blur-3xl dark:bg-fuchsia-600/20"[39m
            [36m/>[39m
            [36m<header[39m
              [33mclass[39m=[32m"relative z-10"[39m
            [36m>[39m
              [36m<nav[39m
                [33mclass[39m=[32m"mx-auto flex w-full max-w-7xl items-center justify-between px-4 py-5 md:px-6"[39m
              [36m>[39m
                [36m<a[39m
                  [33mclass[39m=[32m"flex items-center gap-3"[39m
                  [33mdata-discover[39m=[32m"true"[39m
                  [33mhref[39m=[32m"/"[39m
                [36m>[39m
                  [36m<div[39m
                    [33mclass[39m=[32m"flex h-10 w-10 items-center justify-center rounded-xl bg-gradient-to-br from-rose-500 to-red-600 text-white shadow-lg ring-1 ring-black/10 dark:ring-white/10"[39m
                  [36m>[39m
                    [36m<span[39m
                      [33mclass[39m=[32m"text-xl"[39m
                    [36m>[39m
                      [0m��[0m
                    [36m</span>[39m
                  [36m</div>[39m
                  [36m<div[39m
                    [33mclass[39m=[32m"leading-tight"[39m
                  [36m>[39m
                    [36m<p[39m
                      [33mclass[39m=[32m"text-lg font-extrabold tracking-tight bg-gradient-to-r from-rose-600 to-red-600 bg-clip-text text-transparent dark:from-rose-300 dark:to-amber-200"[39m
                    [36m>[39m
                      [0mBlood Donation[0m
                    [36m</p>[39m
                    [36m<p[39m
                      [33mclass[39m=[32m"text-xs text-gray-600 dark:text-gray-300"[39m
                    [36m>[39m
                      [0mConnect. Donate. Save lives.[0m
                    [36m</p>[39m
                  [36m</div>[39m
                [36m</a>[39m
                [36m<div[39m
                  [33mclass[39m=[32m"flex items-center gap-4"[39m
                [36m>[39m
                  [36m<div[39m
                    [33mclass[39m=[32m"skeleton h-12 w-12 rounded-full bg-white/20 backdrop-blur-md"[39m
                  [36m/>[39m
                [36m</div>[39m
              [36m</nav>[39m
            [36m</header>[39m
            [36m<main[39m
              [33mclass[39m=[32m"relative z-10 mx-auto w-full max-w-7xl px-4 pb-16 md:px-6 md:pb-24"[39m
            [36m>[39m
              [36m<div[39m
                [33mclass[39m=[32m"mx-auto w-full max-w-6xl mb-8"[39m
              [36m>[39m
                [36m<div[39m
                  [33mclass[39m=[32m"rounded-2xl border border-white/30 bg-gradient-to-r from-pink-500/10 via-purple-500/10 to-blue-500/10 p-6 shadow-xl backdrop-blur-2xl transition dark:border-white/10"[39m
                [36m>[39m
                  [36m<div[39m
                    [33mclass[39m=[32m"flex items-center gap-6"[39m
                  [36m>[39m
                    [36m<div[39m
                      [33mclass[39m=[32m"flex-shrink-0 relative"[39m
                    [36m>[39m
                      [36m<button[39m
                        [33mclass[39m=[32m"w-20 h-20 rounded-full bg-gradient-to-br from-pink-500 to-purple-600 flex items-center justify-center text-white text-3xl font-bold shadow-lg ring-4 ring-white/20 hover:ring-pink-300 transition-all cursor-pointer overflow-hidden"[39m
                      [36m>[39m
                        [36m<span />[39m
                      [36m</button>[39m
                    [36m</div>[39m
                    [36m<div[39m
                      [33mclass[39m=[32m"flex-1"[39m
                    [36m>[39m
                      [36m<h1[39m
                        [33mclass[39m=[32m"text-3xl font-bold text-gray-900 dark:text-white mb-1"[39m
                      [36m>[39m
                        [0mWelcome back, [0m
                        [0mUser[0m
                        [0m! ��[0m
                      [36m</h1>[39m
                      [36m<p[39m
                        [33mclass[39m=[32m"text-gray-600 dark:text-gray-400 text-sm"[39m
                      [36m>[39m
                        [0mManage your profile, find donors, and track donation requests[0m
                      [36m</p>[39m
                      [36m<div[39m
                        [33mclass[39m=[32m"flex gap-3 mt-2"[39m
                      [36m/>[39m
                    [36m</div>[39m
                    [36m<div[39m
                      [33mclass[39m=[32m"hidden lg:flex gap-4"[39m
                    [36m>[39m
                      [36m<div[39m
                        [33mclass[39m=[32m"text-center px-4 py-2 bg-white/50 dark:bg-gray-800/50 rounded-lg"[39m
                      [36m>[39m
                        [36m<div[39m
                          [33mclass[39m=[32m"text-2xl font-bold text-pink-600 dark:text-pink-400"[39m
                        [36m>[39m
                          [0m0[0m
                        [36m</div>[39m
                        [36m<div[39m
                          [33mclass[39m=[32m"text-xs text-gray-600 dark:text-gray-400"[39m
                        [36m>[39m
                          [0mSent[0m
                        [36m</div>[39m
                      [36m</div>[39m
                      [36m<div[39m
                        [33mclass[39m=[32m"text-center px-4 py-2 bg-white/50 dark:bg-gray-800/50 rounded-lg"[39m
                      [36m>[39m
                        [36m<div[39m
                          [33mclass[39m=[32m"text-2xl font-bold text-blue-600 dark:text-blue-400"[39m
                        [36m>[39m
                          [0m0[0m
                        [36m</div>[39m
                        [36m<div[39m
                          [33mclass[39m=[32m"text-xs text-gray-600 dark:text-gray-400"[39m
                        [36m>[39m
                          [0mReceived[0m
                        [36m</div>[39m
                      [36m</div>[39m
                    [36m</div>[39m
                  [36m</div>[39m
                [36m</div>[39m
              [36m</div>[39m
              [36m<div[39m
                [33mclass[39m=[32m"flex justify-center mb-6"[39m
              [36m>[39m
                [36m<div[39m
                  [33mclass[39m=[32m"flex flex-wrap bg-white/20 rounded-full p-1 backdrop-blur-md gap-1"[39m
                [36m>[39m
                  [36m<button[39m
                    ...

    [0m [90m 103 |[39m
     [90m 104 |[39m     [36mawait[39m waitFor(() [33m=>[39m {
    [31m[1m>[22m[39m[90m 105 |[39m       expect(screen[33m.[39mgetByText([35m/Donor3/i[39m))[33m.[39mtoBeInTheDocument()[33m;[39m
     [90m     |[39m                                           [31m[1m^[22m[39m
     [90m 106 |[39m     })[33m;[39m
     [90m 107 |[39m
     [90m 108 |[39m     [36mconst[39m requestButton [33m=[39m screen[33m.[39mgetByRole([32m'button'[39m[33m,[39m { name[33m:[39m [35m/Request/i[39m })[33m;[39m[0m

      at toBeInTheDocument (src/Pages/__tests__/UserDashboard.test.jsx:105:43)
      at callback (node_modules/@testing-library/dom/dist/config.js:47:12)
      at _checkCallback (node_modules/@testing-library/dom/dist/wait-for.js:124:76)
      at checkCallback (node_modules/@testing-library/dom/dist/wait-for.js:118:16)
      at Timeout.task [as _onTimeout] (node_modules/jsdom/lib/jsdom/browser/Window.js:579:19)

  ● UserDashboard Component › profile dropdown toggle and availability toggle

    TypeError: cities.slice is not a function

    [0m [90m 123 |[39m   useEffect(() [33m=>[39m {
     [90m 124 |[39m     [36mif[39m (inputValue[33m.[39mtrim() [33m===[39m [32m''[39m) {
    [31m[1m>[22m[39m[90m 125 |[39m       setFilteredCities(cities[33m.[39mslice([35m0[39m[33m,[39m [35m10[39m))[33m;[39m
     [90m     |[39m                                [31m[1m^[22m[39m
     [90m 126 |[39m     } [36melse[39m {
     [90m 127 |[39m       [36mconst[39m filtered [33m=[39m filterCitiesKNN(cities[33m,[39m inputValue[33m,[39m [35m10[39m)[33m;[39m
     [90m 128 |[39m       setFilteredCities(filtered)[33m;[39m[0m

      at slice (src/components/CitySearchDropdown.jsx:125:32)
      at Object.react_stack_bottom_frame (node_modules/react-dom/cjs/react-dom-client.development.js:23953:20)
      at runWithFiberInDEV (node_modules/react-dom/cjs/react-dom-client.development.js:1522:13)
      at commitHookEffectListMount (node_modules/react-dom/cjs/react-dom-client.development.js:11905:29)
      at commitHookPassiveMountEffects (node_modules/react-dom/cjs/react-dom-client.development.js:12028:11)
      at commitPassiveMountOnFiber (node_modules/react-dom/cjs/react-dom-client.development.js:13841:13)
      at recursivelyTraversePassiveMountEffects (node_modules/react-dom/cjs/react-dom-client.development.js:13815:11)
      at commitPassiveMountOnFiber (node_modules/react-dom/cjs/react-dom-client.development.js:13957:11)
      at recursivelyTraversePassiveMountEffects (node_modules/react-dom/cjs/react-dom-client.development.js:13815:11)
      at commitPassiveMountOnFiber (node_modules/react-dom/cjs/react-dom-client.development.js:13957:11)
      at recursivelyTraversePassiveMountEffects (node_modules/react-dom/cjs/react-dom-client.development.js:13815:11)
      at commitPassiveMountOnFiber (node_modules/react-dom/cjs/react-dom-client.development.js:13957:11)
      at recursivelyTraversePassiveMountEffects (node_modules/react-dom/cjs/react-dom-client.development.js:13815:11)
      at commitPassiveMountOnFiber (node_modules/react-dom/cjs/react-dom-client.development.js:13957:11)
      at recursivelyTraversePassiveMountEffects (node_modules/react-dom/cjs/react-dom-client.development.js:13815:11)
      at commitPassiveMountOnFiber (node_modules/react-dom/cjs/react-dom-client.development.js:13957:11)
      at recursivelyTraversePassiveMountEffects (node_modules/react-dom/cjs/react-dom-client.development.js:13815:11)
      at commitPassiveMountOnFiber (node_modules/react-dom/cjs/react-dom-client.development.js:13957:11)
      at recursivelyTraversePassiveMountEffects (node_modules/react-dom/cjs/react-dom-client.development.js:13815:11)
      at commitPassiveMountOnFiber (node_modules/react-dom/cjs/react-dom-client.development.js:13957:11)
      at recursivelyTraversePassiveMountEffects (node_modules/react-dom/cjs/react-dom-client.development.js:13815:11)
      at commitPassiveMountOnFiber (node_modules/react-dom/cjs/react-dom-client.development.js:13957:11)
      at recursivelyTraversePassiveMountEffects (node_modules/react-dom/cjs/react-dom-client.development.js:13815:11)
      at commitPassiveMountOnFiber (node_modules/react-dom/cjs/react-dom-client.development.js:13834:11)
      at recursivelyTraversePassiveMountEffects (node_modules/react-dom/cjs/react-dom-client.development.js:13815:11)
      at commitPassiveMountOnFiber (node_modules/react-dom/cjs/react-dom-client.development.js:13834:11)
      at recursivelyTraversePassiveMountEffects (node_modules/react-dom/cjs/react-dom-client.development.js:13815:11)
      at commitPassiveMountOnFiber (node_modules/react-dom/cjs/react-dom-client.development.js:13957:11)
      at recursivelyTraversePassiveMountEffects (node_modules/react-dom/cjs/react-dom-client.development.js:13815:11)
      at commitPassiveMountOnFiber (node_modules/react-dom/cjs/react-dom-client.development.js:13957:11)
      at recursivelyTraversePassiveMountEffects (node_modules/react-dom/cjs/react-dom-client.development.js:13815:11)
      at commitPassiveMountOnFiber (node_modules/react-dom/cjs/react-dom-client.development.js:13834:11)
      at recursivelyTraversePassiveMountEffects (node_modules/react-dom/cjs/react-dom-client.development.js:13815:11)
      at commitPassiveMountOnFiber (node_modules/react-dom/cjs/react-dom-client.development.js:13834:11)
      at recursivelyTraversePassiveMountEffects (node_modules/react-dom/cjs/react-dom-client.development.js:13815:11)
      at commitPassiveMountOnFiber (node_modules/react-dom/cjs/react-dom-client.development.js:13853:11)
      at flushPassiveEffects (node_modules/react-dom/cjs/react-dom-client.development.js:15737:9)
      at node_modules/react-dom/cjs/react-dom-client.development.js:15379:15
      at performWorkUntilDeadline (node_modules/scheduler/cjs/scheduler.development.js:45:48)
      at Timeout.task [as _onTimeout] (node_modules/jsdom/lib/jsdom/browser/Window.js:579:19)

  ● UserDashboard Component › profile dropdown toggle and availability toggle

    Unable to find an element with the text: /User1/i. This could be because the text is broken up by multiple elements. In this case, you can provide a function for your text matcher to make your matcher more flexible.

    Ignored nodes: comments, script, style
    [36m<body>[39m
      [36m<div />[39m
    [36m</body>[39m

    [0m [90m 132 |[39m
     [90m 133 |[39m     [90m// Wait for user data to load[39m
    [31m[1m>[22m[39m[90m 134 |[39m     [36mawait[39m waitFor(() [33m=>[39m {
     [90m     |[39m                  [31m[1m^[22m[39m
     [90m 135 |[39m       expect(screen[33m.[39mgetByText([35m/User1/i[39m))[33m.[39mtoBeInTheDocument()[33m;[39m
     [90m 136 |[39m     })[33m;[39m
     [90m 137 |[39m[0m

      at waitForWrapper (node_modules/@testing-library/dom/dist/wait-for.js:163:27)
      at src/Pages/__tests__/UserDashboard.test.jsx:134:18
      at Generator.call (src/Pages/__tests__/UserDashboard.test.jsx:2:1)
      at Generator._invoke [as next] (src/Pages/__tests__/UserDashboard.test.jsx:2:1)
      at asyncGeneratorStep (src/Pages/__tests__/UserDashboard.test.jsx:2:1)
      at asyncGeneratorStep (src/Pages/__tests__/UserDashboard.test.jsx:2:1)
      at _next (src/Pages/__tests__/UserDashboard.test.jsx:2:1)
      at Object.<anonymous> (src/Pages/__tests__/UserDashboard.test.jsx:2:1)

  ● UserDashboard Component › profile completion modal submission

    TypeError: cities.slice is not a function

    [0m [90m 123 |[39m   useEffect(() [33m=>[39m {
     [90m 124 |[39m     [36mif[39m (inputValue[33m.[39mtrim() [33m===[39m [32m''[39m) {
    [31m[1m>[22m[39m[90m 125 |[39m       setFilteredCities(cities[33m.[39mslice([35m0[39m[33m,[39m [35m10[39m))[33m;[39m
     [90m     |[39m                                [31m[1m^[22m[39m
     [90m 126 |[39m     } [36melse[39m {
     [90m 127 |[39m       [36mconst[39m filtered [33m=[39m filterCitiesKNN(cities[33m,[39m inputValue[33m,[39m [35m10[39m)[33m;[39m
     [90m 128 |[39m       setFilteredCities(filtered)[33m;[39m[0m

      at slice (src/components/CitySearchDropdown.jsx:125:32)
      at Object.react_stack_bottom_frame (node_modules/react-dom/cjs/react-dom-client.development.js:23953:20)
      at runWithFiberInDEV (node_modules/react-dom/cjs/react-dom-client.development.js:1522:13)
      at commitHookEffectListMount (node_modules/react-dom/cjs/react-dom-client.development.js:11905:29)
      at commitHookPassiveMountEffects (node_modules/react-dom/cjs/react-dom-client.development.js:12028:11)
      at commitPassiveMountOnFiber (node_modules/react-dom/cjs/react-dom-client.development.js:13841:13)
      at recursivelyTraversePassiveMountEffects (node_modules/react-dom/cjs/react-dom-client.development.js:13815:11)
      at commitPassiveMountOnFiber (node_modules/react-dom/cjs/react-dom-client.development.js:13957:11)
      at recursivelyTraversePassiveMountEffects (node_modules/react-dom/cjs/react-dom-client.development.js:13815:11)
      at commitPassiveMountOnFiber (node_modules/react-dom/cjs/react-dom-client.development.js:13957:11)
      at recursivelyTraversePassiveMountEffects (node_modules/react-dom/cjs/react-dom-client.development.js:13815:11)
      at commitPassiveMountOnFiber (node_modules/react-dom/cjs/react-dom-client.development.js:13957:11)
      at recursivelyTraversePassiveMountEffects (node_modules/react-dom/cjs/react-dom-client.development.js:13815:11)
      at commitPassiveMountOnFiber (node_modules/react-dom/cjs/react-dom-client.development.js:13957:11)
      at recursivelyTraversePassiveMountEffects (node_modules/react-dom/cjs/react-dom-client.development.js:13815:11)
      at commitPassiveMountOnFiber (node_modules/react-dom/cjs/react-dom-client.development.js:13957:11)
      at recursivelyTraversePassiveMountEffects (node_modules/react-dom/cjs/react-dom-client.development.js:13815:11)
      at commitPassiveMountOnFiber (node_modules/react-dom/cjs/react-dom-client.development.js:13957:11)
      at recursivelyTraversePassiveMountEffects (node_modules/react-dom/cjs/react-dom-client.development.js:13815:11)
      at commitPassiveMountOnFiber (node_modules/react-dom/cjs/react-dom-client.development.js:13957:11)
      at recursivelyTraversePassiveMountEffects (node_modules/react-dom/cjs/react-dom-client.development.js:13815:11)
      at commitPassiveMountOnFiber (node_modules/react-dom/cjs/react-dom-client.development.js:13957:11)
      at recursivelyTraversePassiveMountEffects (node_modules/react-dom/cjs/react-dom-client.development.js:13815:11)
      at commitPassiveMountOnFiber (node_modules/react-dom/cjs/react-dom-client.development.js:13834:11)
      at recursivelyTraversePassiveMountEffects (node_modules/react-dom/cjs/react-dom-client.development.js:13815:11)
      at commitPassiveMountOnFiber (node_modules/react-dom/cjs/react-dom-client.development.js:13834:11)
      at recursivelyTraversePassiveMountEffects (node_modules/react-dom/cjs/react-dom-client.development.js:13815:11)
      at commitPassiveMountOnFiber (node_modules/react-dom/cjs/react-dom-client.development.js:13957:11)
      at recursivelyTraversePassiveMountEffects (node_modules/react-dom/cjs/react-dom-client.development.js:13815:11)
      at commitPassiveMountOnFiber (node_modules/react-dom/cjs/react-dom-client.development.js:13957:11)
      at recursivelyTraversePassiveMountEffects (node_modules/react-dom/cjs/react-dom-client.development.js:13815:11)
      at commitPassiveMountOnFiber (node_modules/react-dom/cjs/react-dom-client.development.js:13834:11)
      at recursivelyTraversePassiveMountEffects (node_modules/react-dom/cjs/react-dom-client.development.js:13815:11)
      at commitPassiveMountOnFiber (node_modules/react-dom/cjs/react-dom-client.development.js:13834:11)
      at recursivelyTraversePassiveMountEffects (node_modules/react-dom/cjs/react-dom-client.development.js:13815:11)
      at commitPassiveMountOnFiber (node_modules/react-dom/cjs/react-dom-client.development.js:13853:11)
      at flushPassiveEffects (node_modules/react-dom/cjs/react-dom-client.development.js:15737:9)
      at node_modules/react-dom/cjs/react-dom-client.development.js:15379:15
      at performWorkUntilDeadline (node_modules/scheduler/cjs/scheduler.development.js:45:48)
      at Timeout.task [as _onTimeout] (node_modules/jsdom/lib/jsdom/browser/Window.js:579:19)

  ● UserDashboard Component › profile completion modal submission

    Unable to find an element with the text: /Complete Your Profile/i. This could be because the text is broken up by multiple elements. In this case, you can provide a function for your text matcher to make your matcher more flexible.

    Ignored nodes: comments, script, style
    [36m<body>[39m
      [36m<div />[39m
    [36m</body>[39m

    [0m [90m 164 |[39m     render([33m<[39m[33mBrowserRouter[39m[33m>[39m[33m<[39m[33mUserDashboard[39m [33m/[39m[33m>[39m[33m<[39m[33m/[39m[33mBrowserRouter[39m[33m>[39m)[33m;[39m
     [90m 165 |[39m
    [31m[1m>[22m[39m[90m 166 |[39m     [36mawait[39m waitFor(() [33m=>[39m {
     [90m     |[39m                  [31m[1m^[22m[39m
     [90m 167 |[39m       expect(screen[33m.[39mgetByText([35m/Complete Your Profile/i[39m))[33m.[39mtoBeInTheDocument()[33m;[39m
     [90m 168 |[39m     })[33m;[39m
     [90m 169 |[39m[0m

      at waitForWrapper (node_modules/@testing-library/dom/dist/wait-for.js:163:27)
      at src/Pages/__tests__/UserDashboard.test.jsx:166:18
      at Generator.call (src/Pages/__tests__/UserDashboard.test.jsx:2:1)
      at Generator._invoke [as next] (src/Pages/__tests__/UserDashboard.test.jsx:2:1)
      at asyncGeneratorStep (src/Pages/__tests__/UserDashboard.test.jsx:2:1)
      at asyncGeneratorStep (src/Pages/__tests__/UserDashboard.test.jsx:2:1)
      at _next (src/Pages/__tests__/UserDashboard.test.jsx:2:1)
      at Object.<anonymous> (src/Pages/__tests__/UserDashboard.test.jsx:2:1)

  ● UserDashboard Component › tab navigation

    TestingLibraryElementError: Found multiple elements with the role "button" and name `/Search by MRID/i`

    Here are the matching elements:

    Ignored nodes: comments, script, style
    [36m<button[39m
      [33mclass[39m=[32m"px-6 py-2 rounded-full font-semibold transition text-gray-700 dark:text-gray-300"[39m
    [36m>[39m
      [0m�� Search by MRID[0m
    [36m</button>[39m

    Ignored nodes: comments, script, style
    [36m<button[39m
      [33mclass[39m=[32m"inline-flex items-center justify-center rounded-2xl bg-gradient-to-r from-indigo-500 to-purple-500 px-6 py-3 font-semibold text-white shadow-lg ring-1 ring-black/10 transition hover:scale-[1.02] hover:shadow-indigo-500/30 active:scale-[0.99] disabled:opacity-50"[39m
      [33mtype[39m=[32m"button"[39m
    [36m>[39m
      [36m<span[39m
        [33mclass[39m=[32m"mr-2"[39m
      [36m>[39m
        [0m��[0m
      [36m</span>[39m
      [0mSearch by MRID[0m
    [36m</button>[39m

    (If this is intentional, then use the `*AllBy*` variant of the query (like `queryAllByText`, `getAllByText`, or `findAllByText`)).

    Ignored nodes: comments, script, style
    [36m<body>[39m
      [36m<div>[39m
        [36m<div[39m
          [33mclass[39m=[32m"fixed inset-0 min-h-screen w-full overflow-auto bg-gradient-to-br from-rose-50 via-red-50 to-amber-100 dark:from-slate-900 dark:via-neutral-900 dark:to-black"[39m
        [36m>[39m
          [36m<div[39m
            [33mclass[39m=[32m"pointer-events-none absolute -top-24 -left-24 h-72 w-72 rounded-full bg-rose-400/40 blur-3xl dark:bg-rose-600/30"[39m
          [36m/>[39m
          [36m<div[39m
            [33mclass[39m=[32m"pointer-events-none absolute top-32 -right-16 h-80 w-80 rounded-full bg-red-500/30 blur-3xl dark:bg-amber-500/20"[39m
          [36m/>[39m
          [36m<div[39m
            [33mclass[39m=[32m"pointer-events-none absolute -bottom-24 left-1/2 h-96 w-96 -translate-x-1/2 rounded-full bg-pink-400/20 blur-3xl dark:bg-fuchsia-600/20"[39m
          [36m/>[39m
          [36m<header[39m
            [33mclass[39m=[32m"relative z-10"[39m
          [36m>[39m
            [36m<nav[39m
              [33mclass[39m=[32m"mx-auto flex w-full max-w-7xl items-center justify-between px-4 py-5 md:px-6"[39m
            [36m>[39m
              [36m<a[39m
                [33mclass[39m=[32m"flex items-center gap-3"[39m
                [33mdata-discover[39m=[32m"true"[39m
                [33mhref[39m=[32m"/"[39m
              [36m>[39m
                [36m<div[39m
                  [33mclass[39m=[32m"flex h-10 w-10 items-center justify-center rounded-xl bg-gradient-to-br from-rose-500 to-red-600 text-white shadow-lg ring-1 ring-black/10 dark:ring-white/10"[39m
                [36m>[39m
                  [36m<span[39m
                    [33mclass[39m=[32m"text-xl"[39m
                  [36m>[39m
                    [0m��[0m
                  [36m</span>[39m
                [36m</div>[39m
                [36m<div[39m
                  [33mclass[39m=[32m"leading-tight"[39m
                [36m>[39m
                  [36m<p[39m
                    [33mclass[39m=[32m"text-lg font-extrabold tracking-tight bg-gradient-to-r from-rose-600 to-red-600 bg-clip-text text-transparent dark:from-rose-300 dark:to-amber-200"[39m
                  [36m>[39m
                    [0mBlood Donation[0m
                  [36m</p>[39m
                  [36m<p[39m
                    [33mclass[39m=[32m"text-xs text-gray-600 dark:text-gray-300"[39m
                  [36m>[39m
                    [0mConnect. Donate. Save lives.[0m
                  [36m</p>[39m
                [36m</div>[39m
              [36m</a>[39m
              [36m<div[39m
                [33mclass[39m=[32m"flex items-center gap-4"[39m
              [36m>[39m
                [36m<div[39m
                  [33mclass[39m=[32m"skeleton h-12 w-12 rounded-full bg-white/20 backdrop-blur-md"[39m
                [36m/>[39m
              [36m</div>[39m
            [36m</nav>[39m
          [36m</header>[39m
          [36m<main[39m
            [33mclass[39m=[32m"relative z-10 mx-auto w-full max-w-7xl px-4 pb-16 md:px-6 md:pb-24"[39m
          [36m>[39m
            [36m<div[39m
              [33mclass[39m=[32m"mx-auto w-full max-w-6xl mb-8"[39m
            [36m>[39m
              [36m<div[39m
                [33mclass[39m=[32m"rounded-2xl border border-white/30 bg-gradient-to-r from-pink-500/10 via-purple-500/10 to-blue-500/10 p-6 shadow-xl backdrop-blur-2xl transition dark:border-white/10"[39m
              [36m>[39m
                [36m<div[39m
                  [33mclass[39m=[32m"flex items-center gap-6"[39m
                [36m>[39m
                  [36m<div[39m
                    [33mclass[39m=[32m"flex-shrink-0 relative"[39m
                  [36m>[39m
                    [36m<button[39m
                      [33mclass[39m=[32m"w-20 h-20 rounded-full bg-gradient-to-br from-pink-500 to-purple-600 flex items-center justify-center text-white text-3xl font-bold shadow-lg ring-4 ring-white/20 hover:ring-pink-300 transition-all cursor-pointer overflow-hidden"[39m
                    [36m>[39m
                      [36m<span />[39m
                    [36m</button>[39m
                  [36m</div>[39m
                  [36m<div[39m
                    [33mclass[39m=[32m"flex-1"[39m
                  [36m>[39m
                    [36m<h1[39m
                      [33mclass[39m=[32m"text-3xl font-bold text-gray-900 dark:text-white mb-1"[39m
                    [36m>[39m
                      [0mWelcome back, [0m
                      [0mUser[0m
                      [0m! ��[0m
                    [36m</h1>[39m
                    [36m<p[39m
                      [33mclass[39m=[32m"text-gray-600 dark:text-gray-400 text-sm"[39m
                    [36m>[39m
                      [0mManage your profile, find donors, and track donation requests[0m
                    [36m</p>[39m
                    [36m<div[39m
                      [33mclass[39m=[32m"flex gap-3 mt-2"[39m
                    [36m/>[39m
                  [36m</div>[39m
                  [36m<div[39m
                    [33mclass[39m=[32m"hidden lg:flex gap-4"[39m
                  [36m>[39m
                    [36m<div[39m
                      [33mclass[39m=[32m"text-center px-4 py-2 bg-white/50 dark:bg-gray-800/50 rounded-lg"[39m
                    [36m>[39m
                      [36m<div[39m
                        [33mclass[39m=[32m"text-2xl font-bold text-pink-600 dark:text-pink-400"[39m
                      [36m>[39m
                        [0m0[0m
                      [36m</div>[39m
                      [36m<div[39m
                        [33mclass[39m=[32m"text-xs text-gray-600 dark:text-gray-400"[39m
                      [36m>[39m
                        [0mSent[0m
                      [36m</div>[39m
                    [36m</div>[39m
                    [36m<div[39m
                      [33mclass[39m=[32m"text-center px-4 py-2 bg-white/50 dark:bg-gray-800/50 rounded-lg"[39m
                    [36m>[39m
                      [36m<div[39m
                        [33mclass[39m=[32m"text-2xl font-bold text-blue-600 dark:text-blue-400"[39m
                      [36m>[39m
                        [0m0[0m
                      [36m</div>[39m
                      [36m<div[39m
                        [33mclass[39m=[32m"text-xs text-gray-600 dark:text-gray-400"[39m
                      [36m>[39m
                        [0mReceived[0m
                      [36m</div>[39m
                    [36m</div>[39m
                  [36m</div>[39m
                [36m</div>[39m
              [36m</div>[39m
            [36m</div>[39m
            [36m<div[39m
              [33mclass[39m=[32m"flex justify-center mb-6"[39m
            [36m>[39m
              [36m<div[39m
                [33mclass[39m=[32m"flex flex-wrap bg-white/20 rounded-full p-1 backdrop-blur-md gap-1"[39m
              [36m>[39m
                [36m<button[39m
                  [33mclass[39m=[32m"px-6 py-2 rounded-full font-semibold transition bg-pink-600 text-white"[39m
                [36m>[39m
                  [0m�� Find Donors[0m
                [36m</button>[39m
                [36m<button[39m
                  [33mclass[39m=[32m"px-6 py-2 rounded-full font-semibold transition text-gray-700 dark:text-gray-300"[39m
                [36m>[39...

    [0m [90m 181 |[39m   test([32m'tab navigation'[39m[33m,[39m () [33m=>[39m {
     [90m 182 |[39m     render([33m<[39m[33mBrowserRouter[39m[33m>[39m[33m<[39m[33mUserDashboard[39m [33m/[39m[33m>[39m[33m<[39m[33m/[39m[33mBrowserRouter[39m[33m>[39m)[33m;[39m
    [31m[1m>[22m[39m[90m 183 |[39m     [36mconst[39m searchByMRIDTab [33m=[39m screen[33m.[39mgetByRole([32m'button'[39m[33m,[39m { name[33m:[39m [35m/Search by MRID/i[39m })[33m;[39m
     [90m     |[39m                                    [31m[1m^[22m[39m
     [90m 184 |[39m     fireEvent[33m.[39mclick(searchByMRIDTab)[33m;[39m
     [90m 185 |[39m     expect(screen[33m.[39mgetByText([35m/Search Patient by MRID/i[39m))[33m.[39mtoBeInTheDocument()[33m;[39m
     [90m 186 |[39m[0m

      at Object.getElementError (node_modules/@testing-library/dom/dist/config.js:37:19)
      at getElementError (node_modules/@testing-library/dom/dist/query-helpers.js:20:35)
      at getElementError (node_modules/@testing-library/dom/dist/query-helpers.js:23:10)
      at getMultipleElementsFoundError (node_modules/@testing-library/dom/dist/query-helpers.js:55:13)
      at apply (node_modules/@testing-library/dom/dist/query-helpers.js:95:24)
      at Object.getByRole (src/Pages/__tests__/UserDashboard.test.jsx:183:36)

  ● UserDashboard Component › logout clears localStorage and redirects

    expect(received).toBeNull()

    Received: "testtoken"

    [0m [90m 201 |[39m     fireEvent[33m.[39mclick(logoutButton)[33m;[39m
     [90m 202 |[39m
    [31m[1m>[22m[39m[90m 203 |[39m     expect(localStorage[33m.[39mgetItem([32m'token'[39m))[33m.[39mtoBeNull()[33m;[39m
     [90m     |[39m                                           [31m[1m^[22m[39m
     [90m 204 |[39m     expect(window[33m.[39mlocation[33m.[39mhref)[33m.[39mtoBe([32m'/login'[39m)[33m;[39m
     [90m 205 |[39m   })[33m;[39m
     [90m 206 |[39m[0m

      at Object.toBeNull (src/Pages/__tests__/UserDashboard.test.jsx:203:43)

  ● UserDashboard Component › respond to request - accept

    TypeError: cities.slice is not a function

    [0m [90m 123 |[39m   useEffect(() [33m=>[39m {
     [90m 124 |[39m     [36mif[39m (inputValue[33m.[39mtrim() [33m===[39m [32m''[39m) {
    [31m[1m>[22m[39m[90m 125 |[39m       setFilteredCities(cities[33m.[39mslice([35m0[39m[33m,[39m [35m10[39m))[33m;[39m
     [90m     |[39m                                [31m[1m^[22m[39m
     [90m 126 |[39m     } [36melse[39m {
     [90m 127 |[39m       [36mconst[39m filtered [33m=[39m filterCitiesKNN(cities[33m,[39m inputValue[33m,[39m [35m10[39m)[33m;[39m
     [90m 128 |[39m       setFilteredCities(filtered)[33m;[39m[0m

      at slice (src/components/CitySearchDropdown.jsx:125:32)
      at Object.react_stack_bottom_frame (node_modules/react-dom/cjs/react-dom-client.development.js:23953:20)
      at runWithFiberInDEV (node_modules/react-dom/cjs/react-dom-client.development.js:1522:13)
      at commitHookEffectListMount (node_modules/react-dom/cjs/react-dom-client.development.js:11905:29)
      at commitHookPassiveMountEffects (node_modules/react-dom/cjs/react-dom-client.development.js:12028:11)
      at commitPassiveMountOnFiber (node_modules/react-dom/cjs/react-dom-client.development.js:13841:13)
      at recursivelyTraversePassiveMountEffects (node_modules/react-dom/cjs/react-dom-client.development.js:13815:11)
      at commitPassiveMountOnFiber (node_modules/react-dom/cjs/react-dom-client.development.js:13957:11)
      at recursivelyTraversePassiveMountEffects (node_modules/react-dom/cjs/react-dom-client.development.js:13815:11)
      at commitPassiveMountOnFiber (node_modules/react-dom/cjs/react-dom-client.development.js:13957:11)
      at recursivelyTraversePassiveMountEffects (node_modules/react-dom/cjs/react-dom-client.development.js:13815:11)
      at commitPassiveMountOnFiber (node_modules/react-dom/cjs/react-dom-client.development.js:13957:11)
      at recursivelyTraversePassiveMountEffects (node_modules/react-dom/cjs/react-dom-client.development.js:13815:11)
      at commitPassiveMountOnFiber (node_modules/react-dom/cjs/react-dom-client.development.js:13957:11)
      at recursivelyTraversePassiveMountEffects (node_modules/react-dom/cjs/react-dom-client.development.js:13815:11)
      at commitPassiveMountOnFiber (node_modules/react-dom/cjs/react-dom-client.development.js:13957:11)
      at recursivelyTraversePassiveMountEffects (node_modules/react-dom/cjs/react-dom-client.development.js:13815:11)
      at commitPassiveMountOnFiber (node_modules/react-dom/cjs/react-dom-client.development.js:13957:11)
      at recursivelyTraversePassiveMountEffects (node_modules/react-dom/cjs/react-dom-client.development.js:13815:11)
      at commitPassiveMountOnFiber (node_modules/react-dom/cjs/react-dom-client.development.js:13957:11)
      at recursivelyTraversePassiveMountEffects (node_modules/react-dom/cjs/react-dom-client.development.js:13815:11)
      at commitPassiveMountOnFiber (node_modules/react-dom/cjs/react-dom-client.development.js:13957:11)
      at recursivelyTraversePassiveMountEffects (node_modules/react-dom/cjs/react-dom-client.development.js:13815:11)
      at commitPassiveMountOnFiber (node_modules/react-dom/cjs/react-dom-client.development.js:13834:11)
      at recursivelyTraversePassiveMountEffects (node_modules/react-dom/cjs/react-dom-client.development.js:13815:11)
      at commitPassiveMountOnFiber (node_modules/react-dom/cjs/react-dom-client.development.js:13834:11)
      at recursivelyTraversePassiveMountEffects (node_modules/react-dom/cjs/react-dom-client.development.js:13815:11)
      at commitPassiveMountOnFiber (node_modules/react-dom/cjs/react-dom-client.development.js:13957:11)
      at recursivelyTraversePassiveMountEffects (node_modules/react-dom/cjs/react-dom-client.development.js:13815:11)
      at commitPassiveMountOnFiber (node_modules/react-dom/cjs/react-dom-client.development.js:13957:11)
      at recursivelyTraversePassiveMountEffects (node_modules/react-dom/cjs/react-dom-client.development.js:13815:11)
      at commitPassiveMountOnFiber (node_modules/react-dom/cjs/react-dom-client.development.js:13834:11)
      at recursivelyTraversePassiveMountEffects (node_modules/react-dom/cjs/react-dom-client.development.js:13815:11)
      at commitPassiveMountOnFiber (node_modules/react-dom/cjs/react-dom-client.development.js:13834:11)
      at recursivelyTraversePassiveMountEffects (node_modules/react-dom/cjs/react-dom-client.development.js:13815:11)
      at commitPassiveMountOnFiber (node_modules/react-dom/cjs/react-dom-client.development.js:13853:11)
      at flushPassiveEffects (node_modules/react-dom/cjs/react-dom-client.development.js:15737:9)
      at node_modules/react-dom/cjs/react-dom-client.development.js:15379:15
      at performWorkUntilDeadline (node_modules/scheduler/cjs/scheduler.development.js:45:48)
      at Timeout.task [as _onTimeout] (node_modules/jsdom/lib/jsdom/browser/Window.js:579:19)

  ● UserDashboard Component › respond to request - accept

    Unable to find an element with the text: /My Requests/i. This could be because the text is broken up by multiple elements. In this case, you can provide a function for your text matcher to make your matcher more flexible.

    Ignored nodes: comments, script, style
    [36m<body>[39m
      [36m<div />[39m
    [36m</body>[39m

    [0m [90m 235 |[39m
     [90m 236 |[39m     [90m// Wait for requests to load[39m
    [31m[1m>[22m[39m[90m 237 |[39m     [36mawait[39m waitFor(() [33m=>[39m {
     [90m     |[39m                  [31m[1m^[22m[39m
     [90m 238 |[39m       expect(screen[33m.[39mgetByText([35m/My Requests/i[39m))[33m.[39mtoBeInTheDocument()[33m;[39m
     [90m 239 |[39m     })[33m;[39m
     [90m 240 |[39m[0m

      at waitForWrapper (node_modules/@testing-library/dom/dist/wait-for.js:163:27)
      at src/Pages/__tests__/UserDashboard.test.jsx:237:18
      at Generator.call (src/Pages/__tests__/UserDashboard.test.jsx:2:1)
      at Generator._invoke [as next] (src/Pages/__tests__/UserDashboard.test.jsx:2:1)
      at asyncGeneratorStep (src/Pages/__tests__/UserDashboard.test.jsx:2:1)
      at asyncGeneratorStep (src/Pages/__tests__/UserDashboard.test.jsx:2:1)
      at _next (src/Pages/__tests__/UserDashboard.test.jsx:2:1)
      at Object.<anonymous> (src/Pages/__tests__/UserDashboard.test.jsx:2:1)

  ● UserDashboard Component › respond to request - reject

    Unable to find an element with the text: /Donor2/i. This could be because the text is broken up by multiple elements. In this case, you can provide a function for your text matcher to make your matcher more flexible.

    Ignored nodes: comments, script, style
    [36m<body>[39m
      [36m<div>[39m
        [36m<div[39m
          [33mclass[39m=[32m"fixed inset-0 min-h-screen w-full overflow-auto bg-gradient-to-br from-rose-50 via-red-50 to-amber-100 dark:from-slate-900 dark:via-neutral-900 dark:to-black"[39m
        [36m>[39m
          [36m<div[39m
            [33mclass[39m=[32m"pointer-events-none absolute -top-24 -left-24 h-72 w-72 rounded-full bg-rose-400/40 blur-3xl dark:bg-rose-600/30"[39m
          [36m/>[39m
          [36m<div[39m
            [33mclass[39m=[32m"pointer-events-none absolute top-32 -right-16 h-80 w-80 rounded-full bg-red-500/30 blur-3xl dark:bg-amber-500/20"[39m
          [36m/>[39m
          [36m<div[39m
            [33mclass[39m=[32m"pointer-events-none absolute -bottom-24 left-1/2 h-96 w-96 -translate-x-1/2 rounded-full bg-pink-400/20 blur-3xl dark:bg-fuchsia-600/20"[39m
          [36m/>[39m
          [36m<header[39m
            [33mclass[39m=[32m"relative z-10"[39m
          [36m>[39m
            [36m<nav[39m
              [33mclass[39m=[32m"mx-auto flex w-full max-w-7xl items-center justify-between px-4 py-5 md:px-6"[39m
            [36m>[39m
              [36m<a[39m
                [33mclass[39m=[32m"flex items-center gap-3"[39m
                [33mdata-discover[39m=[32m"true"[39m
                [33mhref[39m=[32m"/"[39m
              [36m>[39m
                [36m<div[39m
                  [33mclass[39m=[32m"flex h-10 w-10 items-center justify-center rounded-xl bg-gradient-to-br from-rose-500 to-red-600 text-white shadow-lg ring-1 ring-black/10 dark:ring-white/10"[39m
                [36m>[39m
                  [36m<span[39m
                    [33mclass[39m=[32m"text-xl"[39m
                  [36m>[39m
                    [0m��[0m
                  [36m</span>[39m
                [36m</div>[39m
                [36m<div[39m
                  [33mclass[39m=[32m"leading-tight"[39m
                [36m>[39m
                  [36m<p[39m
                    [33mclass[39m=[32m"text-lg font-extrabold tracking-tight bg-gradient-to-r from-rose-600 to-red-600 bg-clip-text text-transparent dark:from-rose-300 dark:to-amber-200"[39m
                  [36m>[39m
                    [0mBlood Donation[0m
                  [36m</p>[39m
                  [36m<p[39m
                    [33mclass[39m=[32m"text-xs text-gray-600 dark:text-gray-300"[39m
                  [36m>[39m
                    [0mConnect. Donate. Save lives.[0m
                  [36m</p>[39m
                [36m</div>[39m
              [36m</a>[39m
              [36m<div[39m
                [33mclass[39m=[32m"flex items-center gap-4"[39m
              [36m>[39m
                [36m<div[39m
                  [33mclass[39m=[32m"skeleton h-12 w-12 rounded-full bg-white/20 backdrop-blur-md"[39m
                [36m/>[39m
              [36m</div>[39m
            [36m</nav>[39m
          [36m</header>[39m
          [36m<main[39m
            [33mclass[39m=[32m"relative z-10 mx-auto w-full max-w-7xl px-4 pb-16 md:px-6 md:pb-24"[39m
          [36m>[39m
            [36m<div[39m
              [33mclass[39m=[32m"mx-auto w-full max-w-6xl mb-8"[39m
            [36m>[39m
              [36m<div[39m
                [33mclass[39m=[32m"rounded-2xl border border-white/30 bg-gradient-to-r from-pink-500/10 via-purple-500/10 to-blue-500/10 p-6 shadow-xl backdrop-blur-2xl transition dark:border-white/10"[39m
              [36m>[39m
                [36m<div[39m
                  [33mclass[39m=[32m"flex items-center gap-6"[39m
                [36m>[39m
                  [36m<div[39m
                    [33mclass[39m=[32m"flex-shrink-0 relative"[39m
                  [36m>[39m
                    [36m<button[39m
                      [33mclass[39m=[32m"w-20 h-20 rounded-full bg-gradient-to-br from-pink-500 to-purple-600 flex items-center justify-center text-white text-3xl font-bold shadow-lg ring-4 ring-white/20 hover:ring-pink-300 transition-all cursor-pointer overflow-hidden"[39m
                    [36m>[39m
                      [36m<span />[39m
                    [36m</button>[39m
                  [36m</div>[39m
                  [36m<div[39m
                    [33mclass[39m=[32m"flex-1"[39m
                  [36m>[39m
                    [36m<h1[39m
                      [33mclass[39m=[32m"text-3xl font-bold text-gray-900 dark:text-white mb-1"[39m
                    [36m>[39m
                      [0mWelcome back, [0m
                      [0mUser[0m
                      [0m! ��[0m
                    [36m</h1>[39m
                    [36m<p[39m
                      [33mclass[39m=[32m"text-gray-600 dark:text-gray-400 text-sm"[39m
                    [36m>[39m
                      [0mManage your profile, find donors, and track donation requests[0m
                    [36m</p>[39m
                    [36m<div[39m
                      [33mclass[39m=[32m"flex gap-3 mt-2"[39m
                    [36m/>[39m
                  [36m</div>[39m
                  [36m<div[39m
                    [33mclass[39m=[32m"hidden lg:flex gap-4"[39m
                  [36m>[39m
                    [36m<div[39m
                      [33mclass[39m=[32m"text-center px-4 py-2 bg-white/50 dark:bg-gray-800/50 rounded-lg"[39m
                    [36m>[39m
                      [36m<div[39m
                        [33mclass[39m=[32m"text-2xl font-bold text-pink-600 dark:text-pink-400"[39m
                      [36m>[39m
                        [0m0[0m
                      [36m</div>[39m
                      [36m<div[39m
                        [33mclass[39m=[32m"text-xs text-gray-600 dark:text-gray-400"[39m
                      [36m>[39m
                        [0mSent[0m
                      [36m</div>[39m
                    [36m</div>[39m
                    [36m<div[39m
                      [33mclass[39m=[32m"text-center px-4 py-2 bg-white/50 dark:bg-gray-800/50 rounded-lg"[39m
                    [36m>[39m
                      [36m<div[39m
                        [33mclass[39m=[32m"text-2xl font-bold text-blue-600 dark:text-blue-400"[39m
                      [36m>[39m
                        [0m0[0m
                      [36m</div>[39m
                      [36m<div[39m
                        [33mclass[39m=[32m"text-xs text-gray-600 dark:text-gray-400"[39m
                      [36m>[39m
                        [0mReceived[0m
                      [36m</div>[39m
                    [36m</div>[39m
                  [36m</div>[39m
                [36m</div>[39m
              [36m</div>[39m
            [36m</div>[39m
            [36m<div[39m
              [33mclass[39m=[32m"flex justify-center mb-6"[39m
            [36m>[39m
              [36m<div[39m
                [33mclass[39m=[32m"flex flex-wrap bg-white/20 rounded-full p-1 backdrop-blur-md gap-1"[39m
              [36m>[39m
                [36m<button[39m
                  [33mclass[39m=[32m"px-6 py-2 rounded-full font-semibold transition text-gray-700 dark:text-gray-300"[39m
                [36m>[39m
                  [0m�� Find Donors[0m
                [36m</button>[39m
                [36m<button[39m
                  [33mclass[39m=[32m"px-6 py-2 rounded-full font-semibold transition text-gray-700 dark:text-gray-300"[39m
                [36m>[39m
                  [0m�� Search by MRID[0m
                [36m</button>[39m
                [36m<button[39m
                  [33mclass[39m=[32m"px-6 py-2 rounded-full font-semibold transition bg-pink-600 text-white"[39m
                [36m>[39m
                  [0m�� My Requests[0m
                [36m</button>[39m
                [36m<button[39m
                  [33mclass[39m=[32m"px-6 py-2 rounded-full font-semibold transition text-gray-700 dark:text-gray-300"[39m
                [36m>[39m
                  [0m⭐ Leave Reviews[0m
                [36m</button>[39m
              [36m</div>[39m
            [36m</div>[39m
            [36m<div[39m
              [33mclass[39m=[32m"mx-auto w-full max-w-4xl overflow-auto max-h-[70vh]"[39m
            [36m>[39m
              [36m<div[39m
                [33mclass[39m=[32m"rounded-2xl border border-white/30 bg-white/30 p-6 shadow-2xl backdrop-blur-2xl transition dark:border-white/10 dark:bg-white/5 md:p-8"[39m
              [36m>[39m
                [36m<div[39m
                  [33mclass[39m=[32m"mb-6 text-center"[39m
                [36m>[39m
                  [36m<h2[39m
                    [33mclass[39m=[32m"mb-2 text-2xl font-extrabold tracking-tight text-gray-900 dark:text-white md:text-3xl"[39m
                  [36m>[39m
                    [0m�� My Requests[0m
                  [36m</h2>[39m
                  [36m<p[39m
                    [33mclass[39m=[32m"text-sm text-gray-700 dark:text-gray-300"[39m
                  [36m>[39m
                    [0mView and manage your donation requests[0m
                  [36m</p>[39m
                [36m</div>[39m
                [36m<div[39m
                  [33mclass[39m=[32m"flex justify-center mb-6"[39m
                [36m>[39m
                  [36m<div[39m
                    [33mclass[39m=[32m"flex bg-white/20 rounded-full p-1 backdrop-blur-md"[39m
                  [36m>[39m
                    [36m<button[39m
                      [33mclass[39m=[32m"px-6 py-2 rounded-full font-semibold transition bg-pink-600 text-white"[39m
                    [36m>[39m
                      [0m�� Sent Requests[0m
                    [36m</button>[39m
                    [36m<button[39m
                      [33mclass[39m=[32m"px-6 py-2 rounded-full font-semibold transition text-gray-700 dark:text-gray-300"[39m
                    [36m>[39m
                      [0m�� Received Requests[0m
                    [36m</button>[39m
                  [36m</div>[39m
                [36m</div>[39m
                [36m<div[39m
                  [33mclass[39m=[32m"mb-3"[39m
                [36m>[39m
                  [36m<button[39m
                    [33mclass[39m=[32m"flex items-center justify-between w-full px-4 py-2 rounded-lg border border-white/30 bg-white/20 dark:border-white/10 dark:bg-white/5 backdrop-blur-md hover:bg-white/30 dark:hover:bg-white/10 transition"[39m
                  [36m>[39m
                    [36m<span[39m
                      [33mclass[39m=[32m"text-sm font-semibold text-gray-900 dark:text-white flex items-center gap-2"[39m
                    [36m>[39m
                      [0m�� Filters[0m
                    [36m</span>[39m
                    [36m<span[39m
                      [33mclass[39m=[32m"text-gray-600 dark:text-gray-400"[39m
                    [36m>[39m
                      [0m▼[0m
                    [36m</span>[39m
                  [36m</button>[39m
                [36m</div>[39m
                [36m<div>[39m
                  [36m<h3[39m
                    [33mclass[39m=[32m"font-semibold mb-3 text-gray-900 dark:text-white"[39m
                  [36m>[39m
                    [0mSent Requests ([0m
                    [0m0[0m
                    [0m)[0m
                  [36m</h3>[39m
                  [36m<p[39m
                    [33mclass[39m=[32m"text-sm text-gray-600 dark:text-gray-400"[39m
                  [36m>[39m
                    [0mNo requests sent yet.[0m
                  [36m</p>[39m
                [36m</div>[39m
              [36m</div>[39m
            [36m</div>[39m
            [36m<div[39m
              [33mclass[39m=[32m"mt-8 text-center"[39m
            [36m>[39m
              [36m<a[39m
                [33mclass[39m=[32m"inline-flex items-center justify-center rounded-2xl bg-gradient-to-r from-green-600 to-emerald-500 px-5 py-3 font-semibold text-white shadow-lg ring-1 ring-black/10 transition hover:scale-[1.02] hover:shadow-green-500/30 active:scale-[0.99] mr-4"[39m
                [33mdata-discover[39m=[32m"true"[39m
                [33mhref[39m=[32m"/donor-register"[39m
              [36m>[39m
                [36m<span[39m
                  [33mclass[39m=[32m"mr-2"[39m
                [36m>[39m
                  [0m��[0m
                [36m</span>[39m
                [0mBecome a Donor[0m
              [36m</a>[39m
              [36m<button[39m
                [33mclass[39m=[32m"inline-flex items-center justify-center rounded-2xl bg-gradient-to-r from-red-600 to-rose-500 px-5 py-3 font-semibold text-white shadow-lg ring-1 ring-black/10 transition hover:scale-[1.02] hover:shadow-rose-500/30 active:scale-[0.99]"[39m
              [36m>[39m
                [0m�� Logout[0m
              [36m</button>[39m
              [36m<div[39m
                [33mclass[39m=[32m"mt-4"[39m
              [36m>[39m
                [36m<a[39m
                  [33mclass[39m=[32m"text-sm text-gray-600 transition hover:text-gray-800 dark:text-gray-400 dark:hover:text-gray-200"[39m
                  [33mdata-discover[39m=[32m"true"[39m
                  [33mhref[39m=[32m"/"[39m
                [36m>[39m
                  [0m← Back to Home[0m
                [36m</a>[39m
              [36m</div>[39m
            [36m</div>[39m
          [36m</main>[39m
          [36m<footer[39m
            [33mclass[39m=[32m"glass-card w-full py-12 flex flex-col items-center"[39m
          [36m>[39m
            [36m<div[39m
              [33mclass[39m=[32m"flex flex-col items-center"[39m
            [36m>[39m
              [36m<div[39m
                [33mclass[39m=[32m"flex items-center gap-3 mb-2"[39m
              [36m>[39m
                [36m<div[39m
                  [33mclass[39m=[32m"flex h-10 w-10 items-center justify-center rounded-xl bg-gradient-to-br from-pink-500 to-purple-500 text-white shadow-lg ring-1 ring-black/10 dark:ring-white/10"[39m
                [36m>[39m
                  [36m<span[39m
                    [33mclass[39m=[32m"text-xl"[39m
                  [36m>[39m
                    [0m❤️[0m
                  [36m</span>[39m
                [36m</div>[39m
                [36m<span[39m
                  [33mclass[39m=[32m"text-2xl font-bold text-white"[39m
                [36m>[39m
                  [0mHope Web[0m
                [36m</span>[39m
              [36m</div>[39m
              [36m<p[39m
                [33mclass[39m=[32m"text-md text-gray-200 text-center mb-4 max-w-xl"[39m
              [36m>[39m
                [0mConnecting hearts, saving lives. Join our community of heroes making a difference through blood donation.[0m
              [36m</p>[39m
              [36m<div[39m
                [33mclass[39m=[32m"flex gap-8 justify-center mt-2 text-pink-300 text-sm"[39m
              [36m>[39m
                [36m<div[39m
                  [33mclass[39m=[32m"flex items-center gap-2"[39m
                [36m>[39m
                  [36m<span>[39m
                    [0m��[0m
                  [36m</span>[39m
                  [0m Secure & Safe[0m
                [36m</div>[39m
                [36m<div[39m
                  [33mclass[39m=[32m"flex items-center gap-2"[39m
                [36m>[39m
                  [36m<span>[39m
                    [0m��[0m
                  [36m</span>[39m
                  [0m 24/7 Support[0m
                [36m</div>[39m
                [36m<div[39m
                  [33mclass[39m=[32m"flex items-center gap-2"[39m
                [36m>[39m
                  [36m<span>[39m
                    [0m��[0m
                  [36m</span>[39m
                  [0m Lives Saved Daily[0m
                [36m</div>[39m
              [36m</div>[39m
            [36m</div>[39m
          [36m</footer>[39m
        [36m</div>[39m
      [36m</div>[39m
    [36m</body>[39m

    [0m [90m 291 |[39m     fireEvent[33m.[39mclick(myRequestsTab)[33m;[39m
     [90m 292 |[39m
    [31m[1m>[22m[39m[90m 293 |[39m     [36mawait[39m waitFor(() [33m=>[39m {
     [90m     |[39m                  [31m[1m^[22m[39m
     [90m 294 |[39m       expect(screen[33m.[39mgetByText([35m/Donor2/i[39m))[33m.[39mtoBeInTheDocument()[33m;[39m
     [90m 295 |[39m     })[33m;[39m
     [90m 296 |[39m[0m

      at waitForWrapper (node_modules/@testing-library/dom/dist/wait-for.js:163:27)
      at src/Pages/__tests__/UserDashboard.test.jsx:293:18
      at Generator.call (src/Pages/__tests__/UserDashboard.test.jsx:2:1)
      at Generator._invoke [as next] (src/Pages/__tests__/UserDashboard.test.jsx:2:1)
      at asyncGeneratorStep (src/Pages/__tests__/UserDashboard.test.jsx:2:1)
      at asyncGeneratorStep (src/Pages/__tests__/UserDashboard.test.jsx:2:1)
      at _next (src/Pages/__tests__/UserDashboard.test.jsx:2:1)
      at Object.<anonymous> (src/Pages/__tests__/UserDashboard.test.jsx:2:1)

  ● UserDashboard Component › booking button shows for accepted requests

    Unable to find an element with the text: /Donor3/i. This could be because the text is broken up by multiple elements. In this case, you can provide a function for your text matcher to make your matcher more flexible.

    Ignored nodes: comments, script, style
    [36m<body>[39m
      [36m<div>[39m
        [36m<div[39m
          [33mclass[39m=[32m"fixed inset-0 min-h-screen w-full overflow-auto bg-gradient-to-br from-rose-50 via-red-50 to-amber-100 dark:from-slate-900 dark:via-neutral-900 dark:to-black"[39m
        [36m>[39m
          [36m<div[39m
            [33mclass[39m=[32m"pointer-events-none absolute -top-24 -left-24 h-72 w-72 rounded-full bg-rose-400/40 blur-3xl dark:bg-rose-600/30"[39m
          [36m/>[39m
          [36m<div[39m
            [33mclass[39m=[32m"pointer-events-none absolute top-32 -right-16 h-80 w-80 rounded-full bg-red-500/30 blur-3xl dark:bg-amber-500/20"[39m
          [36m/>[39m
          [36m<div[39m
            [33mclass[39m=[32m"pointer-events-none absolute -bottom-24 left-1/2 h-96 w-96 -translate-x-1/2 rounded-full bg-pink-400/20 blur-3xl dark:bg-fuchsia-600/20"[39m
          [36m/>[39m
          [36m<header[39m
            [33mclass[39m=[32m"relative z-10"[39m
          [36m>[39m
            [36m<nav[39m
              [33mclass[39m=[32m"mx-auto flex w-full max-w-7xl items-center justify-between px-4 py-5 md:px-6"[39m
            [36m>[39m
              [36m<a[39m
                [33mclass[39m=[32m"flex items-center gap-3"[39m
                [33mdata-discover[39m=[32m"true"[39m
                [33mhref[39m=[32m"/"[39m
              [36m>[39m
                [36m<div[39m
                  [33mclass[39m=[32m"flex h-10 w-10 items-center justify-center rounded-xl bg-gradient-to-br from-rose-500 to-red-600 text-white shadow-lg ring-1 ring-black/10 dark:ring-white/10"[39m
                [36m>[39m
                  [36m<span[39m
                    [33mclass[39m=[32m"text-xl"[39m
                  [36m>[39m
                    [0m��[0m
                  [36m</span>[39m
                [36m</div>[39m
                [36m<div[39m
                  [33mclass[39m=[32m"leading-tight"[39m
                [36m>[39m
                  [36m<p[39m
                    [33mclass[39m=[32m"text-lg font-extrabold tracking-tight bg-gradient-to-r from-rose-600 to-red-600 bg-clip-text text-transparent dark:from-rose-300 dark:to-amber-200"[39m
                  [36m>[39m
                    [0mBlood Donation[0m
                  [36m</p>[39m
                  [36m<p[39m
                    [33mclass[39m=[32m"text-xs text-gray-600 dark:text-gray-300"[39m
                  [36m>[39m
                    [0mConnect. Donate. Save lives.[0m
                  [36m</p>[39m
                [36m</div>[39m
              [36m</a>[39m
              [36m<div[39m
                [33mclass[39m=[32m"flex items-center gap-4"[39m
              [36m>[39m
                [36m<div[39m
                  [33mclass[39m=[32m"skeleton h-12 w-12 rounded-full bg-white/20 backdrop-blur-md"[39m
                [36m/>[39m
              [36m</div>[39m
            [36m</nav>[39m
          [36m</header>[39m
          [36m<main[39m
            [33mclass[39m=[32m"relative z-10 mx-auto w-full max-w-7xl px-4 pb-16 md:px-6 md:pb-24"[39m
          [36m>[39m
            [36m<div[39m
              [33mclass[39m=[32m"mx-auto w-full max-w-6xl mb-8"[39m
            [36m>[39m
              [36m<div[39m
                [33mclass[39m=[32m"rounded-2xl border border-white/30 bg-gradient-to-r from-pink-500/10 via-purple-500/10 to-blue-500/10 p-6 shadow-xl backdrop-blur-2xl transition dark:border-white/10"[39m
              [36m>[39m
                [36m<div[39m
                  [33mclass[39m=[32m"flex items-center gap-6"[39m
                [36m>[39m
                  [36m<div[39m
                    [33mclass[39m=[32m"flex-shrink-0 relative"[39m
                  [36m>[39m
                    [36m<button[39m
                      [33mclass[39m=[32m"w-20 h-20 rounded-full bg-gradient-to-br from-pink-500 to-purple-600 flex items-center justify-center text-white text-3xl font-bold shadow-lg ring-4 ring-white/20 hover:ring-pink-300 transition-all cursor-pointer overflow-hidden"[39m
                    [36m>[39m
                      [36m<span />[39m
                    [36m</button>[39m
                  [36m</div>[39m
                  [36m<div[39m
                    [33mclass[39m=[32m"flex-1"[39m
                  [36m>[39m
                    [36m<h1[39m
                      [33mclass[39m=[32m"text-3xl font-bold text-gray-900 dark:text-white mb-1"[39m
                    [36m>[39m
                      [0mWelcome back, [0m
                      [0mUser[0m
                      [0m! ��[0m
                    [36m</h1>[39m
                    [36m<p[39m
                      [33mclass[39m=[32m"text-gray-600 dark:text-gray-400 text-sm"[39m
                    [36m>[39m
                      [0mManage your profile, find donors, and track donation requests[0m
                    [36m</p>[39m
                    [36m<div[39m
                      [33mclass[39m=[32m"flex gap-3 mt-2"[39m
                    [36m/>[39m
                  [36m</div>[39m
                  [36m<div[39m
                    [33mclass[39m=[32m"hidden lg:flex gap-4"[39m
                  [36m>[39m
                    [36m<div[39m
                      [33mclass[39m=[32m"text-center px-4 py-2 bg-white/50 dark:bg-gray-800/50 rounded-lg"[39m
                    [36m>[39m
                      [36m<div[39m
                        [33mclass[39m=[32m"text-2xl font-bold text-pink-600 dark:text-pink-400"[39m
                      [36m>[39m
                        [0m0[0m
                      [36m</div>[39m
                      [36m<div[39m
                        [33mclass[39m=[32m"text-xs text-gray-600 dark:text-gray-400"[39m
                      [36m>[39m
                        [0mSent[0m
                      [36m</div>[39m
                    [36m</div>[39m
                    [36m<div[39m
                      [33mclass[39m=[32m"text-center px-4 py-2 bg-white/50 dark:bg-gray-800/50 rounded-lg"[39m
                    [36m>[39m
                      [36m<div[39m
                        [33mclass[39m=[32m"text-2xl font-bold text-blue-600 dark:text-blue-400"[39m
                      [36m>[39m
                        [0m0[0m
                      [36m</div>[39m
                      [36m<div[39m
                        [33mclass[39m=[32m"text-xs text-gray-600 dark:text-gray-400"[39m
                      [36m>[39m
                        [0mReceived[0m
                      [36m</div>[39m
                    [36m</div>[39m
                  [36m</div>[39m
                [36m</div>[39m
              [36m</div>[39m
            [36m</div>[39m
            [36m<div[39m
              [33mclass[39m=[32m"flex justify-center mb-6"[39m
            [36m>[39m
              [36m<div[39m
                [33mclass[39m=[32m"flex flex-wrap bg-white/20 rounded-full p-1 backdrop-blur-md gap-1"[39m
              [36m>[39m
                [36m<button[39m
                  [33mclass[39m=[32m"px-6 py-2 rounded-full font-semibold transition text-gray-700 dark:text-gray-300"[39m
                [36m>[39m
                  [0m�� Find Donors[0m
                [36m</button>[39m
                [36m<button[39m
                  [33mclass[39m=[32m"px-6 py-2 rounded-full font-semibold transition text-gray-700 dark:text-gray-300"[39m
                [36m>[39m
                  [0m�� Search by MRID[0m
                [36m</button>[39m
                [36m<button[39m
                  [33mclass[39m=[32m"px-6 py-2 rounded-full font-semibold transition bg-pink-600 text-white"[39m
                [36m>[39m
                  [0m�� My Requests[0m
                [36m</button>[39m
                [36m<button[39m
                  [33mclass[39m=[32m"px-6 py-2 rounded-full font-semibold transition text-gray-700 dark:text-gray-300"[39m
                [36m>[39m
                  [0m⭐ Leave Reviews[0m
                [36m</button>[39m
              [36m</div>[39m
            [36m</div>[39m
            [36m<div[39m
              [33mclass[39m=[32m"mx-auto w-full max-w-4xl overflow-auto max-h-[70vh]"[39m
            [36m>[39m
              [36m<div[39m
                [33mclass[39m=[32m"rounded-2xl border border-white/30 bg-white/30 p-6 shadow-2xl backdrop-blur-2xl transition dark:border-white/10 dark:bg-white/5 md:p-8"[39m
              [36m>[39m
                [36m<div[39m
                  [33mclass[39m=[32m"mb-6 text-center"[39m
                [36m>[39m
                  [36m<h2[39m
                    [33mclass[39m=[32m"mb-2 text-2xl font-extrabold tracking-tight text-gray-900 dark:text-white md:text-3xl"[39m
                  [36m>[39m
                    [0m�� My Requests[0m
                  [36m</h2>[39m
                  [36m<p[39m
                    [33mclass[39m=[32m"text-sm text-gray-700 dark:text-gray-300"[39m
                  [36m>[39m
                    [0mView and manage your donation requests[0m
                  [36m</p>[39m
                [36m</div>[39m
                [36m<div[39m
                  [33mclass[39m=[32m"flex justify-center mb-6"[39m
                [36m>[39m
                  [36m<div[39m
                    [33mclass[39m=[32m"flex bg-white/20 rounded-full p-1 backdrop-blur-md"[39m
                  [36m>[39m
                    [36m<button[39m
                      [33mclass[39m=[32m"px-6 py-2 rounded-full font-semibold transition bg-pink-600 text-white"[39m
                    [36m>[39m
                      [0m�� Sent Requests[0m
                    [36m</button>[39m
                    [36m<button[39m
                      [33mclass[39m=[32m"px-6 py-2 rounded-full font-semibold transition text-gray-700 dark:text-gray-300"[39m
                    [36m>[39m
                      [0m�� Received Requests[0m
                    [36m</button>[39m
                  [36m</div>[39m
                [36m</div>[39m
                [36m<div[39m
                  [33mclass[39m=[32m"mb-3"[39m
                [36m>[39m
                  [36m<button[39m
                    [33mclass[39m=[32m"flex items-center justify-between w-full px-4 py-2 rounded-lg border border-white/30 bg-white/20 dark:border-white/10 dark:bg-white/5 backdrop-blur-md hover:bg-white/30 dark:hover:bg-white/10 transition"[39m
                  [36m>[39m
                    [36m<span[39m
                      [33mclass[39m=[32m"text-sm font-semibold text-gray-900 dark:text-white flex items-center gap-2"[39m
                    [36m>[39m
                      [0m�� Filters[0m
                    [36m</span>[39m
                    [36m<span[39m
                      [33mclass[39m=[32m"text-gray-600 dark:text-gray-400"[39m
                    [36m>[39m
                      [0m▼[0m
                    [36m</span>[39m
                  [36m</button>[39m
                [36m</div>[39m
                [36m<div>[39m
                  [36m<h3[39m
                    [33mclass[39m=[32m"font-semibold mb-3 text-gray-900 dark:text-white"[39m
                  [36m>[39m
                    [0mSent Requests ([0m
                    [0m0[0m
                    [0m)[0m
                  [36m</h3>[39m
                  [36m<p[39m
                    [33mclass[39m=[32m"text-sm text-gray-600 dark:text-gray-400"[39m
                  [36m>[39m
                    [0mNo requests sent yet.[0m
                  [36m</p>[39m
                [36m</div>[39m
              [36m</div>[39m
            [36m</div>[39m
            [36m<div[39m
              [33mclass[39m=[32m"mt-8 text-center"[39m
            [36m>[39m
              [36m<a[39m
                [33mclass[39m=[32m"inline-flex items-center justify-center rounded-2xl bg-gradient-to-r from-green-600 to-emerald-500 px-5 py-3 font-semibold text-white shadow-lg ring-1 ring-black/10 transition hover:scale-[1.02] hover:shadow-green-500/30 active:scale-[0.99] mr-4"[39m
                [33mdata-discover[39m=[32m"true"[39m
                [33mhref[39m=[32m"/donor-register"[39m
              [36m>[39m
                [36m<span[39m
                  [33mclass[39m=[32m"mr-2"[39m
                [36m>[39m
                  [0m��[0m
                [36m</span>[39m
                [0mBecome a Donor[0m
              [36m</a>[39m
              [36m<button[39m
                [33mclass[39m=[32m"inline-flex items-center justify-center rounded-2xl bg-gradient-to-r from-red-600 to-rose-500 px-5 py-3 font-semibold text-white shadow-lg ring-1 ring-black/10 transition hover:scale-[1.02] hover:shadow-rose-500/30 active:scale-[0.99]"[39m
              [36m>[39m
                [0m�� Logout[0m
              [36m</button>[39m
              [36m<div[39m
                [33mclass[39m=[32m"mt-4"[39m
              [36m>[39m
                [36m<a[39m
                  [33mclass[39m=[32m"text-sm text-gray-600 transition hover:text-gray-800 dark:text-gray-400 dark:hover:text-gray-200"[39m
                  [33mdata-discover[39m=[32m"true"[39m
                  [33mhref[39m=[32m"/"[39m
                [36m>[39m
                  [0m← Back to Home[0m
                [36m</a>[39m
              [36m</div>[39m
            [36m</div>[39m
          [36m</main>[39m
          [36m<footer[39m
            [33mclass[39m=[32m"glass-card w-full py-12 flex flex-col items-center"[39m
          [36m>[39m
            [36m<div[39m
              [33mclass[39m=[32m"flex flex-col items-center"[39m
            [36m>[39m
              [36m<div[39m
                [33mclass[39m=[32m"flex items-center gap-3 mb-2"[39m
              [36m>[39m
                [36m<div[39m
                  [33mclass[39m=[32m"flex h-10 w-10 items-center justify-center rounded-xl bg-gradient-to-br from-pink-500 to-purple-500 text-white shadow-lg ring-1 ring-black/10 dark:ring-white/10"[39m
                [36m>[39m
                  [36m<span[39m
                    [33mclass[39m=[32m"text-xl"[39m
                  [36m>[39m
                    [0m❤️[0m
                  [36m</span>[39m
                [36m</div>[39m
                [36m<span[39m
                  [33mclass[39m=[32m"text-2xl font-bold text-white"[39m
                [36m>[39m
                  [0mHope Web[0m
                [36m</span>[39m
              [36m</div>[39m
              [36m<p[39m
                [33mclass[39m=[32m"text-md text-gray-200 text-center mb-4 max-w-xl"[39m
              [36m>[39m
                [0mConnecting hearts, saving lives. Join our community of heroes making a difference through blood donation.[0m
              [36m</p>[39m
              [36m<div[39m
                [33mclass[39m=[32m"flex gap-8 justify-center mt-2 text-pink-300 text-sm"[39m
              [36m>[39m
                [36m<div[39m
                  [33mclass[39m=[32m"flex items-center gap-2"[39m
                [36m>[39m
                  [36m<span>[39m
                    [0m��[0m
                  [36m</span>[39m
                  [0m Secure & Safe[0m
                [36m</div>[39m
                [36m<div[39m
                  [33mclass[39m=[32m"flex items-center gap-2"[39m
                [36m>[39m
                  [36m<span>[39m
                    [0m��[0m
                  [36m</span>[39m
                  [0m 24/7 Support[0m
                [36m</div>[39m
                [36m<div[39m
                  [33mclass[39m=[32m"flex items-center gap-2"[39m
                [36m>[39m
                  [36m<span>[39m
                    [0m��[0m
                  [36m</span>[39m
                  [0m Lives Saved Daily[0m
                [36m</div>[39m
              [36m</div>[39m
            [36m</div>[39m
          [36m</footer>[39m
        [36m</div>[39m
      [36m</div>[39m
    [36m</body>[39m

    [0m [90m 338 |[39m     fireEvent[33m.[39mclick(myRequestsTab)[33m;[39m
     [90m 339 |[39m
    [31m[1m>[22m[39m[90m 340 |[39m     [36mawait[39m waitFor(() [33m=>[39m {
     [90m     |[39m                  [31m[1m^[22m[39m
     [90m 341 |[39m       expect(screen[33m.[39mgetByText([35m/Donor3/i[39m))[33m.[39mtoBeInTheDocument()[33m;[39m
     [90m 342 |[39m     })[33m;[39m
     [90m 343 |[39m[0m

      at waitForWrapper (node_modules/@testing-library/dom/dist/wait-for.js:163:27)
      at src/Pages/__tests__/UserDashboard.test.jsx:340:18
      at Generator.call (src/Pages/__tests__/UserDashboard.test.jsx:2:1)
      at Generator._invoke [as next] (src/Pages/__tests__/UserDashboard.test.jsx:2:1)
      at asyncGeneratorStep (src/Pages/__tests__/UserDashboard.test.jsx:2:1)
      at asyncGeneratorStep (src/Pages/__tests__/UserDashboard.test.jsx:2:1)
      at _next (src/Pages/__tests__/UserDashboard.test.jsx:2:1)
      at Object.<anonymous> (src/Pages/__tests__/UserDashboard.test.jsx:2:1)

  ● UserDashboard Component › booking modal opens and submits

    Unable to find an element with the text: /Donor4/i. This could be because the text is broken up by multiple elements. In this case, you can provide a function for your text matcher to make your matcher more flexible.

    Ignored nodes: comments, script, style
    [36m<body>[39m
      [36m<div>[39m
        [36m<div[39m
          [33mclass[39m=[32m"fixed inset-0 min-h-screen w-full overflow-auto bg-gradient-to-br from-rose-50 via-red-50 to-amber-100 dark:from-slate-900 dark:via-neutral-900 dark:to-black"[39m
        [36m>[39m
          [36m<div[39m
            [33mclass[39m=[32m"pointer-events-none absolute -top-24 -left-24 h-72 w-72 rounded-full bg-rose-400/40 blur-3xl dark:bg-rose-600/30"[39m
          [36m/>[39m
          [36m<div[39m
            [33mclass[39m=[32m"pointer-events-none absolute top-32 -right-16 h-80 w-80 rounded-full bg-red-500/30 blur-3xl dark:bg-amber-500/20"[39m
          [36m/>[39m
          [36m<div[39m
            [33mclass[39m=[32m"pointer-events-none absolute -bottom-24 left-1/2 h-96 w-96 -translate-x-1/2 rounded-full bg-pink-400/20 blur-3xl dark:bg-fuchsia-600/20"[39m
          [36m/>[39m
          [36m<header[39m
            [33mclass[39m=[32m"relative z-10"[39m
          [36m>[39m
            [36m<nav[39m
              [33mclass[39m=[32m"mx-auto flex w-full max-w-7xl items-center justify-between px-4 py-5 md:px-6"[39m
            [36m>[39m
              [36m<a[39m
                [33mclass[39m=[32m"flex items-center gap-3"[39m
                [33mdata-discover[39m=[32m"true"[39m
                [33mhref[39m=[32m"/"[39m
              [36m>[39m
                [36m<div[39m
                  [33mclass[39m=[32m"flex h-10 w-10 items-center justify-center rounded-xl bg-gradient-to-br from-rose-500 to-red-600 text-white shadow-lg ring-1 ring-black/10 dark:ring-white/10"[39m
                [36m>[39m
                  [36m<span[39m
                    [33mclass[39m=[32m"text-xl"[39m
                  [36m>[39m
                    [0m��[0m
                  [36m</span>[39m
                [36m</div>[39m
                [36m<div[39m
                  [33mclass[39m=[32m"leading-tight"[39m
                [36m>[39m
                  [36m<p[39m
                    [33mclass[39m=[32m"text-lg font-extrabold tracking-tight bg-gradient-to-r from-rose-600 to-red-600 bg-clip-text text-transparent dark:from-rose-300 dark:to-amber-200"[39m
                  [36m>[39m
                    [0mBlood Donation[0m
                  [36m</p>[39m
                  [36m<p[39m
                    [33mclass[39m=[32m"text-xs text-gray-600 dark:text-gray-300"[39m
                  [36m>[39m
                    [0mConnect. Donate. Save lives.[0m
                  [36m</p>[39m
                [36m</div>[39m
              [36m</a>[39m
              [36m<div[39m
                [33mclass[39m=[32m"flex items-center gap-4"[39m
              [36m>[39m
                [36m<div[39m
                  [33mclass[39m=[32m"skeleton h-12 w-12 rounded-full bg-white/20 backdrop-blur-md"[39m
                [36m/>[39m
              [36m</div>[39m
            [36m</nav>[39m
          [36m</header>[39m
          [36m<main[39m
            [33mclass[39m=[32m"relative z-10 mx-auto w-full max-w-7xl px-4 pb-16 md:px-6 md:pb-24"[39m
          [36m>[39m
            [36m<div[39m
              [33mclass[39m=[32m"mx-auto w-full max-w-6xl mb-8"[39m
            [36m>[39m
              [36m<div[39m
                [33mclass[39m=[32m"rounded-2xl border border-white/30 bg-gradient-to-r from-pink-500/10 via-purple-500/10 to-blue-500/10 p-6 shadow-xl backdrop-blur-2xl transition dark:border-white/10"[39m
              [36m>[39m
                [36m<div[39m
                  [33mclass[39m=[32m"flex items-center gap-6"[39m
                [36m>[39m
                  [36m<div[39m
                    [33mclass[39m=[32m"flex-shrink-0 relative"[39m
                  [36m>[39m
                    [36m<button[39m
                      [33mclass[39m=[32m"w-20 h-20 rounded-full bg-gradient-to-br from-pink-500 to-purple-600 flex items-center justify-center text-white text-3xl font-bold shadow-lg ring-4 ring-white/20 hover:ring-pink-300 transition-all cursor-pointer overflow-hidden"[39m
                    [36m>[39m
                      [36m<span />[39m
                    [36m</button>[39m
                  [36m</div>[39m
                  [36m<div[39m
                    [33mclass[39m=[32m"flex-1"[39m
                  [36m>[39m
                    [36m<h1[39m
                      [33mclass[39m=[32m"text-3xl font-bold text-gray-900 dark:text-white mb-1"[39m
                    [36m>[39m
                      [0mWelcome back, [0m
                      [0mUser[0m
                      [0m! ��[0m
                    [36m</h1>[39m
                    [36m<p[39m
                      [33mclass[39m=[32m"text-gray-600 dark:text-gray-400 text-sm"[39m
                    [36m>[39m
                      [0mManage your profile, find donors, and track donation requests[0m
                    [36m</p>[39m
                    [36m<div[39m
                      [33mclass[39m=[32m"flex gap-3 mt-2"[39m
                    [36m/>[39m
                  [36m</div>[39m
                  [36m<div[39m
                    [33mclass[39m=[32m"hidden lg:flex gap-4"[39m
                  [36m>[39m
                    [36m<div[39m
                      [33mclass[39m=[32m"text-center px-4 py-2 bg-white/50 dark:bg-gray-800/50 rounded-lg"[39m
                    [36m>[39m
                      [36m<div[39m
                        [33mclass[39m=[32m"text-2xl font-bold text-pink-600 dark:text-pink-400"[39m
                      [36m>[39m
                        [0m0[0m
                      [36m</div>[39m
                      [36m<div[39m
                        [33mclass[39m=[32m"text-xs text-gray-600 dark:text-gray-400"[39m
                      [36m>[39m
                        [0mSent[0m
                      [36m</div>[39m
                    [36m</div>[39m
                    [36m<div[39m
                      [33mclass[39m=[32m"text-center px-4 py-2 bg-white/50 dark:bg-gray-800/50 rounded-lg"[39m
                    [36m>[39m
                      [36m<div[39m
                        [33mclass[39m=[32m"text-2xl font-bold text-blue-600 dark:text-blue-400"[39m
                      [36m>[39m
                        [0m0[0m
                      [36m</div>[39m
                      [36m<div[39m
                        [33mclass[39m=[32m"text-xs text-gray-600 dark:text-gray-400"[39m
                      [36m>[39m
                        [0mReceived[0m
                      [36m</div>[39m
                    [36m</div>[39m
                  [36m</div>[39m
                [36m</div>[39m
              [36m</div>[39m
            [36m</div>[39m
            [36m<div[39m
              [33mclass[39m=[32m"flex justify-center mb-6"[39m
            [36m>[39m
              [36m<div[39m
                [33mclass[39m=[32m"flex flex-wrap bg-white/20 rounded-full p-1 backdrop-blur-md gap-1"[39m
              [36m>[39m
                [36m<button[39m
                  [33mclass[39m=[32m"px-6 py-2 rounded-full font-semibold transition text-gray-700 dark:text-gray-300"[39m
                [36m>[39m
                  [0m�� Find Donors[0m
                [36m</button>[39m
                [36m<button[39m
                  [33mclass[39m=[32m"px-6 py-2 rounded-full font-semibold transition text-gray-700 dark:text-gray-300"[39m
                [36m>[39m
                  [0m�� Search by MRID[0m
                [36m</button>[39m
                [36m<button[39m
                  [33mclass[39m=[32m"px-6 py-2 rounded-full font-semibold transition bg-pink-600 text-white"[39m
                [36m>[39m
                  [0m�� My Requests[0m
                [36m</button>[39m
                [36m<button[39m
                  [33mclass[39m=[32m"px-6 py-2 rounded-full font-semibold transition text-gray-700 dark:text-gray-300"[39m
                [36m>[39m
                  [0m⭐ Leave Reviews[0m
                [36m</button>[39m
              [36m</div>[39m
            [36m</div>[39m
            [36m<div[39m
              [33mclass[39m=[32m"mx-auto w-full max-w-4xl overflow-auto max-h-[70vh]"[39m
            [36m>[39m
              [36m<div[39m
                [33mclass[39m=[32m"rounded-2xl border border-white/30 bg-white/30 p-6 shadow-2xl backdrop-blur-2xl transition dark:border-white/10 dark:bg-white/5 md:p-8"[39m
              [36m>[39m
                [36m<div[39m
                  [33mclass[39m=[32m"mb-6 text-center"[39m
                [36m>[39m
                  [36m<h2[39m
                    [33mclass[39m=[32m"mb-2 text-2xl font-extrabold tracking-tight text-gray-900 dark:text-white md:text-3xl"[39m
                  [36m>[39m
                    [0m�� My Requests[0m
                  [36m</h2>[39m
                  [36m<p[39m
                    [33mclass[39m=[32m"text-sm text-gray-700 dark:text-gray-300"[39m
                  [36m>[39m
                    [0mView and manage your donation requests[0m
                  [36m</p>[39m
                [36m</div>[39m
                [36m<div[39m
                  [33mclass[39m=[32m"flex justify-center mb-6"[39m
                [36m>[39m
                  [36m<div[39m
                    [33mclass[39m=[32m"flex bg-white/20 rounded-full p-1 backdrop-blur-md"[39m
                  [36m>[39m
                    [36m<button[39m
                      [33mclass[39m=[32m"px-6 py-2 rounded-full font-semibold transition bg-pink-600 text-white"[39m
                    [36m>[39m
                      [0m�� Sent Requests[0m
                    [36m</button>[39m
                    [36m<button[39m
                      [33mclass[39m=[32m"px-6 py-2 rounded-full font-semibold transition text-gray-700 dark:text-gray-300"[39m
                    [36m>[39m
                      [0m�� Received Requests[0m
                    [36m</button>[39m
                  [36m</div>[39m
                [36m</div>[39m
                [36m<div[39m
                  [33mclass[39m=[32m"mb-3"[39m
                [36m>[39m
                  [36m<button[39m
                    [33mclass[39m=[32m"flex items-center justify-between w-full px-4 py-2 rounded-lg border border-white/30 bg-white/20 dark:border-white/10 dark:bg-white/5 backdrop-blur-md hover:bg-white/30 dark:hover:bg-white/10 transition"[39m
                  [36m>[39m
                    [36m<span[39m
                      [33mclass[39m=[32m"text-sm font-semibold text-gray-900 dark:text-white flex items-center gap-2"[39m
                    [36m>[39m
                      [0m�� Filters[0m
                    [36m</span>[39m
                    [36m<span[39m
                      [33mclass[39m=[32m"text-gray-600 dark:text-gray-400"[39m
                    [36m>[39m
                      [0m▼[0m
                    [36m</span>[39m
                  [36m</button>[39m
                [36m</div>[39m
                [36m<div>[39m
                  [36m<h3[39m
                    [33mclass[39m=[32m"font-semibold mb-3 text-gray-900 dark:text-white"[39m
                  [36m>[39m
                    [0mSent Requests ([0m
                    [0m0[0m
                    [0m)[0m
                  [36m</h3>[39m
                  [36m<p[39m
                    [33mclass[39m=[32m"text-sm text-gray-600 dark:text-gray-400"[39m
                  [36m>[39m
                    [0mNo requests sent yet.[0m
                  [36m</p>[39m
                [36m</div>[39m
              [36m</div>[39m
            [36m</div>[39m
            [36m<div[39m
              [33mclass[39m=[32m"mt-8 text-center"[39m
            [36m>[39m
              [36m<a[39m
                [33mclass[39m=[32m"inline-flex items-center justify-center rounded-2xl bg-gradient-to-r from-green-600 to-emerald-500 px-5 py-3 font-semibold text-white shadow-lg ring-1 ring-black/10 transition hover:scale-[1.02] hover:shadow-green-500/30 active:scale-[0.99] mr-4"[39m
                [33mdata-discover[39m=[32m"true"[39m
                [33mhref[39m=[32m"/donor-register"[39m
              [36m>[39m
                [36m<span[39m
                  [33mclass[39m=[32m"mr-2"[39m
                [36m>[39m
                  [0m��[0m
                [36m</span>[39m
                [0mBecome a Donor[0m
              [36m</a>[39m
              [36m<button[39m
                [33mclass[39m=[32m"inline-flex items-center justify-center rounded-2xl bg-gradient-to-r from-red-600 to-rose-500 px-5 py-3 font-semibold text-white shadow-lg ring-1 ring-black/10 transition hover:scale-[1.02] hover:shadow-rose-500/30 active:scale-[0.99]"[39m
              [36m>[39m
                [0m�� Logout[0m
              [36m</button>[39m
              [36m<div[39m
                [33mclass[39m=[32m"mt-4"[39m
              [36m>[39m
                [36m<a[39m
                  [33mclass[39m=[32m"text-sm text-gray-600 transition hover:text-gray-800 dark:text-gray-400 dark:hover:text-gray-200"[39m
                  [33mdata-discover[39m=[32m"true"[39m
                  [33mhref[39m=[32m"/"[39m
                [36m>[39m
                  [0m← Back to Home[0m
                [36m</a>[39m
              [36m</div>[39m
            [36m</div>[39m
          [36m</main>[39m
          [36m<footer[39m
            [33mclass[39m=[32m"glass-card w-full py-12 flex flex-col items-center"[39m
          [36m>[39m
            [36m<div[39m
              [33mclass[39m=[32m"flex flex-col items-center"[39m
            [36m>[39m
              [36m<div[39m
                [33mclass[39m=[32m"flex items-center gap-3 mb-2"[39m
              [36m>[39m
                [36m<div[39m
                  [33mclass[39m=[32m"flex h-10 w-10 items-center justify-center rounded-xl bg-gradient-to-br from-pink-500 to-purple-500 text-white shadow-lg ring-1 ring-black/10 dark:ring-white/10"[39m
                [36m>[39m
                  [36m<span[39m
                    [33mclass[39m=[32m"text-xl"[39m
                  [36m>[39m
                    [0m❤️[0m
                  [36m</span>[39m
                [36m</div>[39m
                [36m<span[39m
                  [33mclass[39m=[32m"text-2xl font-bold text-white"[39m
                [36m>[39m
                  [0mHope Web[0m
                [36m</span>[39m
              [36m</div>[39m
              [36m<p[39m
                [33mclass[39m=[32m"text-md text-gray-200 text-center mb-4 max-w-xl"[39m
              [36m>[39m
                [0mConnecting hearts, saving lives. Join our community of heroes making a difference through blood donation.[0m
              [36m</p>[39m
              [36m<div[39m
                [33mclass[39m=[32m"flex gap-8 justify-center mt-2 text-pink-300 text-sm"[39m
              [36m>[39m
                [36m<div[39m
                  [33mclass[39m=[32m"flex items-center gap-2"[39m
                [36m>[39m
                  [36m<span>[39m
                    [0m��[0m
                  [36m</span>[39m
                  [0m Secure & Safe[0m
                [36m</div>[39m
                [36m<div[39m
                  [33mclass[39m=[32m"flex items-center gap-2"[39m
                [36m>[39m
                  [36m<span>[39m
                    [0m��[0m
                  [36m</span>[39m
                  [0m 24/7 Support[0m
                [36m</div>[39m
                [36m<div[39m
                  [33mclass[39m=[32m"flex items-center gap-2"[39m
                [36m>[39m
                  [36m<span>[39m
                    [0m��[0m
                  [36m</span>[39m
                  [0m Lives Saved Daily[0m
                [36m</div>[39m
              [36m</div>[39m
            [36m</div>[39m
          [36m</footer>[39m
        [36m</div>[39m
      [36m</div>[39m
    [36m</body>[39m

    [0m [90m 384 |[39m     fireEvent[33m.[39mclick(myRequestsTab)[33m;[39m
     [90m 385 |[39m
    [31m[1m>[22m[39m[90m 386 |[39m     [36mawait[39m waitFor(() [33m=>[39m {
     [90m     |[39m                  [31m[1m^[22m[39m
     [90m 387 |[39m       expect(screen[33m.[39mgetByText([35m/Donor4/i[39m))[33m.[39mtoBeInTheDocument()[33m;[39m
     [90m 388 |[39m     })[33m;[39m
     [90m 389 |[39m[0m

      at waitForWrapper (node_modules/@testing-library/dom/dist/wait-for.js:163:27)
      at src/Pages/__tests__/UserDashboard.test.jsx:386:18
      at Generator.call (src/Pages/__tests__/UserDashboard.test.jsx:2:1)
      at Generator._invoke [as next] (src/Pages/__tests__/UserDashboard.test.jsx:2:1)
      at asyncGeneratorStep (src/Pages/__tests__/UserDashboard.test.jsx:2:1)
      at asyncGeneratorStep (src/Pages/__tests__/UserDashboard.test.jsx:2:1)
      at _next (src/Pages/__tests__/UserDashboard.test.jsx:2:1)
      at Object.<anonymous> (src/Pages/__tests__/UserDashboard.test.jsx:2:1)

  ● UserDashboard Component › direct booking modal opens and submits

    TypeError: cities.slice is not a function

    [0m [90m 123 |[39m   useEffect(() [33m=>[39m {
     [90m 124 |[39m     [36mif[39m (inputValue[33m.[39mtrim() [33m===[39m [32m''[39m) {
    [31m[1m>[22m[39m[90m 125 |[39m       setFilteredCities(cities[33m.[39mslice([35m0[39m[33m,[39m [35m10[39m))[33m;[39m
     [90m     |[39m                                [31m[1m^[22m[39m
     [90m 126 |[39m     } [36melse[39m {
     [90m 127 |[39m       [36mconst[39m filtered [33m=[39m filterCitiesKNN(cities[33m,[39m inputValue[33m,[39m [35m10[39m)[33m;[39m
     [90m 128 |[39m       setFilteredCities(filtered)[33m;[39m[0m

      at slice (src/components/CitySearchDropdown.jsx:125:32)
      at Object.react_stack_bottom_frame (node_modules/react-dom/cjs/react-dom-client.development.js:23953:20)
      at runWithFiberInDEV (node_modules/react-dom/cjs/react-dom-client.development.js:1522:13)
      at commitHookEffectListMount (node_modules/react-dom/cjs/react-dom-client.development.js:11905:29)
      at commitHookPassiveMountEffects (node_modules/react-dom/cjs/react-dom-client.development.js:12028:11)
      at commitPassiveMountOnFiber (node_modules/react-dom/cjs/react-dom-client.development.js:13841:13)
      at recursivelyTraversePassiveMountEffects (node_modules/react-dom/cjs/react-dom-client.development.js:13815:11)
      at commitPassiveMountOnFiber (node_modules/react-dom/cjs/react-dom-client.development.js:13957:11)
      at recursivelyTraversePassiveMountEffects (node_modules/react-dom/cjs/react-dom-client.development.js:13815:11)
      at commitPassiveMountOnFiber (node_modules/react-dom/cjs/react-dom-client.development.js:13957:11)
      at recursivelyTraversePassiveMountEffects (node_modules/react-dom/cjs/react-dom-client.development.js:13815:11)
      at commitPassiveMountOnFiber (node_modules/react-dom/cjs/react-dom-client.development.js:13957:11)
      at recursivelyTraversePassiveMountEffects (node_modules/react-dom/cjs/react-dom-client.development.js:13815:11)
      at commitPassiveMountOnFiber (node_modules/react-dom/cjs/react-dom-client.development.js:13957:11)
      at recursivelyTraversePassiveMountEffects (node_modules/react-dom/cjs/react-dom-client.development.js:13815:11)
      at commitPassiveMountOnFiber (node_modules/react-dom/cjs/react-dom-client.development.js:13957:11)
      at recursivelyTraversePassiveMountEffects (node_modules/react-dom/cjs/react-dom-client.development.js:13815:11)
      at commitPassiveMountOnFiber (node_modules/react-dom/cjs/react-dom-client.development.js:13957:11)
      at recursivelyTraversePassiveMountEffects (node_modules/react-dom/cjs/react-dom-client.development.js:13815:11)
      at commitPassiveMountOnFiber (node_modules/react-dom/cjs/react-dom-client.development.js:13957:11)
      at recursivelyTraversePassiveMountEffects (node_modules/react-dom/cjs/react-dom-client.development.js:13815:11)
      at commitPassiveMountOnFiber (node_modules/react-dom/cjs/react-dom-client.development.js:13957:11)
      at recursivelyTraversePassiveMountEffects (node_modules/react-dom/cjs/react-dom-client.development.js:13815:11)
      at commitPassiveMountOnFiber (node_modules/react-dom/cjs/react-dom-client.development.js:13834:11)
      at recursivelyTraversePassiveMountEffects (node_modules/react-dom/cjs/react-dom-client.development.js:13815:11)
      at commitPassiveMountOnFiber (node_modules/react-dom/cjs/react-dom-client.development.js:13834:11)
      at recursivelyTraversePassiveMountEffects (node_modules/react-dom/cjs/react-dom-client.development.js:13815:11)
      at commitPassiveMountOnFiber (node_modules/react-dom/cjs/react-dom-client.development.js:13957:11)
      at recursivelyTraversePassiveMountEffects (node_modules/react-dom/cjs/react-dom-client.development.js:13815:11)
      at commitPassiveMountOnFiber (node_modules/react-dom/cjs/react-dom-client.development.js:13957:11)
      at recursivelyTraversePassiveMountEffects (node_modules/react-dom/cjs/react-dom-client.development.js:13815:11)
      at commitPassiveMountOnFiber (node_modules/react-dom/cjs/react-dom-client.development.js:13834:11)
      at recursivelyTraversePassiveMountEffects (node_modules/react-dom/cjs/react-dom-client.development.js:13815:11)
      at commitPassiveMountOnFiber (node_modules/react-dom/cjs/react-dom-client.development.js:13834:11)
      at recursivelyTraversePassiveMountEffects (node_modules/react-dom/cjs/react-dom-client.development.js:13815:11)
      at commitPassiveMountOnFiber (node_modules/react-dom/cjs/react-dom-client.development.js:13853:11)
      at flushPassiveEffects (node_modules/react-dom/cjs/react-dom-client.development.js:15737:9)
      at node_modules/react-dom/cjs/react-dom-client.development.js:15379:15
      at performWorkUntilDeadline (node_modules/scheduler/cjs/scheduler.development.js:45:48)
      at Timeout.task [as _onTimeout] (node_modules/jsdom/lib/jsdom/browser/Window.js:579:19)

  ● UserDashboard Component › direct booking modal opens and submits

    Unable to find an element with the text: /Donor5/i. This could be because the text is broken up by multiple elements. In this case, you can provide a function for your text matcher to make your matcher more flexible.

    Ignored nodes: comments, script, style
    [36m<body>[39m
      [36m<div />[39m
    [36m</body>[39m

    [0m [90m 439 |[39m     fireEvent[33m.[39mclick(screen[33m.[39mgetByRole([32m'button'[39m[33m,[39m { name[33m:[39m [35m/Search Donors/i[39m }))[33m;[39m
     [90m 440 |[39m
    [31m[1m>[22m[39m[90m 441 |[39m     [36mawait[39m waitFor(() [33m=>[39m {
     [90m     |[39m                  [31m[1m^[22m[39m
     [90m 442 |[39m       expect(screen[33m.[39mgetByText([35m/Donor5/i[39m))[33m.[39mtoBeInTheDocument()[33m;[39m
     [90m 443 |[39m     })[33m;[39m
     [90m 444 |[39m[0m

      at waitForWrapper (node_modules/@testing-library/dom/dist/wait-for.js:163:27)
      at src/Pages/__tests__/UserDashboard.test.jsx:441:18
      at Generator.call (src/Pages/__tests__/UserDashboard.test.jsx:2:1)
      at Generator._invoke [as next] (src/Pages/__tests__/UserDashboard.test.jsx:2:1)
      at asyncGeneratorStep (src/Pages/__tests__/UserDashboard.test.jsx:2:1)
      at asyncGeneratorStep (src/Pages/__tests__/UserDashboard.test.jsx:2:1)
      at _next (src/Pages/__tests__/UserDashboard.test.jsx:2:1)
      at Object.<anonymous> (src/Pages/__tests__/UserDashboard.test.jsx:2:1)

FAIL tests/donor-flow.test.js (16.264 s)
  ● Donor Complete Flow Tests › should successfully login as donor

    WebDriverError: unknown error: net::ERR_CONNECTION_REFUSED
      (Session info: chrome=143.0.7499.170)

      at Object.throwDecodedError (node_modules/selenium-webdriver/lib/error.js:523:15)
      at parseHttpResponse (node_modules/selenium-webdriver/lib/http.js:524:13)
      at Executor.execute (node_modules/selenium-webdriver/lib/http.js:456:28)
      at Driver.execute (node_modules/selenium-webdriver/lib/webdriver.js:745:17)

  ● Donor Complete Flow Tests › should navigate to donor registration page

    WebDriverError: unknown error: net::ERR_CONNECTION_REFUSED
      (Session info: chrome=143.0.7499.170)

      at Object.throwDecodedError (node_modules/selenium-webdriver/lib/error.js:523:15)
      at parseHttpResponse (node_modules/selenium-webdriver/lib/http.js:524:13)
      at Executor.execute (node_modules/selenium-webdriver/lib/http.js:456:28)
      at Driver.execute (node_modules/selenium-webdriver/lib/webdriver.js:745:17)

  ● Donor Complete Flow Tests › should load donor search page

    WebDriverError: unknown error: net::ERR_CONNECTION_REFUSED
      (Session info: chrome=143.0.7499.170)

      at Object.throwDecodedError (node_modules/selenium-webdriver/lib/error.js:523:15)
      at parseHttpResponse (node_modules/selenium-webdriver/lib/http.js:524:13)
      at Executor.execute (node_modules/selenium-webdriver/lib/http.js:456:28)
      at Driver.execute (node_modules/selenium-webdriver/lib/webdriver.js:745:17)

  ● Donor Complete Flow Tests › should validate blood group selection

    WebDriverError: unknown error: net::ERR_CONNECTION_REFUSED
      (Session info: chrome=143.0.7499.170)

      at Object.throwDecodedError (node_modules/selenium-webdriver/lib/error.js:523:15)
      at parseHttpResponse (node_modules/selenium-webdriver/lib/http.js:524:13)
      at Executor.execute (node_modules/selenium-webdriver/lib/http.js:456:28)
      at Driver.execute (node_modules/selenium-webdriver/lib/webdriver.js:745:17)

  ● Donor Complete Flow Tests › should validate required fields

    WebDriverError: unknown error: net::ERR_CONNECTION_REFUSED
      (Session info: chrome=143.0.7499.170)

      at Object.throwDecodedError (node_modules/selenium-webdriver/lib/error.js:523:15)
      at parseHttpResponse (node_modules/selenium-webdriver/lib/http.js:524:13)
      at Executor.execute (node_modules/selenium-webdriver/lib/http.js:456:28)
      at Driver.execute (node_modules/selenium-webdriver/lib/webdriver.js:745:17)

FAIL tests/bloodbank-flow.test.js (18.504 s)
  ● Blood Bank Complete Flow Tests › should load blood bank login page

    WebDriverError: unknown error: net::ERR_CONNECTION_REFUSED
      (Session info: chrome=143.0.7499.170)

      at Object.throwDecodedError (node_modules/selenium-webdriver/lib/error.js:523:15)
      at parseHttpResponse (node_modules/selenium-webdriver/lib/http.js:524:13)
      at Executor.execute (node_modules/selenium-webdriver/lib/http.js:456:28)
      at Driver.execute (node_modules/selenium-webdriver/lib/webdriver.js:745:17)

  ● Blood Bank Complete Flow Tests › should successfully login as blood bank

    WebDriverError: unknown error: net::ERR_CONNECTION_REFUSED
      (Session info: chrome=143.0.7499.170)

      at Object.throwDecodedError (node_modules/selenium-webdriver/lib/error.js:523:15)
      at parseHttpResponse (node_modules/selenium-webdriver/lib/http.js:524:13)
      at Executor.execute (node_modules/selenium-webdriver/lib/http.js:456:28)
      at Driver.execute (node_modules/selenium-webdriver/lib/webdriver.js:745:17)

  ● Blood Bank Complete Flow Tests › should load blood bank registration page

    WebDriverError: unknown error: net::ERR_CONNECTION_REFUSED
      (Session info: chrome=143.0.7499.170)

      at Object.throwDecodedError (node_modules/selenium-webdriver/lib/error.js:523:15)
      at parseHttpResponse (node_modules/selenium-webdriver/lib/http.js:524:13)
      at Executor.execute (node_modules/selenium-webdriver/lib/http.js:456:28)
      at Driver.execute (node_modules/selenium-webdriver/lib/webdriver.js:745:17)

  ● Blood Bank Complete Flow Tests › should validate blood bank registration fields

    WebDriverError: unknown error: net::ERR_CONNECTION_REFUSED
      (Session info: chrome=143.0.7499.170)

      at Object.throwDecodedError (node_modules/selenium-webdriver/lib/error.js:523:15)
      at parseHttpResponse (node_modules/selenium-webdriver/lib/http.js:524:13)
      at Executor.execute (node_modules/selenium-webdriver/lib/http.js:456:28)
      at Driver.execute (node_modules/selenium-webdriver/lib/webdriver.js:745:17)

  ● Blood Bank Complete Flow Tests › should navigate to blood bank dashboard

    WebDriverError: unknown error: net::ERR_CONNECTION_REFUSED
      (Session info: chrome=143.0.7499.170)

      at Object.throwDecodedError (node_modules/selenium-webdriver/lib/error.js:523:15)
      at parseHttpResponse (node_modules/selenium-webdriver/lib/http.js:524:13)
      at Executor.execute (node_modules/selenium-webdriver/lib/http.js:456:28)
      at Driver.execute (node_modules/selenium-webdriver/lib/webdriver.js:745:17)

FAIL tests/navigation.test.js (23.152 s)
  ● Navigation and UI Tests › should load landing page successfully

    WebDriverError: unknown error: net::ERR_CONNECTION_REFUSED
      (Session info: chrome=143.0.7499.170)

      at Object.throwDecodedError (node_modules/selenium-webdriver/lib/error.js:523:15)
      at parseHttpResponse (node_modules/selenium-webdriver/lib/http.js:524:13)
      at Executor.execute (node_modules/selenium-webdriver/lib/http.js:456:28)
      at Driver.execute (node_modules/selenium-webdriver/lib/webdriver.js:745:17)

  ● Navigation and UI Tests › should navigate from home to login

    WebDriverError: unknown error: net::ERR_CONNECTION_REFUSED
      (Session info: chrome=143.0.7499.170)

      at Object.throwDecodedError (node_modules/selenium-webdriver/lib/error.js:523:15)
      at parseHttpResponse (node_modules/selenium-webdriver/lib/http.js:524:13)
      at Executor.execute (node_modules/selenium-webdriver/lib/http.js:456:28)
      at Driver.execute (node_modules/selenium-webdriver/lib/webdriver.js:745:17)

  ● Navigation and UI Tests › should navigate from home to register

    WebDriverError: unknown error: net::ERR_CONNECTION_REFUSED
      (Session info: chrome=143.0.7499.170)

      at Object.throwDecodedError (node_modules/selenium-webdriver/lib/error.js:523:15)
      at parseHttpResponse (node_modules/selenium-webdriver/lib/http.js:524:13)
      at Executor.execute (node_modules/selenium-webdriver/lib/http.js:456:28)
      at Driver.execute (node_modules/selenium-webdriver/lib/webdriver.js:745:17)

  ● Navigation and UI Tests › should load donor search page

    WebDriverError: unknown error: net::ERR_CONNECTION_REFUSED
      (Session info: chrome=143.0.7499.170)

      at Object.throwDecodedError (node_modules/selenium-webdriver/lib/error.js:523:15)
      at parseHttpResponse (node_modules/selenium-webdriver/lib/http.js:524:13)
      at Executor.execute (node_modules/selenium-webdriver/lib/http.js:456:28)
      at Driver.execute (node_modules/selenium-webdriver/lib/webdriver.js:745:17)

  ● Navigation and UI Tests › should handle 404 pages gracefully

    WebDriverError: unknown error: net::ERR_CONNECTION_REFUSED
      (Session info: chrome=143.0.7499.170)

      at Object.throwDecodedError (node_modules/selenium-webdriver/lib/error.js:523:15)
      at parseHttpResponse (node_modules/selenium-webdriver/lib/http.js:524:13)
      at Executor.execute (node_modules/selenium-webdriver/lib/http.js:456:28)
      at Driver.execute (node_modules/selenium-webdriver/lib/webdriver.js:745:17)

  ● Navigation and UI Tests › should have responsive navigation menu

    WebDriverError: unknown error: net::ERR_CONNECTION_REFUSED
      (Session info: chrome=143.0.7499.170)

      at Object.throwDecodedError (node_modules/selenium-webdriver/lib/error.js:523:15)
      at parseHttpResponse (node_modules/selenium-webdriver/lib/http.js:524:13)
      at Executor.execute (node_modules/selenium-webdriver/lib/http.js:456:28)
      at Driver.execute (node_modules/selenium-webdriver/lib/webdriver.js:745:17)

  ● Navigation and UI Tests › should have footer elements

    WebDriverError: unknown error: net::ERR_CONNECTION_REFUSED
      (Session info: chrome=143.0.7499.170)

      at Object.throwDecodedError (node_modules/selenium-webdriver/lib/error.js:523:15)
      at parseHttpResponse (node_modules/selenium-webdriver/lib/http.js:524:13)
      at Executor.execute (node_modules/selenium-webdriver/lib/http.js:456:28)
      at Driver.execute (node_modules/selenium-webdriver/lib/webdriver.js:745:17)

FAIL tests/login-with-screenshots.test.js (29.235 s)
  ● Login Functionality Tests - WITH SCREENSHOTS › 01-should-load-login-page-successfully

    WebDriverError: unknown error: net::ERR_CONNECTION_REFUSED
      (Session info: chrome=143.0.7499.170)

      at Object.throwDecodedError (node_modules/selenium-webdriver/lib/error.js:523:15)
      at parseHttpResponse (node_modules/selenium-webdriver/lib/http.js:524:13)
      at Executor.execute (node_modules/selenium-webdriver/lib/http.js:456:28)
      at Driver.execute (node_modules/selenium-webdriver/lib/webdriver.js:745:17)

  ● Login Functionality Tests - WITH SCREENSHOTS › 02-should-show-all-form-elements

    WebDriverError: unknown error: net::ERR_CONNECTION_REFUSED
      (Session info: chrome=143.0.7499.170)

      at Object.throwDecodedError (node_modules/selenium-webdriver/lib/error.js:523:15)
      at parseHttpResponse (node_modules/selenium-webdriver/lib/http.js:524:13)
      at Executor.execute (node_modules/selenium-webdriver/lib/http.js:456:28)
      at Driver.execute (node_modules/selenium-webdriver/lib/webdriver.js:745:17)

  ● Login Functionality Tests - WITH SCREENSHOTS › 03-should-show-error-for-invalid-credentials

    WebDriverError: unknown error: net::ERR_CONNECTION_REFUSED
      (Session info: chrome=143.0.7499.170)

      at Object.throwDecodedError (node_modules/selenium-webdriver/lib/error.js:523:15)
      at parseHttpResponse (node_modules/selenium-webdriver/lib/http.js:524:13)
      at Executor.execute (node_modules/selenium-webdriver/lib/http.js:456:28)
      at Driver.execute (node_modules/selenium-webdriver/lib/webdriver.js:745:17)

  ● Login Functionality Tests - WITH SCREENSHOTS › 04-should-show-firebase-login-option

    WebDriverError: unknown error: net::ERR_CONNECTION_REFUSED
      (Session info: chrome=143.0.7499.170)

      at Object.throwDecodedError (node_modules/selenium-webdriver/lib/error.js:523:15)
      at parseHttpResponse (node_modules/selenium-webdriver/lib/http.js:524:13)
      at Executor.execute (node_modules/selenium-webdriver/lib/http.js:456:28)
      at Driver.execute (node_modules/selenium-webdriver/lib/webdriver.js:745:17)

  ● Login Functionality Tests - WITH SCREENSHOTS › 05-should-show-forgot-password-functionality

    WebDriverError: unknown error: net::ERR_CONNECTION_REFUSED
      (Session info: chrome=143.0.7499.170)

      at Object.throwDecodedError (node_modules/selenium-webdriver/lib/error.js:523:15)
      at parseHttpResponse (node_modules/selenium-webdriver/lib/http.js:524:13)
      at Executor.execute (node_modules/selenium-webdriver/lib/http.js:456:28)
      at Driver.execute (node_modules/selenium-webdriver/lib/webdriver.js:745:17)

  ● Login Functionality Tests - WITH SCREENSHOTS › 06-should-navigate-successfully

    WebDriverError: unknown error: net::ERR_CONNECTION_REFUSED
      (Session info: chrome=143.0.7499.170)

      at Object.throwDecodedError (node_modules/selenium-webdriver/lib/error.js:523:15)
      at parseHttpResponse (node_modules/selenium-webdriver/lib/http.js:524:13)
      at Executor.execute (node_modules/selenium-webdriver/lib/http.js:456:28)
      at Driver.execute (node_modules/selenium-webdriver/lib/webdriver.js:745:17)

  ● Login Functionality Tests - WITH SCREENSHOTS › 07-should-test-successful-login

    WebDriverError: unknown error: net::ERR_CONNECTION_REFUSED
      (Session info: chrome=143.0.7499.170)

      at Object.throwDecodedError (node_modules/selenium-webdriver/lib/error.js:523:15)
      at parseHttpResponse (node_modules/selenium-webdriver/lib/http.js:524:13)
      at Executor.execute (node_modules/selenium-webdriver/lib/http.js:456:28)
      at Driver.execute (node_modules/selenium-webdriver/lib/webdriver.js:745:17)

FAIL tests/login-cli-output.test.js (29.361 s)
  ● Login Functionality Tests - CLI OUTPUT › TEST 1: Load Login Page Successfully

    WebDriverError: unknown error: net::ERR_CONNECTION_REFUSED
      (Session info: chrome=143.0.7499.170)

      at Object.throwDecodedError (node_modules/selenium-webdriver/lib/error.js:523:15)
      at parseHttpResponse (node_modules/selenium-webdriver/lib/http.js:524:13)
      at Executor.execute (node_modules/selenium-webdriver/lib/http.js:456:28)
      at Driver.execute (node_modules/selenium-webdriver/lib/webdriver.js:745:17)

  ● Login Functionality Tests - CLI OUTPUT › TEST 2: Show Error for Invalid Credentials

    WebDriverError: unknown error: net::ERR_CONNECTION_REFUSED
      (Session info: chrome=143.0.7499.170)

      at Object.throwDecodedError (node_modules/selenium-webdriver/lib/error.js:523:15)
      at parseHttpResponse (node_modules/selenium-webdriver/lib/http.js:524:13)
      at Executor.execute (node_modules/selenium-webdriver/lib/http.js:456:28)
      at Driver.execute (node_modules/selenium-webdriver/lib/webdriver.js:745:17)

  ● Login Functionality Tests - CLI OUTPUT › TEST 3: Validate Empty Fields

    WebDriverError: unknown error: net::ERR_CONNECTION_REFUSED
      (Session info: chrome=143.0.7499.170)

      at Object.throwDecodedError (node_modules/selenium-webdriver/lib/error.js:523:15)
      at parseHttpResponse (node_modules/selenium-webdriver/lib/http.js:524:13)
      at Executor.execute (node_modules/selenium-webdriver/lib/http.js:456:28)
      at Driver.execute (node_modules/selenium-webdriver/lib/webdriver.js:745:17)

  ● Login Functionality Tests - CLI OUTPUT › TEST 4: Show Firebase Login Option

    WebDriverError: unknown error: net::ERR_CONNECTION_REFUSED
      (Session info: chrome=143.0.7499.170)

      at Object.throwDecodedError (node_modules/selenium-webdriver/lib/error.js:523:15)
      at parseHttpResponse (node_modules/selenium-webdriver/lib/http.js:524:13)
      at Executor.execute (node_modules/selenium-webdriver/lib/http.js:456:28)
      at Driver.execute (node_modules/selenium-webdriver/lib/webdriver.js:745:17)

  ● Login Functionality Tests - CLI OUTPUT › TEST 5: Navigate to Forgot Password

    WebDriverError: unknown error: net::ERR_CONNECTION_REFUSED
      (Session info: chrome=143.0.7499.170)

      at Object.throwDecodedError (node_modules/selenium-webdriver/lib/error.js:523:15)
      at parseHttpResponse (node_modules/selenium-webdriver/lib/http.js:524:13)
      at Executor.execute (node_modules/selenium-webdriver/lib/http.js:456:28)
      at Driver.execute (node_modules/selenium-webdriver/lib/webdriver.js:745:17)

  ● Login Functionality Tests - CLI OUTPUT › TEST 6: Verify Form Attributes

    WebDriverError: unknown error: net::ERR_CONNECTION_REFUSED
      (Session info: chrome=143.0.7499.170)

      at Object.throwDecodedError (node_modules/selenium-webdriver/lib/error.js:523:15)
      at parseHttpResponse (node_modules/selenium-webdriver/lib/http.js:524:13)
      at Executor.execute (node_modules/selenium-webdriver/lib/http.js:456:28)
      at Driver.execute (node_modules/selenium-webdriver/lib/webdriver.js:745:17)

  ● Login Functionality Tests - CLI OUTPUT › TEST 7: Verify Back to Home Link

    WebDriverError: unknown error: net::ERR_CONNECTION_REFUSED
      (Session info: chrome=143.0.7499.170)

      at Object.throwDecodedError (node_modules/selenium-webdriver/lib/error.js:523:15)
      at parseHttpResponse (node_modules/selenium-webdriver/lib/http.js:524:13)
      at Executor.execute (node_modules/selenium-webdriver/lib/http.js:456:28)
      at Driver.execute (node_modules/selenium-webdriver/lib/webdriver.js:745:17)

  ● Login Functionality Tests - CLI OUTPUT › TEST 8: Successful Login Flow

    WebDriverError: unknown error: net::ERR_CONNECTION_REFUSED
      (Session info: chrome=143.0.7499.170)

      at Object.throwDecodedError (node_modules/selenium-webdriver/lib/error.js:523:15)
      at parseHttpResponse (node_modules/selenium-webdriver/lib/http.js:524:13)
      at Executor.execute (node_modules/selenium-webdriver/lib/http.js:456:28)
      at Driver.execute (node_modules/selenium-webdriver/lib/webdriver.js:745:17)

FAIL tests/login.test.js (31.62 s)
  ● Login Functionality Tests › should load login page successfully

    WebDriverError: unknown error: net::ERR_CONNECTION_REFUSED
      (Session info: chrome=143.0.7499.170)

      at Object.throwDecodedError (node_modules/selenium-webdriver/lib/error.js:523:15)
      at parseHttpResponse (node_modules/selenium-webdriver/lib/http.js:524:13)
      at Executor.execute (node_modules/selenium-webdriver/lib/http.js:456:28)
      at Driver.execute (node_modules/selenium-webdriver/lib/webdriver.js:745:17)

  ● Login Functionality Tests › should show error for invalid credentials

    WebDriverError: unknown error: net::ERR_CONNECTION_REFUSED
      (Session info: chrome=143.0.7499.170)

      at Object.throwDecodedError (node_modules/selenium-webdriver/lib/error.js:523:15)
      at parseHttpResponse (node_modules/selenium-webdriver/lib/http.js:524:13)
      at Executor.execute (node_modules/selenium-webdriver/lib/http.js:456:28)
      at Driver.execute (node_modules/selenium-webdriver/lib/webdriver.js:745:17)

  ● Login Functionality Tests › should show validation error for empty fields

    WebDriverError: unknown error: net::ERR_CONNECTION_REFUSED
      (Session info: chrome=143.0.7499.170)

      at Object.throwDecodedError (node_modules/selenium-webdriver/lib/error.js:523:15)
      at parseHttpResponse (node_modules/selenium-webdriver/lib/http.js:524:13)
      at Executor.execute (node_modules/selenium-webdriver/lib/http.js:456:28)
      at Driver.execute (node_modules/selenium-webdriver/lib/webdriver.js:745:17)

  ● Login Functionality Tests › should navigate to forgot password section

    WebDriverError: unknown error: net::ERR_CONNECTION_REFUSED
      (Session info: chrome=143.0.7499.170)

      at Object.throwDecodedError (node_modules/selenium-webdriver/lib/error.js:523:15)
      at parseHttpResponse (node_modules/selenium-webdriver/lib/http.js:524:13)
      at Executor.execute (node_modules/selenium-webdriver/lib/http.js:456:28)
      at Driver.execute (node_modules/selenium-webdriver/lib/webdriver.js:745:17)

  ● Login Functionality Tests › should show Firebase login option

    WebDriverError: unknown error: net::ERR_CONNECTION_REFUSED
      (Session info: chrome=143.0.7499.170)

      at Object.throwDecodedError (node_modules/selenium-webdriver/lib/error.js:523:15)
      at parseHttpResponse (node_modules/selenium-webdriver/lib/http.js:524:13)
      at Executor.execute (node_modules/selenium-webdriver/lib/http.js:456:28)
      at Driver.execute (node_modules/selenium-webdriver/lib/webdriver.js:745:17)

  ● Login Functionality Tests › should have proper form attributes

    WebDriverError: unknown error: net::ERR_CONNECTION_REFUSED
      (Session info: chrome=143.0.7499.170)

      at Object.throwDecodedError (node_modules/selenium-webdriver/lib/error.js:523:15)
      at parseHttpResponse (node_modules/selenium-webdriver/lib/http.js:524:13)
      at Executor.execute (node_modules/selenium-webdriver/lib/http.js:456:28)
      at Driver.execute (node_modules/selenium-webdriver/lib/webdriver.js:745:17)

  ● Login Functionality Tests › should display progress bar correctly

    WebDriverError: unknown error: net::ERR_CONNECTION_REFUSED
      (Session info: chrome=143.0.7499.170)

      at Object.throwDecodedError (node_modules/selenium-webdriver/lib/error.js:523:15)
      at parseHttpResponse (node_modules/selenium-webdriver/lib/http.js:524:13)
      at Executor.execute (node_modules/selenium-webdriver/lib/http.js:456:28)
      at Driver.execute (node_modules/selenium-webdriver/lib/webdriver.js:745:17)

  ● Login Functionality Tests › should have back to home link

    WebDriverError: unknown error: net::ERR_CONNECTION_REFUSED
      (Session info: chrome=143.0.7499.170)

      at Object.throwDecodedError (node_modules/selenium-webdriver/lib/error.js:523:15)
      at parseHttpResponse (node_modules/selenium-webdriver/lib/http.js:524:13)
      at Executor.execute (node_modules/selenium-webdriver/lib/http.js:456:28)
      at Driver.execute (node_modules/selenium-webdriver/lib/webdriver.js:745:17)

  ● Login Functionality Tests › should successfully login with jeevan@gmail.com

    WebDriverError: unknown error: net::ERR_CONNECTION_REFUSED
      (Session info: chrome=143.0.7499.170)

      at Object.throwDecodedError (node_modules/selenium-webdriver/lib/error.js:523:15)
      at parseHttpResponse (node_modules/selenium-webdriver/lib/http.js:524:13)
      at Executor.execute (node_modules/selenium-webdriver/lib/http.js:456:28)
      at Driver.execute (node_modules/selenium-webdriver/lib/webdriver.js:745:17)


Test Suites: 21 failed, 21 total
Tests:       60 failed, 2 passed, 62 total
Snapshots:   0 total
Time:        33.637 s
Ran all test suites.
